Component: ARM Compiler 6.16 Tool: armlink [5dfeaa00]

==============================================================================

Section Cross References

    startup_stm32f429xx.o(RESET) refers to startup_stm32f429xx.o(STACK) for __initial_sp
    startup_stm32f429xx.o(RESET) refers to startup_stm32f429xx.o(.text) for Reset_Handler
    startup_stm32f429xx.o(RESET) refers to stm32f4xx_it.o(.text.NMI_Handler) for NMI_Handler
    startup_stm32f429xx.o(RESET) refers to stm32f4xx_it.o(.text.HardFault_Handler) for HardFault_Handler
    startup_stm32f429xx.o(RESET) refers to stm32f4xx_it.o(.text.MemManage_Handler) for MemManage_Handler
    startup_stm32f429xx.o(RESET) refers to stm32f4xx_it.o(.text.BusFault_Handler) for BusFault_Handler
    startup_stm32f429xx.o(RESET) refers to stm32f4xx_it.o(.text.UsageFault_Handler) for UsageFault_Handler
    startup_stm32f429xx.o(RESET) refers to stm32f4xx_it.o(.text.SVC_Handler) for SVC_Handler
    startup_stm32f429xx.o(RESET) refers to stm32f4xx_it.o(.text.DebugMon_Handler) for DebugMon_Handler
    startup_stm32f429xx.o(RESET) refers to stm32f4xx_it.o(.text.PendSV_Handler) for PendSV_Handler
    startup_stm32f429xx.o(RESET) refers to stm32f4xx_it.o(.text.SysTick_Handler) for SysTick_Handler
    startup_stm32f429xx.o(.text) refers to system_stm32f4xx.o(.text.SystemInit) for SystemInit
    startup_stm32f429xx.o(.text) refers to entry.o(.ARM.Collect$$$$00000000) for __main
    network_1654513533255.o(.text.ai_network_1654513533255_get_info) refers to ai_platform_interface.o(i.ai_platform_context_acquire) for ai_platform_context_acquire
    network_1654513533255.o(.text.ai_network_1654513533255_get_info) refers to network_1654513533255.o(.rodata.str1.1) for .L.str
    network_1654513533255.o(.text.ai_network_1654513533255_get_info) refers to ai_platform_interface.o(i.ai_platform_runtime_get_revision) for ai_platform_runtime_get_revision
    network_1654513533255.o(.text.ai_network_1654513533255_get_info) refers to ai_platform_interface.o(i.ai_platform_runtime_get_version) for ai_platform_runtime_get_version
    network_1654513533255.o(.text.ai_network_1654513533255_get_info) refers to ai_platform_interface.o(i.ai_platform_api_get_version) for ai_platform_api_get_version
    network_1654513533255.o(.text.ai_network_1654513533255_get_info) refers to ai_platform_interface.o(i.ai_platform_interface_api_get_version) for ai_platform_interface_api_get_version
    network_1654513533255.o(.text.ai_network_1654513533255_get_info) refers to memseta.o(.text) for __aeabi_memclr4
    network_1654513533255.o(.text.ai_network_1654513533255_get_info) refers to ai_platform_interface.o(i.ai_platform_api_get_network_report) for ai_platform_api_get_network_report
    network_1654513533255.o(.text.ai_network_1654513533255_get_info) refers to memcpya.o(.text) for __aeabi_memcpy4
    network_1654513533255.o(.ARM.exidx.text.ai_network_1654513533255_get_info) refers to network_1654513533255.o(.text.ai_network_1654513533255_get_info) for [Anonymous Symbol]
    network_1654513533255.o(.text.ai_network_1654513533255_get_report) refers to ai_platform_interface.o(i.ai_platform_context_acquire) for ai_platform_context_acquire
    network_1654513533255.o(.text.ai_network_1654513533255_get_report) refers to network_1654513533255.o(.rodata.str1.1) for .L.str
    network_1654513533255.o(.text.ai_network_1654513533255_get_report) refers to ai_platform_interface.o(i.ai_platform_runtime_get_revision) for ai_platform_runtime_get_revision
    network_1654513533255.o(.text.ai_network_1654513533255_get_report) refers to ai_platform_interface.o(i.ai_platform_runtime_get_version) for ai_platform_runtime_get_version
    network_1654513533255.o(.text.ai_network_1654513533255_get_report) refers to ai_platform_interface.o(i.ai_platform_api_get_version) for ai_platform_api_get_version
    network_1654513533255.o(.text.ai_network_1654513533255_get_report) refers to ai_platform_interface.o(i.ai_platform_interface_api_get_version) for ai_platform_interface_api_get_version
    network_1654513533255.o(.text.ai_network_1654513533255_get_report) refers to memseta.o(.text) for __aeabi_memclr4
    network_1654513533255.o(.text.ai_network_1654513533255_get_report) refers to ai_platform_interface.o(i.ai_platform_api_get_network_report) for ai_platform_api_get_network_report
    network_1654513533255.o(.text.ai_network_1654513533255_get_report) refers to memcpya.o(.text) for __aeabi_memcpy4
    network_1654513533255.o(.ARM.exidx.text.ai_network_1654513533255_get_report) refers to network_1654513533255.o(.text.ai_network_1654513533255_get_report) for [Anonymous Symbol]
    network_1654513533255.o(.text.ai_network_1654513533255_get_error) refers to ai_platform_interface.o(i.ai_platform_network_get_error) for ai_platform_network_get_error
    network_1654513533255.o(.ARM.exidx.text.ai_network_1654513533255_get_error) refers to network_1654513533255.o(.text.ai_network_1654513533255_get_error) for [Anonymous Symbol]
[...]
    aiValidationProcess                      0x080029a9   Thumb Code   132  aivalidation.o(.text.aiValidationProcess)
    ai_mnetwork_create                       0x08002ab5   Thumb Code   126  app_x-cube-ai.o(.text.ai_mnetwork_create)
    ai_mnetwork_destroy                      0x08002b35   Thumb Code    38  app_x-cube-ai.o(.text.ai_mnetwork_destroy)
    ai_mnetwork_find                         0x08002b5d   Thumb Code    30  app_x-cube-ai.o(.text.ai_mnetwork_find)
    ai_mnetwork_get_error                    0x08002b7d   Thumb Code    36  app_x-cube-ai.o(.text.ai_mnetwork_get_error)
    ai_mnetwork_get_ext_data_activations     0x08002ba1   Thumb Code    46  app_x-cube-ai.o(.text.ai_mnetwork_get_ext_data_activations)
    ai_mnetwork_get_info                     0x08002bd1   Thumb Code    26  app_x-cube-ai.o(.text.ai_mnetwork_get_info)
    ai_mnetwork_get_private_handle           0x08002bed   Thumb Code    88  app_x-cube-ai.o(.text.ai_mnetwork_get_private_handle)
    ai_mnetwork_init                         0x08002c61   Thumb Code   152  app_x-cube-ai.o(.text.ai_mnetwork_init)
    ai_mnetwork_run                          0x08002d35   Thumb Code    30  app_x-cube-ai.o(.text.ai_mnetwork_run)
    ai_network_1654513533255_create          0x08002d55   Thumb Code    34  network_1654513533255.o(.text.ai_network_1654513533255_create)
    ai_network_1654513533255_data_weights_get 0x08002d79   Thumb Code    10  network_1654513533255_data.o(.text.ai_network_1654513533255_data_weights_get)
    ai_network_1654513533255_destroy         0x08002d85   Thumb Code     8  network_1654513533255.o(.text.ai_network_1654513533255_destroy)
    ai_network_1654513533255_forward         0x08002d8d   Thumb Code    10  network_1654513533255.o(.text.ai_network_1654513533255_forward)
    ai_network_1654513533255_get_error       0x08002d99   Thumb Code     8  network_1654513533255.o(.text.ai_network_1654513533255_get_error)
    ai_network_1654513533255_get_info        0x08002da1   Thumb Code   166  network_1654513533255.o(.text.ai_network_1654513533255_get_info)
    ai_network_1654513533255_init            0x08002e49   Thumb Code    44  network_1654513533255.o(.text.ai_network_1654513533255_init)
    ai_network_1654513533255_run             0x08002e75   Thumb Code     8  network_1654513533255.o(.text.ai_network_1654513533255_run)
    dwtCyclesToFloatMs                       0x08003481   Thumb Code    56  aitestutility.o(.text.dwtCyclesToFloatMs)
    dwtCyclesToTime                          0x080034b9   Thumb Code   138  aitestutility.o(.text.dwtCyclesToTime)
    dwtIpInit                                0x0800355d   Thumb Code    42  aitestutility.o(.text.dwtIpInit)
    fputc                                    0x08003931   Thumb Code    44  aitestutility.o(.text.fputc)
    getFlashCacheConf                        0x0800395d   Thumb Code    12  aitestutility.o(.text.getFlashCacheConf)
    ioRawDisableLLWrite                      0x080039a1   Thumb Code    14  aitestutility.o(.text.ioRawDisableLLWrite)
    ioRawReadBuffer                          0x080039b1   Thumb Code    32  aitestutility.o(.text.ioRawReadBuffer)
    ioRawWriteBuffer                         0x080039d1   Thumb Code    32  aitestutility.o(.text.ioRawWriteBuffer)
    main                                     0x08003a21   Thumb Code    26  main.o(.text.main)
    pb_close_string_substream                0x08003d3d   Thumb Code    36  pb_decode.o(.text.pb_close_string_substream)
    pb_decode                                0x080040ed   Thumb Code    28  pb_decode.o(.text.pb_decode)
    pb_decode_delimited                      0x08004109   Thumb Code    52  pb_decode.o(.text.pb_decode_delimited)
    pb_decode_fixed32                        0x0800413d   Thumb Code    26  pb_decode.o(.text.pb_decode_fixed32)
    pb_decode_fixed64                        0x08004159   Thumb Code    28  pb_decode.o(.text.pb_decode_fixed64)
    pb_decode_noinit                         0x08004175   Thumb Code   552  pb_decode.o(.text.pb_decode_noinit)
    pb_decode_svarint                        0x0800439d   Thumb Code    44  pb_decode.o(.text.pb_decode_svarint)
    pb_decode_tag                            0x080043c9   Thumb Code    58  pb_decode.o(.text.pb_decode_tag)
    pb_decode_varint                         0x08004405   Thumb Code   118  pb_decode.o(.text.pb_decode_varint)
    pb_decode_varint32                       0x0800447d   Thumb Code    10  pb_decode.o(.text.pb_decode_varint32)
    pb_encode                                0x08004725   Thumb Code    72  pb_encode.o(.text.pb_encode)
    pb_encode_fixed32                        0x0800476d   Thumb Code    20  pb_encode.o(.text.pb_encode_fixed32)
    pb_encode_fixed64                        0x08004781   Thumb Code    68  pb_encode.o(.text.pb_encode_fixed64)
    pb_encode_string                         0x080047c5   Thumb Code    38  pb_encode.o(.text.pb_encode_string)
    pb_encode_submessage                     0x080047ed   Thumb Code   176  pb_encode.o(.text.pb_encode_submessage)
    pb_encode_svarint                        0x080048b1   Thumb Code    24  pb_encode.o(.text.pb_encode_svarint)
    pb_encode_tag                            0x080048c9   Thumb Code    14  pb_encode.o(.text.pb_encode_tag)
    pb_encode_tag_for_field                  0x080048d9   Thumb Code    78  pb_encode.o(.text.pb_encode_tag_for_field)
    pb_encode_varint                         0x08004929   Thumb Code    98  pb_encode.o(.text.pb_encode_varint)
    pb_field_iter_begin                      0x0800498d   Thumb Code    40  pb_common.o(.text.pb_field_iter_begin)
    pb_field_iter_find                       0x080049b5   Thumb Code    50  pb_common.o(.text.pb_field_iter_find)
    pb_field_iter_next                       0x080049e9   Thumb Code   140  pb_common.o(.text.pb_field_iter_next)
    pb_io_flush_istream                      0x08004b35   Thumb Code    26  aipbio.o(.text.pb_io_flush_istream)
    pb_io_flush_ostream                      0x08004b51   Thumb Code    28  aipbio.o(.text.pb_io_flush_ostream)
    pb_io_istream                            0x08004b6d   Thumb Code    26  aipbio.o(.text.pb_io_istream)
    pb_io_ostream                            0x08004b89   Thumb Code    26  aipbio.o(.text.pb_io_ostream)
    pb_io_stream_init                        0x08004ba5   Thumb Code    10  aipbio.o(.text.pb_io_stream_init)
    pb_istream_from_buffer                   0x08004bb1   Thumb Code    22  pb_decode.o(.text.pb_istream_from_buffer)
    pb_make_string_substream                 0x08004bc9   Thumb Code    68  pb_decode.o(.text.pb_make_string_substream)
    pb_read                                  0x08004c4d   Thumb Code   128  pb_decode.o(.text.pb_read)
    pb_skip_field                            0x08004d0d   Thumb Code    70  pb_decode.o(.text.pb_skip_field)
    pb_write                                 0x08004d9d   Thumb Code    68  pb_encode.o(.text.pb_write)
    systemCoreClock                          0x08004f45   Thumb Code     8  aitestutility.o(.text.systemCoreClock)
    systemSettingLog                         0x08004f4d   Thumb Code   312  aitestutility.o(.text.systemSettingLog)
    __0printf                                0x080051f5   Thumb Code    22  printfa.o(i.__0printf)
    __1printf                                0x080051f5   Thumb Code     0  printfa.o(i.__0printf)
    __2printf                                0x080051f5   Thumb Code     0  printfa.o(i.__0printf)
    __c89printf                              0x080051f5   Thumb Code     0  printfa.o(i.__0printf)
    printf                                   0x080051f5   Thumb Code     0  printfa.o(i.__0printf)
    __ARM_fpclassifyf                        0x08005215   Thumb Code    38  fpclassifyf.o(i.__ARM_fpclassifyf)
    free                                     0x08005335   Thumb Code    88  mallocr.o(i.__free$realloc)
    __hardfp_expf                            0x08005391   Thumb Code   430  expf.o(i.__hardfp_expf)
    __mathlib_expf                           0x08005391   Thumb Code     0  expf.o(i.__hardfp_expf)
    malloc                                   0x0800557d   Thumb Code    64  mallocr.o(i.__malloc$realloc)
    __mathlib_flt_infnan                     0x080055cd   Thumb Code     6  funder.o(i.__mathlib_flt_infnan)
    __mathlib_flt_overflow                   0x080055d5   Thumb Code    10  funder.o(i.__mathlib_flt_overflow)
    __mathlib_flt_underflow                  0x080055e5   Thumb Code    10  funder.o(i.__mathlib_flt_underflow)
    __scatterload_copy                       0x080055f5   Thumb Code    14  handlers.o(i.__scatterload_copy)
    __scatterload_null                       0x08005603   Thumb Code     2  handlers.o(i.__scatterload_null)
    __scatterload_zeroinit                   0x08005605   Thumb Code    14  handlers.o(i.__scatterload_zeroinit)
    __set_errno                              0x08005615   Thumb Code     6  errno.o(i.__set_errno)
    _ai_platform_acquire_crc                 0x08005633   Thumb Code     4  ai_platform_interface.o(i._ai_platform_acquire_crc)
    _ai_platform_release_crc                 0x080056e1   Thumb Code     2  ai_platform_interface.o(i._ai_platform_release_crc)
    ai_array_get_byte_size                   0x0800641b   Thumb Code    62  ai_datatypes_format.o(i.ai_array_get_byte_size)
    ai_array_to_buffer_fmt                   0x08006459   Thumb Code   222  ai_datatypes_format.o(i.ai_array_to_buffer_fmt)
    ai_check_custom_types                    0x0800656d   Thumb Code    38  layers.o(i.ai_check_custom_types)
    ai_dict4_dot_array_f32                   0x08006c09   Thumb Code   294  layers_conv2d_generic_float.o(i.ai_dict4_dot_array_f32)
    ai_dict8_dot_array_f32                   0x08006d35   Thumb Code   228  layers_conv2d_generic_float.o(i.ai_dict8_dot_array_f32)
    ai_dict_decompress_f32                   0x08006e1d   Thumb Code   122  layers_conv2d_generic_float.o(i.ai_dict_decompress_f32)
    ai_layers_destroy_all                    0x08006e97   Thumb Code    54  layers.o(i.ai_layers_destroy_all)
    ai_layers_forward_all                    0x08006ecd   Thumb Code    78  layers.o(i.ai_layers_forward_all)
    ai_layers_init_all                       0x08006f1b   Thumb Code    30  layers.o(i.ai_layers_init_all)
    ai_layers_post_init_all                  0x08006f39   Thumb Code    54  layers.o(i.ai_layers_post_init_all)
    ai_platform_api_get_network_report       0x08006f71   Thumb Code   282  ai_platform_interface.o(i.ai_platform_api_get_network_report)
    ai_platform_api_get_version              0x08007095   Thumb Code    14  ai_platform_interface.o(i.ai_platform_api_get_version)
    ai_platform_context_acquire              0x080070a9   Thumb Code    24  ai_platform_interface.o(i.ai_platform_context_acquire)
    ai_platform_get_activations_map          0x080070c5   Thumb Code    16  ai_platform_interface.o(i.ai_platform_get_activations_map)
    ai_platform_get_weights_map              0x080070d5   Thumb Code    14  ai_platform_interface.o(i.ai_platform_get_weights_map)
    ai_platform_interface_api_get_version    0x080070e5   Thumb Code    14  ai_platform_interface.o(i.ai_platform_interface_api_get_version)
    ai_platform_network_create               0x080070f9   Thumb Code   216  ai_platform_interface.o(i.ai_platform_network_create)
    ai_platform_network_destroy              0x080071e9   Thumb Code    22  ai_platform_interface.o(i.ai_platform_network_destroy)
    ai_platform_network_get_error            0x08007201   Thumb Code    24  ai_platform_interface.o(i.ai_platform_network_get_error)
    ai_platform_network_init                 0x0800721d   Thumb Code   180  ai_platform_interface.o(i.ai_platform_network_init)
    ai_platform_network_post_init            0x080072d9   Thumb Code    70  ai_platform_interface.o(i.ai_platform_network_post_init)
    ai_platform_network_process              0x0800731f   Thumb Code    84  ai_platform_interface.o(i.ai_platform_network_process)
    ai_platform_network_set_error            0x08007373   Thumb Code    12  ai_platform_interface.o(i.ai_platform_network_set_error)
    ai_platform_observer_register_s          0x08007381   Thumb Code    80  ai_platform_interface.o(i.ai_platform_observer_register_s)
    ai_platform_observer_unregister_s        0x080073d5   Thumb Code    34  ai_platform_interface.o(i.ai_platform_observer_unregister_s)
    ai_platform_runtime_get_revision         0x080073f9   Thumb Code    10  ai_platform_interface.o(i.ai_platform_runtime_get_revision)
    ai_platform_runtime_get_version          0x08007409   Thumb Code    14  ai_platform_interface.o(i.ai_platform_runtime_get_version)
    core_get_error                           0x08007437   Thumb Code    12  core_common.o(i.core_get_error)
    core_init                                0x08007443   Thumb Code     4  core_common.o(i.core_init)
    core_set_error                           0x08007479   Thumb Code    26  core_common.o(i.core_set_error)
    forward_conv2d_nl_pool                   0x08007495   Thumb Code  1106  layers_conv2d_generic_float.o(i.forward_conv2d_nl_pool)
    forward_dense                            0x080078ed   Thumb Code   474  layers_conv2d_generic_float.o(i.forward_dense)
    forward_relu                             0x08007acd   Thumb Code   154  layers_nl_generic_float.o(i.forward_relu)
    forward_sm                               0x08007b67   Thumb Code   108  layers_nl_generic_float.o(i.forward_sm)
    nl_func_relu_array_f32                   0x08007c25   Thumb Code    62  layers_nl_generic_float.o(i.nl_func_relu_array_f32)
    nl_func_relu_generic_array_f32           0x08007c69   Thumb Code   190  layers_nl_generic_float.o(i.nl_func_relu_generic_array_f32)
    nl_func_relu_thresholded_array_f32       0x08007d2d   Thumb Code    66  layers_nl_generic_float.o(i.nl_func_relu_thresholded_array_f32)
    nl_func_sm_array_f32                     0x08007d75   Thumb Code    78  layers_nl_generic_float.o(i.nl_func_sm_array_f32)
    nl_func_sm_channel_f32                   0x08007dc5   Thumb Code   150  layers_nl_generic_float.o(i.nl_func_sm_channel_f32)
    pool_func_mp_array_f32                   0x08007e61   Thumb Code   424  layers_pool_generic_float.o(i.pool_func_mp_array_f32)
    puts                                     0x0800800d   Thumb Code    30  puts.o(i.puts)
    AHBPrescTable                            0x08008098   Data          16  system_stm32f4xx.o(.rodata.AHBPrescTable)
    APBPrescTable                            0x080080a8   Data           8  system_stm32f4xx.o(.rodata.APBPrescTable)
    ackMsg_fields                            0x080080b0   Data          45  stm32msg.pb.o(.rodata.ackMsg_fields)
    aiBufferByteMsg_fields                   0x080080dd   Data          45  stm32msg.pb.o(.rodata.aiBufferByteMsg_fields)
    aiBufferShapeMsg_addr_default            0x0800810c   Data           4  stm32msg.pb.o(.rodata.aiBufferShapeMsg_addr_default)
    aiBufferShapeMsg_channels_default        0x08008110   Data           4  stm32msg.pb.o(.rodata.aiBufferShapeMsg_channels_default)
    aiBufferShapeMsg_fields                  0x08008114   Data         135  stm32msg.pb.o(.rodata.aiBufferShapeMsg_fields)
    aiBufferShapeMsg_format_default          0x0800819c   Data           4  stm32msg.pb.o(.rodata.aiBufferShapeMsg_format_default)
    aiBufferShapeMsg_height_default          0x080081a0   Data           4  stm32msg.pb.o(.rodata.aiBufferShapeMsg_height_default)
    aiBufferShapeMsg_n_batches_default       0x080081a4   Data           4  stm32msg.pb.o(.rodata.aiBufferShapeMsg_n_batches_default)
    aiBufferShapeMsg_scale_default           0x080081a8   Data           4  stm32msg.pb.o(.rodata.aiBufferShapeMsg_scale_default)
    aiBufferShapeMsg_width_default           0x080081ac   Data           4  stm32msg.pb.o(.rodata.aiBufferShapeMsg_width_default)
    aiBufferShapeMsg_zeropoint_default       0x080081b0   Data           4  stm32msg.pb.o(.rodata.aiBufferShapeMsg_zeropoint_default)
    aiNetworkInfoMsg_fields                  0x080081b4   Data         315  stm32msg.pb.o(.rodata.aiNetworkInfoMsg_fields)
    aiRunReportMsg_fields                    0x080082ef   Data          90  stm32msg.pb.o(.rodata.aiRunReportMsg_fields)
    logMsg_fields                            0x08008390   Data          45  stm32msg.pb.o(.rodata.logMsg_fields)
    nodeMsg_fields                           0x08008420   Data          75  stm32msg.pb.o(.rodata.nodeMsg_fields)
    reqMsg_cmd_default                       0x0800846b   Data           1  stm32msg.pb.o(.rodata.reqMsg_cmd_default)
    reqMsg_fields                            0x0800846c   Data          90  stm32msg.pb.o(.rodata.reqMsg_fields)
    respMsg_fields                           0x080084c6   Data         150  stm32msg.pb.o(.rodata.respMsg_fields)
    s_network_1654513533255_weights_array_u64 0x08008560   Data       794136  network_1654513533255_data.o(.rodata.s_network_1654513533255_weights_array_u64)
    syncMsg_fields                           0x080ca81a   Data          60  stm32msg.pb.o(.rodata.syncMsg_fields)
    sysinfoMsg_fields                        0x080ca856   Data          75  stm32msg.pb.o(.rodata.sysinfoMsg_fields)
    Region$$Table$$Base                      0x080ca8a4   Number         0  anon$$obj.o(Region$$Table)
    Region$$Table$$Limit                     0x080ca8c4   Number         0  anon$$obj.o(Region$$Table)
    __stdout                                 0x20000000   Data           4  stdout.o(.data)
    __microlib_freelist                      0x20000004   Data           4  mvars.o(.data)
    __microlib_freelist_initialised          0x20000008   Data           4  mvars.o(.data)
    SystemCoreClock                          0x20000468   Data           4  system_stm32f4xx.o(.data.SystemCoreClock)
    uwTickFreq                               0x20000908   Data           1  stm32f4xx_hal.o(.data.uwTickFreq)
    uwTickPrio                               0x2000090c   Data           4  stm32f4xx_hal.o(.data.uwTickPrio)
    cyclesCount                              0x20006c30   Data          12  aitestutility.o(.bss.cyclesCount)
    data_in_1                                0x20006c3c   Data        1080  aivalidation.o(.bss.data_in_1)
    data_out_1                               0x20007074   Data          24  aivalidation.o(.bss.data_out_1)
    hcrc                                     0x200070c4   Data           8  crc.o(.bss.hcrc)
    huart1                                   0x200070cc   Data          68  usart.o(.bss.huart1)
    net_exec_ctx                             0x2000713c   Data         124  aivalidation.o(.bss.net_exec_ctx)
    net_obs_ctx                              0x200071b8   Data          64  aivalidation.o(.bss.net_obs_ctx)
    uwTick                                   0x20007248   Data           4  stm32f4xx_hal.o(.bss.uwTick)
    __heap_base                              0x20007250   Data           0  startup_stm32f429xx.o(HEAP)
    __heap_limit                             0x20009250   Data           0  startup_stm32f429xx.o(HEAP)
    __initial_sp                             0x20009a50   Data           0  startup_stm32f429xx.o(STACK)



==============================================================================

Memory Map of the image

  Image Entry point : 0x080001ad

  Load Region LR_IROM1 (Base: 0x08000000, Size: 0x000cb200, Max: 0x00100000, ABSOLUTE, COMPRESSED[0x000cac20])

    Execution Region ER_IROM1 (Exec base: 0x08000000, Load base: 0x08000000, Size: 0x000ca8c4, Max: 0x00100000, ABSOLUTE)

    Exec Addr    Load Addr    Size         Type   Attr      Idx    E Section Name        Object

    0x08000000   0x08000000   0x000001ac   Data   RO            3    RESET               startup_stm32f429xx.o
    0x080001ac   0x080001ac   0x00000000   Code   RO         2330  * .ARM.Collect$$$$00000000  mc_w.l(entry.o)
    0x080001ac   0x080001ac   0x00000004   Code   RO         2679    .ARM.Collect$$$$00000001  mc_w.l(entry2.o)
    0x080001b0   0x080001b0   0x00000004   Code   RO         2682    .ARM.Collect$$$$00000004  mc_w.l(entry5.o)
    0x080001b4   0x080001b4   0x00000000   Code   RO         2684    .ARM.Collect$$$$00000008  mc_w.l(entry7b.o)
    0x080001b4   0x080001b4   0x00000000   Code   RO         2686    .ARM.Collect$$$$0000000A  mc_w.l(entry8b.o)
    0x080001b4   0x080001b4   0x00000008   Code   RO         2687    .ARM.Collect$$$$0000000B  mc_w.l(entry9a.o)
    0x080001bc   0x080001bc   0x00000000   Code   RO         2689    .ARM.Collect$$$$0000000D  mc_w.l(entry10a.o)
    0x080001bc   0x080001bc   0x00000000   Code   RO         2691    .ARM.Collect$$$$0000000F  mc_w.l(entry11a.o)
    0x080001bc   0x080001bc   0x00000004   Code   RO         2680    .ARM.Collect$$$$00002712  mc_w.l(entry2.o)
    0x080001c0   0x080001c0   0x00000024   Code   RO            4    .text               startup_stm32f429xx.o
    0x080001e4   0x080001e4   0x00000062   Code   RO         2337    .text               mc_w.l(uldiv.o)
    0x08000246   0x08000246   0x00000024   Code   RO         2339    .text               mc_w.l(memcpya.o)
    0x0800026a   0x0800026a   0x00000024   Code   RO         2341    .text               mc_w.l(memseta.o)
    0x0800028e   0x0800028e   0x0000000e   Code   RO         2343    .text               mc_w.l(strlen.o)
    0x0800029c   0x0800029c   0x0000001a   Code   RO         2347    .text               mc_w.l(memcmp.o)
    0x080002b6   0x080002b6   0x0000001e   Code   RO         2349    .text               mc_w.l(strncmp.o)
    0x080002d4   0x080002d4   0x0000001c   Code   RO         2642    .text               mf_w.l(ffltul.o)
    0x080002f0   0x080002f0   0x00000026   Code   RO         2646    .text               mf_w.l(f2d.o)
    0x08000316   0x08000316   0x0000002c   Code   RO         2703    .text               mc_w.l(uidiv.o)
    0x08000342   0x08000342   0x0000001e   Code   RO         2705    .text               mc_w.l(llshl.o)
    0x08000360   0x08000360   0x00000020   Code   RO         2707    .text               mc_w.l(llushr.o)
    0x08000380   0x08000380   0x00000000   Code   RO         2718    .text               mc_w.l(iusefp.o)
    0x08000380   0x08000380   0x0000006e   Code   RO         2719    .text               mf_w.l(fepilogue.o)
    0x080003ee   0x080003ee   0x0000014e   Code   RO         2725    .text               mf_w.l(dadd.o)
    0x0800053c   0x0800053c   0x000000e4   Code   RO         2727    .text               mf_w.l(dmul.o)
    0x08000620   0x08000620   0x000000de   Code   RO         2729    .text               mf_w.l(ddiv.o)
    0x080006fe   0x080006fe   0x00000030   Code   RO         2731    .text               mf_w.l(dfixul.o)
    0x0800072e   0x0800072e   0x00000002   PAD
    0x08000730   0x08000730   0x00000030   Code   RO         2733    .text               mf_w.l(cdrcmple.o)
    0x08000760   0x08000760   0x00000024   Code   RO         2737    .text               mc_w.l(init.o)
    0x08000784   0x08000784   0x00000024   Code   RO         2739    .text               mc_w.l(llsshr.o)
    0x080007a8   0x080007a8   0x000000ba   Code   RO         2741    .text               mf_w.l(depilogue.o)
    0x08000862   0x08000862   0x00000056   Code   RO         2751    .text               mc_w.l(__dczerorl2.o)
    0x080008b8   0x080008b8   0x00000002   Code   RO          725    .text.BusFault_Handler  stm32f4xx_it.o
    0x080008ba   0x080008ba   0x00000002   PAD
    0x080008bc   0x080008bc   0x00000002   Code   RO          731    .text.DebugMon_Handler  stm32f4xx_it.o
    0x080008be   0x080008be   0x00000002   PAD
    0x080008c0   0x080008c0   0x0000000a   Code   RO          671    .text.Error_Handler  main.o
    0x080008ca   0x080008ca   0x00000002   PAD
    0x080008cc   0x080008cc   0x00000022   Code   RO          752    .text.HAL_CRC_Init  stm32f4xx_hal_crc.o
    0x080008ee   0x080008ee   0x00000002   PAD
    0x080008f0   0x080008f0   0x00000032   Code   RO          691    .text.HAL_CRC_MspInit  crc.o
    0x08000922   0x08000922   0x00000002   PAD
    0x08000924   0x08000924   0x00000028   Code   RO         1172    .text.HAL_Delay     stm32f4xx_hal.o
    0x0800094c   0x0800094c   0x0000019a   Code   RO          934    .text.HAL_GPIO_Init  stm32f4xx_hal_gpio.o
    0x08000ae6   0x08000ae6   0x00000002   PAD
    0x08000ae8   0x08000ae8   0x00000010   Code   RO         1182    .text.HAL_GetDEVID  stm32f4xx_hal.o
    0x08000af8   0x08000af8   0x00000006   Code   RO         1178    .text.HAL_GetHalVersion  stm32f4xx_hal.o
    0x08000afe   0x08000afe   0x00000002   PAD
    0x08000b00   0x08000b00   0x0000000e   Code   RO         1180    .text.HAL_GetREVID  stm32f4xx_hal.o
    0x08000b0e   0x08000b0e   0x00000002   PAD
    0x08000b10   0x08000b10   0x0000000c   Code   RO         1164    .text.HAL_GetTick   stm32f4xx_hal.o
    0x08000b1c   0x08000b1c   0x0000001a   Code   RO         1162    .text.HAL_IncTick   stm32f4xx_hal.o
    0x08000b36   0x08000b36   0x00000002   PAD
    0x08000b38   0x08000b38   0x00000036   Code   RO         1152    .text.HAL_Init      stm32f4xx_hal.o
    0x08000b6e   0x08000b6e   0x00000002   PAD
    0x08000b70   0x08000b70   0x00000050   Code   RO         1154    .text.HAL_InitTick  stm32f4xx_hal.o
    0x08000bc0   0x08000bc0   0x00000038   Code   RO          744    .text.HAL_MspInit   stm32f4xx_hal_msp.o
    0x08000bf8   0x08000bf8   0x0000001e   Code   RO         1084    .text.HAL_NVIC_SetPriority  stm32f4xx_hal_cortex.o
    0x08000c16   0x08000c16   0x00000002   PAD
    0x08000c18   0x08000c18   0x00000008   Code   RO         1080    .text.HAL_NVIC_SetPriorityGrouping  stm32f4xx_hal_cortex.o
    0x08000c20   0x08000c20   0x0000007a   Code   RO         1066    .text.HAL_PWREx_EnableOverDrive  stm32f4xx_hal_pwr_ex.o
    0x08000c9a   0x08000c9a   0x00000002   PAD
    0x08000c9c   0x08000c9c   0x00000160   Code   RO          778    .text.HAL_RCC_ClockConfig  stm32f4xx_hal_rcc.o
    0x08000dfc   0x08000dfc   0x0000000c   Code   RO          788    .text.HAL_RCC_GetHCLKFreq  stm32f4xx_hal_rcc.o
    0x08000e08   0x08000e08   0x00000022   Code   RO          790    .text.HAL_RCC_GetPCLK1Freq  stm32f4xx_hal_rcc.o
    0x08000e2a   0x08000e2a   0x00000002   PAD
    0x08000e2c   0x08000e2c   0x00000022   Code   RO          792    .text.HAL_RCC_GetPCLK2Freq  stm32f4xx_hal_rcc.o
    0x08000e4e   0x08000e4e   0x00000002   PAD
    0x08000e50   0x08000e50   0x00000068   Code   RO          780    .text.HAL_RCC_GetSysClockFreq  stm32f4xx_hal_rcc.o
    0x08000eb8   0x08000eb8   0x00000348   Code   RO          776    .text.HAL_RCC_OscConfig  stm32f4xx_hal_rcc.o
    0x08001200   0x08001200   0x00000008   Code   RO         1104    .text.HAL_SYSTICK_Config  stm32f4xx_hal_cortex.o
    0x08001208   0x08001208   0x0000005e   Code   RO         1249    .text.HAL_UART_Init  stm32f4xx_hal_uart.o
    0x08001266   0x08001266   0x00000002   PAD
    0x08001268   0x08001268   0x00000074   Code   RO          706    .text.HAL_UART_MspInit  usart.o
    0x080012dc   0x080012dc   0x000000dc   Code   RO         1269    .text.HAL_UART_Receive  stm32f4xx_hal_uart.o
    0x080013b8   0x080013b8   0x000000cc   Code   RO         1265    .text.HAL_UART_Transmit  stm32f4xx_hal_uart.o
    0x08001484   0x08001484   0x00000002   Code   RO          721    .text.HardFault_Handler  stm32f4xx_it.o
    0x08001486   0x08001486   0x00000002   PAD
    0x08001488   0x08001488   0x00000022   Code   RO          689    .text.MX_CRC_Init   crc.o
    0x080014aa   0x080014aa   0x00000002   PAD
    0x080014ac   0x080014ac   0x0000004c   Code   RO          681    .text.MX_GPIO_Init  gpio.o
    0x080014f8   0x080014f8   0x00000038   Code   RO          704    .text.MX_USART1_UART_Init  usart.o
    0x08001530   0x08001530   0x0000000c   Code   RO          626    .text.MX_X_CUBE_AI_Init  app_x-cube-ai.o
    0x0800153c   0x0800153c   0x00000008   Code   RO          628    .text.MX_X_CUBE_AI_Process  app_x-cube-ai.o
    0x08001544   0x08001544   0x00000002   Code   RO          723    .text.MemManage_Handler  stm32f4xx_it.o
    0x08001546   0x08001546   0x00000002   PAD
    0x08001548   0x08001548   0x00000002   Code   RO          719    .text.NMI_Handler   stm32f4xx_it.o
    0x0800154a   0x0800154a   0x00000002   PAD
    0x0800154c   0x0800154c   0x0000002c   Code   RO         1090    .text.NVIC_EncodePriority  stm32f4xx_hal_cortex.o
    0x08001578   0x08001578   0x00000002   Code   RO          733    .text.PendSV_Handler  stm32f4xx_it.o
    0x0800157a   0x0800157a   0x00000002   PAD
    0x0800157c   0x0800157c   0x00000002   Code   RO          729    .text.SVC_Handler   stm32f4xx_it.o
    0x0800157e   0x0800157e   0x00000002   PAD
    0x08001580   0x08001580   0x0000002e   Code   RO         1106    .text.SysTick_Config  stm32f4xx_hal_cortex.o
    0x080015ae   0x080015ae   0x00000002   PAD
    0x080015b0   0x080015b0   0x00000008   Code   RO          735    .text.SysTick_Handler  stm32f4xx_it.o
    0x080015b8   0x080015b8   0x000000ae   Code   RO          669    .text.SystemClock_Config  main.o
    0x08001666   0x08001666   0x00000002   PAD
    0x08001668   0x08001668   0x00000012   Code   RO         1379    .text.SystemInit    system_stm32f4xx.o
    0x0800167a   0x0800167a   0x00000002   PAD
    0x0800167c   0x0800167c   0x000000dc   Code   RO         1253    .text.UART_SetConfig  stm32f4xx_hal_uart.o
    0x08001758   0x08001758   0x0000007a   Code   RO         1267    .text.UART_WaitOnFlagUntilTimeout  stm32f4xx_hal_uart.o
    0x080017d2   0x080017d2   0x00000002   PAD
    0x080017d4   0x080017d4   0x00000002   Code   RO          727    .text.UsageFault_Handler  stm32f4xx_it.o
    0x080017d6   0x080017d6   0x00000002   PAD
    0x080017d8   0x080017d8   0x00000010   Code   RO         1086    .text.__NVIC_GetPriorityGrouping  stm32f4xx_hal_cortex.o
    0x080017e8   0x080017e8   0x00000022   Code   RO         1088    .text.__NVIC_SetPriority  stm32f4xx_hal_cortex.o
    0x0800180a   0x0800180a   0x00000002   PAD
    0x0800180c   0x0800180c   0x00000020   Code   RO         1082    .text.__NVIC_SetPriorityGrouping  stm32f4xx_hal_cortex.o
    0x0800182c   0x0800182c   0x00000160   Code   RO          317    .text.aiBootstrap   aivalidation.o
    0x0800198c   0x0800198c   0x0000005c   Code   RO          281    .text.aiExecCtx     aivalidation.o
    0x080019e8   0x080019e8   0x000000a0   Code   RO          305    .text.aiInit        aivalidation.o
    0x08001a88   0x08001a88   0x00000074   Code   RO          539    .text.aiLogErr      aitesthelper.o
    0x08001afc   0x08001afc   0x0000001c   Code   RO          293    .text.aiObserverAdjustInferenceTime  aivalidation.o
    0x08001b18   0x08001b18   0x0000003a   Code   RO          287    .text.aiObserverBind  aivalidation.o
    0x08001b52   0x08001b52   0x00000002   PAD
    0x08001b54   0x08001b54   0x00000030   Code   RO          285    .text.aiObserverConfig  aivalidation.o
    0x08001b84   0x08001b84   0x00000032   Code   RO          295    .text.aiObserverSendReport  aivalidation.o
    0x08001bb6   0x08001bb6   0x00000002   PAD
    0x08001bb8   0x08001bb8   0x00000022   Code   RO          297    .text.aiObserverUnbind  aivalidation.o
    0x08001bda   0x08001bda   0x00000002   PAD
    0x08001bdc   0x08001bdc   0x000001a8   Code   RO          311    .text.aiOnExecNode_cb  aivalidation.o
    0x08001d84   0x08001d84   0x00000018   Code   RO          235    .text.aiPbAiBufferSize  aipbmgr.o
    0x08001d9c   0x08001d9c   0x0000000a   Code   RO          263    .text.aiPbBufferGetItemSize  aipbmgr.o
    0x08001da6   0x08001da6   0x00000002   PAD
    0x08001da8   0x08001da8   0x000000cc   Code   RO          239    .text.aiPbBuffer_read_cb3  aipbmgr.o
    0x08001e74   0x08001e74   0x00000040   Code   RO          245    .text.aiPbBuffer_write_cb3  aipbmgr.o
    0x08001eb4   0x08001eb4   0x0000003a   Code   RO          279    .text.aiPbCmdNNInfo  aivalidation.o
    0x08001eee   0x08001eee   0x00000002   PAD
    0x08001ef0   0x08001ef0   0x0000020c   Code   RO          283    .text.aiPbCmdNNRun  aivalidation.o
    0x080020fc   0x080020fc   0x00000028   Code   RO          247    .text.aiPbCmdSync   aipbmgr.o
    0x08002124   0x08002124   0x0000002e   Code   RO          249    .text.aiPbCmdSysInfo  aipbmgr.o
    0x08002152   0x08002152   0x00000002   PAD
    0x08002154   0x08002154   0x00000056   Code   RO          223    .text.aiPbMgrInit   aipbmgr.o
    0x080021aa   0x080021aa   0x00000002   PAD
    0x080021ac   0x080021ac   0x0000007c   Code   RO          237    .text.aiPbMgrReceiveAiBuffer3  aipbmgr.o
    0x08002228   0x08002228   0x0000001a   Code   RO          227    .text.aiPbMgrSendAck  aipbmgr.o
    0x08002242   0x08002242   0x00000002   PAD
    0x08002244   0x08002244   0x000000ba   Code   RO          241    .text.aiPbMgrSendAiBuffer4  aipbmgr.o
    0x080022fe   0x080022fe   0x00000002   PAD
    0x08002300   0x08002300   0x000000f0   Code   RO          255    .text.aiPbMgrSendNNInfo  aipbmgr.o
    0x080023f0   0x080023f0   0x00000028   Code   RO          229    .text.aiPbMgrSendResp  aipbmgr.o
    0x08002418   0x08002418   0x00000060   Code   RO          243    .text.aiPbMgrSetMetaInfo  aipbmgr.o
    0x08002478   0x08002478   0x0000002c   Code   RO          231    .text.aiPbMgrWaitAck  aipbmgr.o
    0x080024a4   0x080024a4   0x000000a0   Code   RO          225    .text.aiPbMgrWaitAndProcess  aipbmgr.o
    0x08002544   0x08002544   0x00000046   Code   RO          251    .text.aiPbStrCopy   aipbmgr.o
    0x0800258a   0x0800258a   0x00000002   PAD
    0x0800258c   0x0800258c   0x0000000c   Code   RO          253    .text.aiPbVersionToUint32  aipbmgr.o
    0x08002598   0x08002598   0x00000058   Code   RO          535    .text.aiPlatformVersion  aitesthelper.o
    0x080025f0   0x080025f0   0x000001a4   Code   RO          541    .text.aiPrintLayoutBuffer  aitesthelper.o
    0x08002794   0x08002794   0x000001b0   Code   RO          543    .text.aiPrintNetworkInfo  aitesthelper.o
    0x08002944   0x08002944   0x00000064   Code   RO          299    .text.aiValidationInit  aivalidation.o
    0x080029a8   0x080029a8   0x0000010c   Code   RO          303    .text.aiValidationProcess  aivalidation.o
    0x08002ab4   0x08002ab4   0x0000007e   Code   RO          634    .text.ai_mnetwork_create  app_x-cube-ai.o
    0x08002b32   0x08002b32   0x00000002   PAD
    0x08002b34   0x08002b34   0x00000026   Code   RO          638    .text.ai_mnetwork_destroy  app_x-cube-ai.o
    0x08002b5a   0x08002b5a   0x00000002   PAD
    0x08002b5c   0x08002b5c   0x0000001e   Code   RO          630    .text.ai_mnetwork_find  app_x-cube-ai.o
    0x08002b7a   0x08002b7a   0x00000002   PAD
    0x08002b7c   0x08002b7c   0x00000024   Code   RO          644    .text.ai_mnetwork_get_error  app_x-cube-ai.o
    0x08002ba0   0x08002ba0   0x0000002e   Code   RO          654    .text.ai_mnetwork_get_ext_data_activations  app_x-cube-ai.o
    0x08002bce   0x08002bce   0x00000002   PAD
    0x08002bd0   0x08002bd0   0x0000001a   Code   RO          642    .text.ai_mnetwork_get_info  app_x-cube-ai.o
    0x08002bea   0x08002bea   0x00000002   PAD
    0x08002bec   0x08002bec   0x00000058   Code   RO          652    .text.ai_mnetwork_get_private_handle  app_x-cube-ai.o
    0x08002c44   0x08002c44   0x0000001a   Code   RO          636    .text.ai_mnetwork_handle  app_x-cube-ai.o
    0x08002c5e   0x08002c5e   0x00000002   PAD
    0x08002c60   0x08002c60   0x00000098   Code   RO          646    .text.ai_mnetwork_init  app_x-cube-ai.o
    0x08002cf8   0x08002cf8   0x00000028   Code   RO          632    .text.ai_mnetwork_is_valid  app_x-cube-ai.o
    0x08002d20   0x08002d20   0x00000012   Code   RO          640    .text.ai_mnetwork_release_handle  app_x-cube-ai.o
    0x08002d32   0x08002d32   0x00000002   PAD
    0x08002d34   0x08002d34   0x0000001e   Code   RO          648    .text.ai_mnetwork_run  app_x-cube-ai.o
    0x08002d52   0x08002d52   0x00000002   PAD
    0x08002d54   0x08002d54   0x00000022   Code   RO           17    .text.ai_network_1654513533255_create  network_1654513533255.o
    0x08002d76   0x08002d76   0x00000002   PAD
    0x08002d78   0x08002d78   0x0000000a   Code   RO          176    .text.ai_network_1654513533255_data_weights_get  network_1654513533255_data.o
    0x08002d82   0x08002d82   0x00000002   PAD
    0x08002d84   0x08002d84   0x00000008   Code   RO           19    .text.ai_network_1654513533255_destroy  network_1654513533255.o
    0x08002d8c   0x08002d8c   0x0000000a   Code   RO           29    .text.ai_network_1654513533255_forward  network_1654513533255.o
    0x08002d96   0x08002d96   0x00000002   PAD
    0x08002d98   0x08002d98   0x00000008   Code   RO           15    .text.ai_network_1654513533255_get_error  network_1654513533255.o
    0x08002da0   0x08002da0   0x000000a6   Code   RO           11    .text.ai_network_1654513533255_get_info  network_1654513533255.o
    0x08002e46   0x08002e46   0x00000002   PAD
    0x08002e48   0x08002e48   0x0000002c   Code   RO           21    .text.ai_network_1654513533255_init  network_1654513533255.o
    0x08002e74   0x08002e74   0x00000008   Code   RO           27    .text.ai_network_1654513533255_run  network_1654513533255.o
    0x08002e7c   0x08002e7c   0x00000020   Code   RO          580    .text.bitToStr      aitestutility.o
    0x08002e9c   0x08002e9c   0x00000028   Code   RO          350    .text.buf_read      pb_decode.o
    0x08002ec4   0x08002ec4   0x00000054   Code   RO          582    .text.crcIpInit     aitestutility.o
    0x08002f18   0x08002f18   0x00000042   Code   RO          291    .text.cyclesCounterEnd  aivalidation.o
    0x08002f5a   0x08002f5a   0x00000002   PAD
    0x08002f5c   0x08002f5c   0x0000002e   Code   RO          301    .text.cyclesCounterInit  aivalidation.o
    0x08002f8a   0x08002f8a   0x00000002   PAD
    0x08002f8c   0x08002f8c   0x0000001c   Code   RO          289    .text.cyclesCounterStart  aivalidation.o
    0x08002fa8   0x08002fa8   0x000000a8   Code   RO          406    .text.decode_callback_field  pb_decode.o
    0x08003050   0x08003050   0x0000004c   Code   RO          378    .text.decode_extension  pb_decode.o
    0x0800309c   0x0800309c   0x0000004c   Code   RO          380    .text.decode_field  pb_decode.o
    0x080030e8   0x080030e8   0x00000014   Code   RO          404    .text.decode_pointer_field  pb_decode.o
    0x080030fc   0x080030fc   0x00000130   Code   RO          402    .text.decode_static_field  pb_decode.o
    0x0800322c   0x0800322c   0x00000038   Code   RO          398    .text.default_extension_decoder  pb_decode.o
    0x08003264   0x08003264   0x00000022   Code   RO          473    .text.default_extension_encoder  pb_encode.o
    0x08003286   0x08003286   0x00000002   PAD
    0x08003288   0x08003288   0x000001f8   Code   RO          578    .text.devIdToStr    aitestutility.o
    0x08003480   0x08003480   0x00000038   Code   RO          572    .text.dwtCyclesToFloatMs  aitestutility.o
    0x080034b8   0x080034b8   0x0000008a   Code   RO          570    .text.dwtCyclesToTime  aitestutility.o
    0x08003542   0x08003542   0x00000002   PAD
    0x08003544   0x08003544   0x0000000c   Code   RO          315    .text.dwtGetCycles  aivalidation.o
    0x08003550   0x08003550   0x0000000c   Code   RO          586    .text.dwtGetCycles  aitestutility.o
    0x0800355c   0x0800355c   0x0000002a   Code   RO          566    .text.dwtIpInit     aitestutility.o
    0x08003586   0x08003586   0x00000002   PAD
    0x08003588   0x08003588   0x0000000e   Code   RO          313    .text.dwtReset      aivalidation.o
    0x08003596   0x08003596   0x00000002   PAD
    0x08003598   0x08003598   0x0000000e   Code   RO          584    .text.dwtReset      aitestutility.o
    0x080035a6   0x080035a6   0x00000002   PAD
    0x080035a8   0x080035a8   0x0000018c   Code   RO          481    .text.encode_array  pb_encode.o
    0x08003734   0x08003734   0x00000134   Code   RO          475    .text.encode_basic_field  pb_encode.o
    0x08003868   0x08003868   0x00000034   Code   RO          477    .text.encode_callback_field  pb_encode.o
    0x0800389c   0x0800389c   0x00000032   Code   RO          447    .text.encode_extension_field  pb_encode.o
    0x080038ce   0x080038ce   0x00000002   PAD
    0x080038d0   0x080038d0   0x00000034   Code   RO          449    .text.encode_field  pb_encode.o
    0x08003904   0x08003904   0x0000002c   Code   RO          376    .text.find_extension_field  pb_decode.o
    0x08003930   0x08003930   0x0000002c   Code   RO          562    .text.fputc         aitestutility.o
    0x0800395c   0x0800395c   0x0000000c   Code   RO          574    .text.getFlashCacheConf  aitestutility.o
    0x08003968   0x08003968   0x00000036   Code   RO          257    .text.init_aibuffer_msg  aipbmgr.o
    0x0800399e   0x0800399e   0x00000002   PAD
    0x080039a0   0x080039a0   0x0000000e   Code   RO          560    .text.ioRawDisableLLWrite  aitestutility.o
    0x080039ae   0x080039ae   0x00000002   PAD
    0x080039b0   0x080039b0   0x00000020   Code   RO          558    .text.ioRawReadBuffer  aitestutility.o
    0x080039d0   0x080039d0   0x00000020   Code   RO          556    .text.ioRawWriteBuffer  aitestutility.o
    0x080039f0   0x080039f0   0x00000030   Code   RO          400    .text.iter_from_extension  pb_decode.o
    0x08003a20   0x08003a20   0x0000001a   Code   RO          667    .text.main          main.o
    0x08003a3a   0x08003a3a   0x00000002   PAD
    0x08003a3c   0x08003a3c   0x0000008e   Code   RO           25    .text.network_1654513533255_configure_activations  network_1654513533255.o
    0x08003aca   0x08003aca   0x00000002   PAD
    0x08003acc   0x08003acc   0x000000fa   Code   RO           23    .text.network_1654513533255_configure_weights  network_1654513533255.o
    0x08003bc6   0x08003bc6   0x00000002   PAD
    0x08003bc8   0x08003bc8   0x00000014   Code   RO          259    .text.nn_inputs_w_cb  aipbmgr.o
    0x08003bdc   0x08003bdc   0x00000014   Code   RO          261    .text.nn_outputs_w_cb  aipbmgr.o
    0x08003bf0   0x08003bf0   0x00000056   Code   RO          265    .text.nn_shape_w_cb  aipbmgr.o
    0x08003c46   0x08003c46   0x00000002   PAD
    0x08003c48   0x08003c48   0x000000f2   Code   RO          479    .text.pb_check_proto3_default_value  pb_encode.o
    0x08003d3a   0x08003d3a   0x00000002   PAD
    0x08003d3c   0x08003d3c   0x00000024   Code   RO          372    .text.pb_close_string_substream  pb_decode.o
    0x08003d60   0x08003d60   0x00000062   Code   RO          418    .text.pb_dec_bytes  pb_decode.o
    0x08003dc2   0x08003dc2   0x00000002   PAD
    0x08003dc4   0x08003dc4   0x0000000a   Code   RO          414    .text.pb_dec_fixed32  pb_decode.o
    0x08003dce   0x08003dce   0x00000002   PAD
    0x08003dd0   0x08003dd0   0x0000000a   Code   RO          416    .text.pb_dec_fixed64  pb_decode.o
    0x08003dda   0x08003dda   0x00000002   PAD
    0x08003ddc   0x08003ddc   0x00000080   Code   RO          424    .text.pb_dec_fixed_length_bytes  pb_decode.o
    0x08003e5c   0x08003e5c   0x00000080   Code   RO          420    .text.pb_dec_string  pb_decode.o
    0x08003edc   0x08003edc   0x0000007c   Code   RO          422    .text.pb_dec_submessage  pb_decode.o
    0x08003f58   0x08003f58   0x00000084   Code   RO          412    .text.pb_dec_svarint  pb_decode.o
    0x08003fdc   0x08003fdc   0x00000084   Code   RO          410    .text.pb_dec_uvarint  pb_decode.o
    0x08004060   0x08004060   0x0000008a   Code   RO          408    .text.pb_dec_varint  pb_decode.o
    0x080040ea   0x080040ea   0x00000002   PAD
    0x080040ec   0x080040ec   0x0000001c   Code   RO          382    .text.pb_decode     pb_decode.o
    0x08004108   0x08004108   0x00000034   Code   RO          388    .text.pb_decode_delimited  pb_decode.o
    0x0800413c   0x0800413c   0x0000001a   Code   RO          394    .text.pb_decode_fixed32  pb_decode.o
    0x08004156   0x08004156   0x00000002   PAD
    0x08004158   0x08004158   0x0000001c   Code   RO          396    .text.pb_decode_fixed64  pb_decode.o
    0x08004174   0x08004174   0x00000228   Code   RO          374    .text.pb_decode_noinit  pb_decode.o
    0x0800439c   0x0800439c   0x0000002c   Code   RO          392    .text.pb_decode_svarint  pb_decode.o
    0x080043c8   0x080043c8   0x0000003a   Code   RO          362    .text.pb_decode_tag  pb_decode.o
    0x08004402   0x08004402   0x00000002   PAD
    0x08004404   0x08004404   0x00000076   Code   RO          358    .text.pb_decode_varint  pb_decode.o
    0x0800447a   0x0800447a   0x00000002   PAD
    0x0800447c   0x0800447c   0x0000000a   Code   RO          354    .text.pb_decode_varint32  pb_decode.o
    0x08004486   0x08004486   0x00000002   PAD
    0x08004488   0x08004488   0x000000b4   Code   RO          356    .text.pb_decode_varint32_eof  pb_decode.o
    0x0800453c   0x0800453c   0x00000054   Code   RO          493    .text.pb_enc_bytes  pb_encode.o
    0x08004590   0x08004590   0x0000000a   Code   RO          489    .text.pb_enc_fixed32  pb_encode.o
    0x0800459a   0x0800459a   0x00000002   PAD
    0x0800459c   0x0800459c   0x0000000a   Code   RO          491    .text.pb_enc_fixed64  pb_encode.o
    0x080045a6   0x080045a6   0x00000002   PAD
    0x080045a8   0x080045a8   0x00000010   Code   RO          499    .text.pb_enc_fixed_length_bytes  pb_encode.o
    0x080045b8   0x080045b8   0x00000042   Code   RO          495    .text.pb_enc_string  pb_encode.o
    0x080045fa   0x080045fa   0x00000002   PAD
    0x080045fc   0x080045fc   0x0000003c   Code   RO          497    .text.pb_enc_submessage  pb_encode.o
    0x08004638   0x08004638   0x0000004e   Code   RO          487    .text.pb_enc_svarint  pb_encode.o
    0x08004686   0x08004686   0x00000002   PAD
    0x08004688   0x08004688   0x0000004a   Code   RO          485    .text.pb_enc_uvarint  pb_encode.o
    0x080046d2   0x080046d2   0x00000002   PAD
    0x080046d4   0x080046d4   0x0000004e   Code   RO          483    .text.pb_enc_varint  pb_encode.o
    0x08004722   0x08004722   0x00000002   PAD
    0x08004724   0x08004724   0x00000048   Code   RO          445    .text.pb_encode     pb_encode.o
    0x0800476c   0x0800476c   0x00000014   Code   RO          463    .text.pb_encode_fixed32  pb_encode.o
    0x08004780   0x08004780   0x00000044   Code   RO          465    .text.pb_encode_fixed64  pb_encode.o
    0x080047c4   0x080047c4   0x00000026   Code   RO          471    .text.pb_encode_string  pb_encode.o
    0x080047ea   0x080047ea   0x00000002   PAD
    0x080047ec   0x080047ec   0x000000c4   Code   RO          453    .text.pb_encode_submessage  pb_encode.o
    0x080048b0   0x080048b0   0x00000018   Code   RO          461    .text.pb_encode_svarint  pb_encode.o
    0x080048c8   0x080048c8   0x0000000e   Code   RO          467    .text.pb_encode_tag  pb_encode.o
    0x080048d6   0x080048d6   0x00000002   PAD
    0x080048d8   0x080048d8   0x0000004e   Code   RO          469    .text.pb_encode_tag_for_field  pb_encode.o
    0x08004926   0x08004926   0x00000002   PAD
    0x08004928   0x08004928   0x00000062   Code   RO          459    .text.pb_encode_varint  pb_encode.o
    0x0800498a   0x0800498a   0x00000002   PAD
    0x0800498c   0x0800498c   0x00000028   Code   RO          334    .text.pb_field_iter_begin  pb_common.o
    0x080049b4   0x080049b4   0x00000032   Code   RO          338    .text.pb_field_iter_find  pb_common.o
    0x080049e6   0x080049e6   0x00000002   PAD
    0x080049e8   0x080049e8   0x0000008c   Code   RO          336    .text.pb_field_iter_next  pb_common.o
    0x08004a74   0x08004a74   0x000000be   Code   RO          428    .text.pb_field_set_to_default  pb_decode.o
    0x08004b32   0x08004b32   0x00000002   PAD
    0x08004b34   0x08004b34   0x0000001a   Code   RO          198    .text.pb_io_flush_istream  aipbio.o
    0x08004b4e   0x08004b4e   0x00000002   PAD
    0x08004b50   0x08004b50   0x0000001c   Code   RO          194    .text.pb_io_flush_ostream  aipbio.o
    0x08004b6c   0x08004b6c   0x0000001a   Code   RO          204    .text.pb_io_istream  aipbio.o
    0x08004b86   0x08004b86   0x00000002   PAD
    0x08004b88   0x08004b88   0x0000001a   Code   RO          200    .text.pb_io_ostream  aipbio.o
    0x08004ba2   0x08004ba2   0x00000002   PAD
    0x08004ba4   0x08004ba4   0x0000000a   Code   RO          208    .text.pb_io_stream_init  aipbio.o
    0x08004bae   0x08004bae   0x00000002   PAD
    0x08004bb0   0x08004bb0   0x00000016   Code   RO          352    .text.pb_istream_from_buffer  pb_decode.o
    0x08004bc6   0x08004bc6   0x00000002   PAD
    0x08004bc8   0x08004bc8   0x0000005c   Code   RO          370    .text.pb_make_string_substream  pb_decode.o
    0x08004c24   0x08004c24   0x00000028   Code   RO          384    .text.pb_message_set_to_defaults  pb_decode.o
    0x08004c4c   0x08004c4c   0x00000080   Code   RO          348    .text.pb_read       pb_decode.o
    0x08004ccc   0x08004ccc   0x0000003e   Code   RO          360    .text.pb_readbyte   pb_decode.o
    0x08004d0a   0x08004d0a   0x00000002   PAD
    0x08004d0c   0x08004d0c   0x00000046   Code   RO          364    .text.pb_skip_field  pb_decode.o
    0x08004d52   0x08004d52   0x00000002   PAD
    0x08004d54   0x08004d54   0x00000022   Code   RO          368    .text.pb_skip_string  pb_decode.o
    0x08004d76   0x08004d76   0x00000002   PAD
    0x08004d78   0x08004d78   0x00000024   Code   RO          366    .text.pb_skip_varint  pb_decode.o
    0x08004d9c   0x08004d9c   0x00000050   Code   RO          443    .text.pb_write      pb_encode.o
    0x08004dec   0x08004dec   0x000000c0   Code   RO          206    .text.read_callback  aipbio.o
    0x08004eac   0x08004eac   0x0000001e   Code   RO          210    .text.read_packet   aipbio.o
    0x08004eca   0x08004eca   0x00000002   PAD
    0x08004ecc   0x08004ecc   0x00000078   Code   RO          426    .text.read_raw_value  pb_decode.o
    0x08004f44   0x08004f44   0x00000008   Code   RO          568    .text.systemCoreClock  aitestutility.o
    0x08004f4c   0x08004f4c   0x000001c8   Code   RO          576    .text.systemSettingLog  aitestutility.o
    0x08005114   0x08005114   0x0000005e   Code   RO          202    .text.write_callback  aipbio.o
    0x08005172   0x08005172   0x00000002   PAD
    0x08005174   0x08005174   0x00000012   Code   RO          196    .text.write_packet  aipbio.o
    0x08005186   0x08005186   0x00000002   PAD
    0x08005188   0x08005188   0x0000006c   Code   RO         1396    i.CRC_Lock          NetworkRuntime700_CM4_Keil.lib(ai_platform_interface.o)
    0x080051f4   0x080051f4   0x00000020   Code   RO         2586    i.__0printf         mc_w.l(printfa.o)
    0x08005214   0x08005214   0x00000026   Code   RO         2654    i.__ARM_fpclassifyf  m_wm.l(fpclassifyf.o)
    0x0800523a   0x0800523a   0x00000002   PAD
    0x0800523c   0x0800523c   0x000000f8   Code   RO         1469    i.__ai_math_dot_array_opt  NetworkRuntime700_CM4_Keil.lib(layers_conv2d_generic_float.o)
    0x08005334   0x08005334   0x0000005c   Code   RO         2618    i.__free$realloc    mc_w.l(mallocr.o)
    0x08005390   0x08005390   0x000001ec   Code   RO         2269    i.__hardfp_expf     m_wm.l(expf.o)
    0x0800557c   0x0800557c   0x00000050   Code   RO         2619    i.__malloc$realloc  mc_w.l(mallocr.o)
    0x080055cc   0x080055cc   0x00000006   Code   RO         2657    i.__mathlib_flt_infnan  m_wm.l(funder.o)
    0x080055d2   0x080055d2   0x00000002   PAD
    0x080055d4   0x080055d4   0x00000010   Code   RO         2660    i.__mathlib_flt_overflow  m_wm.l(funder.o)
    0x080055e4   0x080055e4   0x00000010   Code   RO         2662    i.__mathlib_flt_underflow  m_wm.l(funder.o)
    0x080055f4   0x080055f4   0x0000000e   Code   RO         2745    i.__scatterload_copy  mc_w.l(handlers.o)
    0x08005602   0x08005602   0x00000002   Code   RO         2746    i.__scatterload_null  mc_w.l(handlers.o)
    0x08005604   0x08005604   0x0000000e   Code   RO         2747    i.__scatterload_zeroinit  mc_w.l(handlers.o)
    0x08005612   0x08005612   0x00000002   PAD
    0x08005614   0x08005614   0x0000000c   Code   RO         2713    i.__set_errno       mc_w.l(errno.o)
    0x08005620   0x08005620   0x00000012   Code   RO         2141    i._ai_forward_layer  NetworkRuntime700_CM4_Keil.lib(layers.o)
    0x08005632   0x08005632   0x00000004   Code   RO         1397    i._ai_platform_acquire_crc  NetworkRuntime700_CM4_Keil.lib(ai_platform_interface.o)
    0x08005636   0x08005636   0x000000aa   Code   RO         1398    i._ai_platform_get_io_buffers_info  NetworkRuntime700_CM4_Keil.lib(ai_platform_interface.o)
    0x080056e0   0x080056e0   0x00000002   Code   RO         1399    i._ai_platform_release_crc  NetworkRuntime700_CM4_Keil.lib(ai_platform_interface.o)
    0x080056e2   0x080056e2   0x00000002   PAD
    0x080056e4   0x080056e4   0x00000184   Code   RO         2593    i._fp_digits        mc_w.l(printfa.o)
    0x08005868   0x08005868   0x0000003e   Code   RO         1400    i._platform_ai_buffer_array_copy  NetworkRuntime700_CM4_Keil.lib(ai_platform_interface.o)
    0x080058a6   0x080058a6   0x00000002   PAD
    0x080058a8   0x080058a8   0x00000050   Code   RO         1401    i._platform_get_table_map_from_buffer  NetworkRuntime700_CM4_Keil.lib(ai_platform_interface.o)
    0x080058f8   0x080058f8   0x0000020c   Code   RO         1402    i._platform_network_io_bind  NetworkRuntime700_CM4_Keil.lib(ai_platform_interface.o)
    0x08005b04   0x08005b04   0x00000038   Code   RO         1403    i._platform_network_state_setup  NetworkRuntime700_CM4_Keil.lib(ai_platform_interface.o)
    0x08005b3c   0x08005b3c   0x00000068   Code   RO         1404    i._platform_network_state_update_input  NetworkRuntime700_CM4_Keil.lib(ai_platform_interface.o)
    0x08005ba4   0x08005ba4   0x00000080   Code   RO         1405    i._platform_network_state_update_output  NetworkRuntime700_CM4_Keil.lib(ai_platform_interface.o)
    0x08005c24   0x08005c24   0x000000c6   Code   RO         1406    i._platform_observer_node_exec_cb  NetworkRuntime700_CM4_Keil.lib(ai_platform_interface.o)
    0x08005cea   0x08005cea   0x00000002   PAD
    0x08005cec   0x08005cec   0x000006dc   Code   RO         2594    i._printf_core      mc_w.l(printfa.o)
    0x080063c8   0x080063c8   0x00000024   Code   RO         2595    i._printf_post_padding  mc_w.l(printfa.o)
    0x080063ec   0x080063ec   0x0000002e   Code   RO         2596    i._printf_pre_padding  mc_w.l(printfa.o)
    0x0800641a   0x0800641a   0x0000003e   Code   RO         1686    i.ai_array_get_byte_size  NetworkRuntime700_CM4_Keil.lib(ai_datatypes_format.o)
    0x08006458   0x08006458   0x00000114   Code   RO         1689    i.ai_array_to_buffer_fmt  NetworkRuntime700_CM4_Keil.lib(ai_datatypes_format.o)
    0x0800656c   0x0800656c   0x0000002c   Code   RO         2142    i.ai_check_custom_types  NetworkRuntime700_CM4_Keil.lib(layers.o)
    0x08006598   0x08006598   0x00000120   Code   RO         1470    i.ai_conv2d_kernel_depthwise_f32  NetworkRuntime700_CM4_Keil.lib(layers_conv2d_generic_float.o)
    0x080066b8   0x080066b8   0x00000164   Code   RO         1471    i.ai_conv2d_kernel_group_f32  NetworkRuntime700_CM4_Keil.lib(layers_conv2d_generic_float.o)
    0x0800681c   0x0800681c   0x00000186   Code   RO         1472    i.ai_conv2d_kernel_simple_opt_f32  NetworkRuntime700_CM4_Keil.lib(layers_conv2d_generic_float.o)
    0x080069a2   0x080069a2   0x00000002   PAD
    0x080069a4   0x080069a4   0x00000264   Code   RO         1473    i.ai_conv2d_stripe_f32  NetworkRuntime700_CM4_Keil.lib(layers_conv2d_generic_float.o)
    0x08006c08   0x08006c08   0x0000012c   Code   RO         1474    i.ai_dict4_dot_array_f32  NetworkRuntime700_CM4_Keil.lib(layers_conv2d_generic_float.o)
    0x08006d34   0x08006d34   0x000000e8   Code   RO         1475    i.ai_dict8_dot_array_f32  NetworkRuntime700_CM4_Keil.lib(layers_conv2d_generic_float.o)
    0x08006e1c   0x08006e1c   0x0000007a   Code   RO         1476    i.ai_dict_decompress_f32  NetworkRuntime700_CM4_Keil.lib(layers_conv2d_generic_float.o)
    0x08006e96   0x08006e96   0x00000036   Code   RO         2145    i.ai_layers_destroy_all  NetworkRuntime700_CM4_Keil.lib(layers.o)
    0x08006ecc   0x08006ecc   0x0000004e   Code   RO         2146    i.ai_layers_forward_all  NetworkRuntime700_CM4_Keil.lib(layers.o)
    0x08006f1a   0x08006f1a   0x0000001e   Code   RO         2147    i.ai_layers_init_all  NetworkRuntime700_CM4_Keil.lib(layers.o)
    0x08006f38   0x08006f38   0x00000036   Code   RO         2148    i.ai_layers_post_init_all  NetworkRuntime700_CM4_Keil.lib(layers.o)
    0x08006f6e   0x08006f6e   0x00000002   PAD
    0x08006f70   0x08006f70   0x00000124   Code   RO         1407    i.ai_platform_api_get_network_report  NetworkRuntime700_CM4_Keil.lib(ai_platform_interface.o)
    0x08007094   0x08007094   0x00000014   Code   RO         1408    i.ai_platform_api_get_version  NetworkRuntime700_CM4_Keil.lib(ai_platform_interface.o)
    0x080070a8   0x080070a8   0x0000001c   Code   RO         1410    i.ai_platform_context_acquire  NetworkRuntime700_CM4_Keil.lib(ai_platform_interface.o)
    0x080070c4   0x080070c4   0x00000010   Code   RO         1412    i.ai_platform_get_activations_map  NetworkRuntime700_CM4_Keil.lib(ai_platform_interface.o)
    0x080070d4   0x080070d4   0x0000000e   Code   RO         1413    i.ai_platform_get_weights_map  NetworkRuntime700_CM4_Keil.lib(ai_platform_interface.o)
    0x080070e2   0x080070e2   0x00000002   PAD
    0x080070e4   0x080070e4   0x00000014   Code   RO         1414    i.ai_platform_interface_api_get_version  NetworkRuntime700_CM4_Keil.lib(ai_platform_interface.o)
    0x080070f8   0x080070f8   0x000000f0   Code   RO         1415    i.ai_platform_network_create  NetworkRuntime700_CM4_Keil.lib(ai_platform_interface.o)
    0x080071e8   0x080071e8   0x00000016   Code   RO         1416    i.ai_platform_network_destroy  NetworkRuntime700_CM4_Keil.lib(ai_platform_interface.o)
    0x080071fe   0x080071fe   0x00000002   PAD
    0x08007200   0x08007200   0x0000001c   Code   RO         1417    i.ai_platform_network_get_error  NetworkRuntime700_CM4_Keil.lib(ai_platform_interface.o)
    0x0800721c   0x0800721c   0x000000bc   Code   RO         1418    i.ai_platform_network_init  NetworkRuntime700_CM4_Keil.lib(ai_platform_interface.o)
    0x080072d8   0x080072d8   0x00000046   Code   RO         1419    i.ai_platform_network_post_init  NetworkRuntime700_CM4_Keil.lib(ai_platform_interface.o)
    0x0800731e   0x0800731e   0x00000054   Code   RO         1420    i.ai_platform_network_process  NetworkRuntime700_CM4_Keil.lib(ai_platform_interface.o)
    0x08007372   0x08007372   0x0000000c   Code   RO         1421    i.ai_platform_network_set_error  NetworkRuntime700_CM4_Keil.lib(ai_platform_interface.o)
    0x0800737e   0x0800737e   0x00000002   PAD
    0x08007380   0x08007380   0x00000054   Code   RO         1424    i.ai_platform_observer_register_s  NetworkRuntime700_CM4_Keil.lib(ai_platform_interface.o)
    0x080073d4   0x080073d4   0x00000022   Code   RO         1426    i.ai_platform_observer_unregister_s  NetworkRuntime700_CM4_Keil.lib(ai_platform_interface.o)
    0x080073f6   0x080073f6   0x00000002   PAD
    0x080073f8   0x080073f8   0x00000010   Code   RO         1427    i.ai_platform_runtime_get_revision  NetworkRuntime700_CM4_Keil.lib(ai_platform_interface.o)
    0x08007408   0x08007408   0x00000014   Code   RO         1428    i.ai_platform_runtime_get_version  NetworkRuntime700_CM4_Keil.lib(ai_platform_interface.o)
    0x0800741c   0x0800741c   0x0000001a   Code   RO         1508    i.ai_shape_get_size  NetworkRuntime700_CM4_Keil.lib(layers_nl_generic_float.o)
    0x08007436   0x08007436   0x0000000c   Code   RO         2157    i.core_get_error    NetworkRuntime700_CM4_Keil.lib(core_common.o)
    0x08007442   0x08007442   0x00000004   Code   RO         2158    i.core_init         NetworkRuntime700_CM4_Keil.lib(core_common.o)
    0x08007446   0x08007446   0x00000010   Code   RO         1478    i.core_nl_get_params_byte_size  NetworkRuntime700_CM4_Keil.lib(layers_conv2d_generic_float.o)
    0x08007456   0x08007456   0x00000012   Code   RO         1479    i.core_nl_get_params_ptr  NetworkRuntime700_CM4_Keil.lib(layers_conv2d_generic_float.o)
    0x08007468   0x08007468   0x00000010   Code   RO         1480    i.core_nl_get_params_stride  NetworkRuntime700_CM4_Keil.lib(layers_conv2d_generic_float.o)
    0x08007478   0x08007478   0x0000001a   Code   RO         2159    i.core_set_error    NetworkRuntime700_CM4_Keil.lib(core_common.o)
    0x08007492   0x08007492   0x00000002   PAD
    0x08007494   0x08007494   0x00000458   Code   RO         1482    i.forward_conv2d_nl_pool  NetworkRuntime700_CM4_Keil.lib(layers_conv2d_generic_float.o)
    0x080078ec   0x080078ec   0x000001e0   Code   RO         1483    i.forward_dense     NetworkRuntime700_CM4_Keil.lib(layers_conv2d_generic_float.o)
    0x08007acc   0x08007acc   0x0000009a   Code   RO         1531    i.forward_relu      NetworkRuntime700_CM4_Keil.lib(layers_nl_generic_float.o)
    0x08007b66   0x08007b66   0x0000006c   Code   RO         1540    i.forward_sm        NetworkRuntime700_CM4_Keil.lib(layers_nl_generic_float.o)
    0x08007bd2   0x08007bd2   0x00000002   Code   RO         1486    i.func_dummy        NetworkRuntime700_CM4_Keil.lib(layers_conv2d_generic_float.o)
    0x08007bd4   0x08007bd4   0x00000050   Code   RO         2620    i.internal_alloc    mc_w.l(mallocr.o)
    0x08007c24   0x08007c24   0x00000044   Code   RO         1570    i.nl_func_relu_array_f32  NetworkRuntime700_CM4_Keil.lib(layers_nl_generic_float.o)
    0x08007c68   0x08007c68   0x000000c4   Code   RO         1571    i.nl_func_relu_generic_array_f32  NetworkRuntime700_CM4_Keil.lib(layers_nl_generic_float.o)
    0x08007d2c   0x08007d2c   0x00000048   Code   RO         1572    i.nl_func_relu_thresholded_array_f32  NetworkRuntime700_CM4_Keil.lib(layers_nl_generic_float.o)
    0x08007d74   0x08007d74   0x0000004e   Code   RO         1580    i.nl_func_sm_array_f32  NetworkRuntime700_CM4_Keil.lib(layers_nl_generic_float.o)
    0x08007dc2   0x08007dc2   0x00000002   PAD
    0x08007dc4   0x08007dc4   0x0000009c   Code   RO         1581    i.nl_func_sm_channel_f32  NetworkRuntime700_CM4_Keil.lib(layers_nl_generic_float.o)
    0x08007e60   0x08007e60   0x000001ac   Code   RO         1674    i.pool_func_mp_array_f32  NetworkRuntime700_CM4_Keil.lib(layers_pool_generic_float.o)
    0x0800800c   0x0800800c   0x00000024   Code   RO         2333    i.puts              mc_w.l(puts.o)
    0x08008030   0x08008030   0x00000038   Data   RO         1429    .constdata          NetworkRuntime700_CM4_Keil.lib(ai_platform_interface.o)
    0x08008068   0x08008068   0x00000030   Data   RO         2272    .constdata          m_wm.l(expf.o)
    0x08008098   0x08008098   0x00000010   Data   RO         1384    .rodata.AHBPrescTable  system_stm32f4xx.o
    0x080080a8   0x080080a8   0x00000008   Data   RO         1385    .rodata.APBPrescTable  system_stm32f4xx.o
    0x080080b0   0x080080b0   0x0000002d   Data   RO          526    .rodata.ackMsg_fields  stm32msg.pb.o
    0x080080dd   0x080080dd   0x0000002d   Data   RO          523    .rodata.aiBufferByteMsg_fields  stm32msg.pb.o
    0x0800810a   0x0800810a   0x00000002   PAD
    0x0800810c   0x0800810c   0x00000004   Data   RO          518    .rodata.aiBufferShapeMsg_addr_default  stm32msg.pb.o
    0x08008110   0x08008110   0x00000004   Data   RO          515    .rodata.aiBufferShapeMsg_channels_default  stm32msg.pb.o
    0x08008114   0x08008114   0x00000087   Data   RO          521    .rodata.aiBufferShapeMsg_fields  stm32msg.pb.o
    0x0800819b   0x0800819b   0x00000001   PAD
    0x0800819c   0x0800819c   0x00000004   Data   RO          511    .rodata.aiBufferShapeMsg_format_default  stm32msg.pb.o
    0x080081a0   0x080081a0   0x00000004   Data   RO          513    .rodata.aiBufferShapeMsg_height_default  stm32msg.pb.o
    0x080081a4   0x080081a4   0x00000004   Data   RO          512    .rodata.aiBufferShapeMsg_n_batches_default  stm32msg.pb.o
    0x080081a8   0x080081a8   0x00000004   Data   RO          516    .rodata.aiBufferShapeMsg_scale_default  stm32msg.pb.o
    0x080081ac   0x080081ac   0x00000004   Data   RO          514    .rodata.aiBufferShapeMsg_width_default  stm32msg.pb.o
    0x080081b0   0x080081b0   0x00000004   Data   RO          517    .rodata.aiBufferShapeMsg_zeropoint_default  stm32msg.pb.o
    0x080081b4   0x080081b4   0x0000013b   Data   RO          522    .rodata.aiNetworkInfoMsg_fields  stm32msg.pb.o
    0x080082ef   0x080082ef   0x0000005a   Data   RO          520    .rodata.aiRunReportMsg_fields  stm32msg.pb.o
    0x08008349   0x08008349   0x00000003   PAD
    0x0800834c   0x0800834c   0x0000000c   Data   RO          181    .rodata.ai_network_1654513533255_data_weights_get.s_network_1654513533255_weights_map  network_1654513533255_data.o
    0x08008358   0x08008358   0x00000008   Data   RO           55    .rodata.conv2d_1_chain  network_1654513533255.o
    0x08008360   0x08008360   0x00000008   Data   RO           60    .rodata.dense_1_chain  network_1654513533255.o
    0x08008368   0x08008368   0x00000008   Data   RO           62    .rodata.dense_1_nl_chain  network_1654513533255.o
    0x08008370   0x08008370   0x00000008   Data   RO           64    .rodata.dense_2_chain  network_1654513533255.o
    0x08008378   0x08008378   0x00000008   Data   RO           66    .rodata.dense_2_nl_chain  network_1654513533255.o
    0x08008380   0x08008380   0x00000008   Data   RO           68    .rodata.dense_3_chain  network_1654513533255.o
    0x08008388   0x08008388   0x00000008   Data   RO           69    .rodata.dense_3_nl_chain  network_1654513533255.o
    0x08008390   0x08008390   0x0000002d   Data   RO          527    .rodata.logMsg_fields  stm32msg.pb.o
    0x080083bd   0x080083bd   0x00000003   PAD
    0x080083c0   0x080083c0   0x00000060   Data   RO          656    .rodata.networks    app_x-cube-ai.o
    0x08008420   0x08008420   0x0000004b   Data   RO          528    .rodata.nodeMsg_fields  stm32msg.pb.o
    0x0800846b   0x0800846b   0x00000001   Data   RO          510    .rodata.reqMsg_cmd_default  stm32msg.pb.o
    0x0800846c   0x0800846c   0x0000005a   Data   RO          519    .rodata.reqMsg_fields  stm32msg.pb.o
    0x080084c6   0x080084c6   0x00000096   Data   RO          529    .rodata.respMsg_fields  stm32msg.pb.o
    0x0800855c   0x0800855c   0x00000004   PAD
    0x08008560   0x08008560   0x000c1e18   Data   RO          180    .rodata.s_network_1654513533255_weights_array_u64  network_1654513533255_data.o
    0x080ca378   0x080ca378   0x00000065   Data   RO           31    .rodata.str1.1      network_1654513533255.o
    0x080ca3dd   0x080ca3dd   0x0000010d   Data   RO          324    .rodata.str1.1      aivalidation.o
    0x080ca4ea   0x080ca4ea   0x000000c5   Data   RO          430    .rodata.str1.1      pb_decode.o
    0x080ca5af   0x080ca5af   0x0000001f   Data   RO          501    .rodata.str1.1      pb_encode.o
    0x080ca5ce   0x080ca5ce   0x00000122   Data   RO          545    .rodata.str1.1      aitesthelper.o
    0x080ca6f0   0x080ca6f0   0x0000012a   Data   RO          591    .rodata.str1.1      aitestutility.o
    0x080ca81a   0x080ca81a   0x0000003c   Data   RO          524    .rodata.syncMsg_fields  stm32msg.pb.o
    0x080ca856   0x080ca856   0x0000004b   Data   RO          525    .rodata.sysinfoMsg_fields  stm32msg.pb.o
    0x080ca8a1   0x080ca8a1   0x00000003   PAD
    0x080ca8a4   0x080ca8a4   0x00000020   Data   RO         2744    Region$$Table       anon$$obj.o


    Execution Region RW_IRAM2 (Exec base: 0x10000000, Load base: 0x080cac20, Size: 0x00000000, Max: 0x00010000, ABSOLUTE)

    **** No section assigned to this execution region ****


    Execution Region RW_IRAM1 (Exec base: 0x20000000, Load base: 0x080ca8e0, Size: 0x00009a50, Max: 0x00030000, ABSOLUTE, COMPRESSED[0x00000340])

    Exec Addr    Load Addr    Size         Type   Attr      Idx    E Section Name        Object

    0x20000000   COMPRESSED   0x00000004   Data   RW         2693    .data               mc_w.l(stdout.o)
    0x20000004   COMPRESSED   0x00000004   Data   RW         2709    .data               mc_w.l(mvars.o)
    0x20000008   COMPRESSED   0x00000004   Data   RW         2710    .data               mc_w.l(mvars.o)
    0x2000000c   COMPRESSED   0x00000004   Data   RW         2714    .data               mc_w.l(errno.o)
    0x20000010   COMPRESSED   0x00000018   Data   RW           32    .data..compoundliteral  network_1654513533255.o
    0x20000028   COMPRESSED   0x0000000c   Data   RW           38    .data..compoundliteral.10  network_1654513533255.o
    0x20000034   COMPRESSED   0x00000010   Data   RW          156    .data..compoundliteral.101  network_1654513533255.o
    0x20000044   COMPRESSED   0x00000010   Data   RW          157    .data..compoundliteral.102  network_1654513533255.o
    0x20000054   COMPRESSED   0x00000010   Data   RW          160    .data..compoundliteral.104  network_1654513533255.o
    0x20000064   COMPRESSED   0x00000010   Data   RW          161    .data..compoundliteral.105  network_1654513533255.o
    0x20000074   COMPRESSED   0x00000010   Data   RW          164    .data..compoundliteral.107  network_1654513533255.o
    0x20000084   COMPRESSED   0x00000010   Data   RW          165    .data..compoundliteral.108  network_1654513533255.o
    0x20000094   COMPRESSED   0x00000004   Data   RW           39    .data..compoundliteral.11  network_1654513533255.o
    0x20000098   COMPRESSED   0x0000000c   Data   RW           43    .data..compoundliteral.15  network_1654513533255.o
    0x200000a4   COMPRESSED   0x00000018   Data   RW           44    .data..compoundliteral.16  network_1654513533255.o
    0x200000bc   COMPRESSED   0x00000010   Data   RW           46    .data..compoundliteral.18  network_1654513533255.o
    0x200000cc   COMPRESSED   0x00000010   Data   RW           47    .data..compoundliteral.19  network_1654513533255.o
    0x200000dc   COMPRESSED   0x00000010   Data   RW           50    .data..compoundliteral.21  network_1654513533255.o
    0x200000ec   COMPRESSED   0x00000010   Data   RW           51    .data..compoundliteral.22  network_1654513533255.o
    0x200000fc   COMPRESSED   0x00000004   Data   RW           70    .data..compoundliteral.27  network_1654513533255.o
    0x20000100   COMPRESSED   0x00000004   Data   RW           71    .data..compoundliteral.28  network_1654513533255.o
    0x20000104   COMPRESSED   0x00000030   Data   RW           74    .data..compoundliteral.31  network_1654513533255.o
    0x20000134   COMPRESSED   0x00000010   Data   RW           75    .data..compoundliteral.32  network_1654513533255.o
    0x20000144   COMPRESSED   0x00000010   Data   RW           76    .data..compoundliteral.33  network_1654513533255.o
    0x20000154   COMPRESSED   0x00000004   Data   RW           79    .data..compoundliteral.35  network_1654513533255.o
    0x20000158   COMPRESSED   0x00000004   Data   RW           80    .data..compoundliteral.36  network_1654513533255.o
    0x2000015c   COMPRESSED   0x00000008   Data   RW           81    .data..compoundliteral.37  network_1654513533255.o
    0x20000164   COMPRESSED   0x00000030   Data   RW           83    .data..compoundliteral.39  network_1654513533255.o
    0x20000194   COMPRESSED   0x00000010   Data   RW           84    .data..compoundliteral.40  network_1654513533255.o
    0x200001a4   COMPRESSED   0x00000010   Data   RW           85    .data..compoundliteral.41  network_1654513533255.o
    0x200001b4   COMPRESSED   0x00000010   Data   RW           88    .data..compoundliteral.43  network_1654513533255.o
    0x200001c4   COMPRESSED   0x00000010   Data   RW           89    .data..compoundliteral.44  network_1654513533255.o
    0x200001d4   COMPRESSED   0x00000010   Data   RW           92    .data..compoundliteral.46  network_1654513533255.o
    0x200001e4   COMPRESSED   0x00000010   Data   RW           93    .data..compoundliteral.47  network_1654513533255.o
    0x200001f4   COMPRESSED   0x00000004   Data   RW           96    .data..compoundliteral.49  network_1654513533255.o
    0x200001f8   COMPRESSED   0x00000018   Data   RW           33    .data..compoundliteral.5  network_1654513533255.o
    0x20000210   COMPRESSED   0x00000004   Data   RW           97    .data..compoundliteral.50  network_1654513533255.o
    0x20000214   COMPRESSED   0x00000030   Data   RW          100    .data..compoundliteral.53  network_1654513533255.o
    0x20000244   COMPRESSED   0x00000010   Data   RW          101    .data..compoundliteral.54  network_1654513533255.o
    0x20000254   COMPRESSED   0x00000010   Data   RW          102    .data..compoundliteral.55  network_1654513533255.o
    0x20000264   COMPRESSED   0x00000004   Data   RW          105    .data..compoundliteral.57  network_1654513533255.o
    0x20000268   COMPRESSED   0x00000004   Data   RW          106    .data..compoundliteral.58  network_1654513533255.o
    0x2000026c   COMPRESSED   0x00000008   Data   RW          107    .data..compoundliteral.59  network_1654513533255.o
    0x20000274   COMPRESSED   0x00000004   Data   RW           34    .data..compoundliteral.6  network_1654513533255.o
    0x20000278   COMPRESSED   0x00000030   Data   RW          109    .data..compoundliteral.61  network_1654513533255.o
    0x200002a8   COMPRESSED   0x00000010   Data   RW          110    .data..compoundliteral.62  network_1654513533255.o
    0x200002b8   COMPRESSED   0x00000010   Data   RW          111    .data..compoundliteral.63  network_1654513533255.o
    0x200002c8   COMPRESSED   0x00000010   Data   RW          114    .data..compoundliteral.65  network_1654513533255.o
    0x200002d8   COMPRESSED   0x00000010   Data   RW          115    .data..compoundliteral.66  network_1654513533255.o
    0x200002e8   COMPRESSED   0x00000010   Data   RW          118    .data..compoundliteral.68  network_1654513533255.o
    0x200002f8   COMPRESSED   0x00000010   Data   RW          119    .data..compoundliteral.69  network_1654513533255.o
    0x20000308   COMPRESSED   0x00000004   Data   RW          122    .data..compoundliteral.71  network_1654513533255.o
    0x2000030c   COMPRESSED   0x00000004   Data   RW          123    .data..compoundliteral.72  network_1654513533255.o
    0x20000310   COMPRESSED   0x00000030   Data   RW          126    .data..compoundliteral.75  network_1654513533255.o
    0x20000340   COMPRESSED   0x00000010   Data   RW          127    .data..compoundliteral.76  network_1654513533255.o
    0x20000350   COMPRESSED   0x00000010   Data   RW          128    .data..compoundliteral.77  network_1654513533255.o
    0x20000360   COMPRESSED   0x00000004   Data   RW          131    .data..compoundliteral.79  network_1654513533255.o
    0x20000364   COMPRESSED   0x00000004   Data   RW          132    .data..compoundliteral.80  network_1654513533255.o
    0x20000368   COMPRESSED   0x00000008   Data   RW          133    .data..compoundliteral.81  network_1654513533255.o
    0x20000370   COMPRESSED   0x00000030   Data   RW          135    .data..compoundliteral.83  network_1654513533255.o
    0x200003a0   COMPRESSED   0x00000010   Data   RW          136    .data..compoundliteral.84  network_1654513533255.o
    0x200003b0   COMPRESSED   0x00000010   Data   RW          137    .data..compoundliteral.85  network_1654513533255.o
    0x200003c0   COMPRESSED   0x00000010   Data   RW          140    .data..compoundliteral.87  network_1654513533255.o
    0x200003d0   COMPRESSED   0x00000010   Data   RW          141    .data..compoundliteral.88  network_1654513533255.o
    0x200003e0   COMPRESSED   0x00000010   Data   RW          144    .data..compoundliteral.90  network_1654513533255.o
    0x200003f0   COMPRESSED   0x00000010   Data   RW          145    .data..compoundliteral.91  network_1654513533255.o
    0x20000400   COMPRESSED   0x00000004   Data   RW          148    .data..compoundliteral.93  network_1654513533255.o
    0x20000404   COMPRESSED   0x00000004   Data   RW          149    .data..compoundliteral.94  network_1654513533255.o
    0x20000408   COMPRESSED   0x0000000c   Data   RW          150    .data..compoundliteral.95  network_1654513533255.o
    0x20000414   COMPRESSED   0x00000004   Data   RW          151    .data..compoundliteral.96  network_1654513533255.o
    0x20000418   COMPRESSED   0x00000030   Data   RW          152    .data..compoundliteral.97  network_1654513533255.o
    0x20000448   COMPRESSED   0x00000010   Data   RW          153    .data..compoundliteral.98  network_1654513533255.o
    0x20000458   COMPRESSED   0x00000010   Data   RW          154    .data..compoundliteral.99  network_1654513533255.o
    0x20000468   COMPRESSED   0x00000004   Data   RW         1383    .data.SystemCoreClock  system_stm32f4xx.o
    0x2000046c   COMPRESSED   0x0000001c   Data   RW          163    .data.conv2d_1_bias  network_1654513533255.o
    0x20000488   COMPRESSED   0x00000010   Data   RW          162    .data.conv2d_1_bias_array  network_1654513533255.o
    0x20000498   COMPRESSED   0x0000005c   Data   RW           58    .data.conv2d_1_layer  network_1654513533255.o
    0x200004f4   COMPRESSED   0x0000001c   Data   RW          155    .data.conv2d_1_output  network_1654513533255.o
    0x20000510   COMPRESSED   0x0000001c   Data   RW          139    .data.conv2d_1_output0  network_1654513533255.o
    0x2000052c   COMPRESSED   0x00000010   Data   RW          138    .data.conv2d_1_output_array  network_1654513533255.o
    0x2000053c   COMPRESSED   0x0000001c   Data   RW          167    .data.conv2d_1_scratch0  network_1654513533255.o
    0x20000558   COMPRESSED   0x00000010   Data   RW          166    .data.conv2d_1_scratch0_array  network_1654513533255.o
    0x20000568   COMPRESSED   0x0000001c   Data   RW          159    .data.conv2d_1_weights  network_1654513533255.o
    0x20000584   COMPRESSED   0x00000010   Data   RW          158    .data.conv2d_1_weights_array  network_1654513533255.o
    0x20000594   COMPRESSED   0x0000001c   Data   RW          147    .data.dense_1_bias  network_1654513533255.o
    0x200005b0   COMPRESSED   0x00000010   Data   RW          146    .data.dense_1_bias_array  network_1654513533255.o
    0x200005c0   COMPRESSED   0x0000001c   Data   RW           54    .data.dense_1_layer  network_1654513533255.o
    0x200005dc   COMPRESSED   0x00000020   Data   RW           59    .data.dense_1_nl_layer  network_1654513533255.o
    0x200005fc   COMPRESSED   0x0000001c   Data   RW          113    .data.dense_1_nl_output  network_1654513533255.o
    0x20000618   COMPRESSED   0x00000010   Data   RW          112    .data.dense_1_nl_output_array  network_1654513533255.o
    0x20000628   COMPRESSED   0x0000001c   Data   RW          130    .data.dense_1_output  network_1654513533255.o
    0x20000644   COMPRESSED   0x00000010   Data   RW          129    .data.dense_1_output_array  network_1654513533255.o
    0x20000654   COMPRESSED   0x0000001c   Data   RW          143    .data.dense_1_weights  network_1654513533255.o
    0x20000670   COMPRESSED   0x00000010   Data   RW          142    .data.dense_1_weights_array  network_1654513533255.o
    0x20000680   COMPRESSED   0x0000001c   Data   RW          121    .data.dense_2_bias  network_1654513533255.o
    0x2000069c   COMPRESSED   0x00000010   Data   RW          120    .data.dense_2_bias_array  network_1654513533255.o
    0x200006ac   COMPRESSED   0x0000001c   Data   RW           61    .data.dense_2_layer  network_1654513533255.o
    0x200006c8   COMPRESSED   0x00000020   Data   RW           63    .data.dense_2_nl_layer  network_1654513533255.o
    0x200006e8   COMPRESSED   0x0000001c   Data   RW           87    .data.dense_2_nl_output  network_1654513533255.o
    0x20000704   COMPRESSED   0x00000010   Data   RW           86    .data.dense_2_nl_output_array  network_1654513533255.o
    0x20000714   COMPRESSED   0x0000001c   Data   RW          104    .data.dense_2_output  network_1654513533255.o
    0x20000730   COMPRESSED   0x00000010   Data   RW          103    .data.dense_2_output_array  network_1654513533255.o
    0x20000740   COMPRESSED   0x0000001c   Data   RW          117    .data.dense_2_weights  network_1654513533255.o
    0x2000075c   COMPRESSED   0x00000010   Data   RW          116    .data.dense_2_weights_array  network_1654513533255.o
    0x2000076c   COMPRESSED   0x0000001c   Data   RW           95    .data.dense_3_bias  network_1654513533255.o
    0x20000788   COMPRESSED   0x00000010   Data   RW           94    .data.dense_3_bias_array  network_1654513533255.o
    0x20000798   COMPRESSED   0x0000001c   Data   RW           65    .data.dense_3_layer  network_1654513533255.o
    0x200007b4   COMPRESSED   0x00000020   Data   RW           67    .data.dense_3_nl_layer  network_1654513533255.o
    0x200007d4   COMPRESSED   0x0000001c   Data   RW           53    .data.dense_3_nl_output  network_1654513533255.o
    0x200007f0   COMPRESSED   0x00000010   Data   RW           52    .data.dense_3_nl_output_array  network_1654513533255.o
    0x20000800   COMPRESSED   0x0000001c   Data   RW           78    .data.dense_3_output  network_1654513533255.o
    0x2000081c   COMPRESSED   0x00000010   Data   RW           77    .data.dense_3_output_array  network_1654513533255.o
    0x2000082c   COMPRESSED   0x0000001c   Data   RW           91    .data.dense_3_weights  network_1654513533255.o
    0x20000848   COMPRESSED   0x00000010   Data   RW           90    .data.dense_3_weights_array  network_1654513533255.o
    0x20000858   COMPRESSED   0x00000048   Data   RW           45    .data.g_network_1654513533255  network_1654513533255.o
    0x200008a0   COMPRESSED   0x0000001c   Data   RW           49    .data.input_0_output  network_1654513533255.o
    0x200008bc   COMPRESSED   0x00000010   Data   RW           48    .data.input_0_output_array  network_1654513533255.o
    0x200008cc   COMPRESSED   0x0000003c   Data   RW          320    .data.pbCmdFuncTab  aivalidation.o
    0x20000908   COMPRESSED   0x00000001   Data   RW         1211    .data.uwTickFreq    stm32f4xx_hal.o
    0x20000909   COMPRESSED   0x00000003   PAD
    0x2000090c   COMPRESSED   0x00000004   Data   RW         1210    .data.uwTickPrio    stm32f4xx_hal.o
    0x20000910   COMPRESSED   0x00000010   PAD
    0x20000920        -       0x00000010   Zero   RW           40    .bss..compoundliteral.12  network_1654513533255.o
    0x20000930        -       0x00000018   Zero   RW           41    .bss..compoundliteral.13  network_1654513533255.o
    0x20000948        -       0x00000008   Zero   RW           42    .bss..compoundliteral.14  network_1654513533255.o
    0x20000950        -       0x00000010   Zero   RW           56    .bss..compoundliteral.24  network_1654513533255.o
    0x20000960        -       0x00000010   Zero   RW           57    .bss..compoundliteral.25  network_1654513533255.o
    0x20000970        -       0x00000004   Zero   RW           72    .bss..compoundliteral.29  network_1654513533255.o
    0x20000974        -       0x00000004   Zero   RW           73    .bss..compoundliteral.30  network_1654513533255.o
    0x20000978        -       0x00000004   Zero   RW           82    .bss..compoundliteral.38  network_1654513533255.o
    0x2000097c        -       0x00000004   Zero   RW           98    .bss..compoundliteral.51  network_1654513533255.o
    0x20000980        -       0x00000004   Zero   RW           99    .bss..compoundliteral.52  network_1654513533255.o
    0x20000984        -       0x00000004   Zero   RW          108    .bss..compoundliteral.60  network_1654513533255.o
    0x20000988        -       0x00000010   Zero   RW           35    .bss..compoundliteral.7  network_1654513533255.o
    0x20000998        -       0x00000004   Zero   RW          124    .bss..compoundliteral.73  network_1654513533255.o
    0x2000099c        -       0x00000004   Zero   RW          125    .bss..compoundliteral.74  network_1654513533255.o
    0x200009a0        -       0x00000018   Zero   RW           36    .bss..compoundliteral.8  network_1654513533255.o
    0x200009b8        -       0x00000004   Zero   RW          134    .bss..compoundliteral.82  network_1654513533255.o
    0x200009bc        -       0x00000008   Zero   RW           37    .bss..compoundliteral.9  network_1654513533255.o
    0x200009c4        -       0x00000001   Zero   RW          588    .bss._ioWriteAllowed  aitestutility.o
    0x200009c5   COMPRESSED   0x0000001b   PAD
    0x200009e0        -       0x00006000   Zero   RW          325    .bss.activations    aivalidation.o
    0x200069e0        -       0x00000050   Zero   RW          268    .bss.aiPbMgrWaitAndProcess.req  aipbmgr.o
    0x20006a30        -       0x00000200   Zero   RW          269    .bss.aiPbMgrWaitAndProcess.resp  aipbmgr.o
    0x20006c30        -       0x0000000c   Zero   RW          592    .bss.cyclesCount    aitestutility.o
    0x20006c3c        -       0x00000438   Zero   RW          322    .bss.data_in_1      aivalidation.o
    0x20007074        -       0x00000018   Zero   RW          323    .bss.data_out_1     aivalidation.o
    0x2000708c        -       0x00000038   Zero   RW          658    .bss.gnetworks      app_x-cube-ai.o
    0x200070c4        -       0x00000008   Zero   RW          695    .bss.hcrc           crc.o
    0x200070cc        -       0x00000044   Zero   RW          710    .bss.huart1         usart.o
    0x20007110        -       0x00000021   Zero   RW          213    .bss.i_packet       aipbio.o
    0x20007131   COMPRESSED   0x00000003   PAD
    0x20007134        -       0x00000004   Zero   RW          214    .bss.i_ridx         aipbio.o
    0x20007138        -       0x00000004   Zero   RW          590    .bss.mconf          aitestutility.o
    0x2000713c        -       0x0000007c   Zero   RW          319    .bss.net_exec_ctx   aivalidation.o
    0x200071b8        -       0x00000040   Zero   RW          321    .bss.net_obs_ctx    aivalidation.o
    0x200071f8        -       0x00000021   Zero   RW          212    .bss.o_packet       aipbio.o
    0x20007219   COMPRESSED   0x00000003   PAD
    0x2000721c        -       0x0000002c   Zero   RW          267    .bss.pbContextMgr   aipbmgr.o
    0x20007248        -       0x00000004   Zero   RW         1212    .bss.uwTick         stm32f4xx_hal.o
    0x2000724c   COMPRESSED   0x00000004   PAD
    0x20007250        -       0x00002000   Zero   RW            2    HEAP                startup_stm32f429xx.o
    0x20009250        -       0x00000800   Zero   RW            1    STACK               startup_stm32f429xx.o


==============================================================================

Image component sizes


      Code (inc. data)   RO Data    RW Data    ZI Data      Debug   Object Name

       450          0          0          0         70       3646   aipbio.o
      1652          4          0          0        636      15811   aipbmgr.o
      1056        408        290          0          0       4273   aitesthelper.o
      1480        572        298          0         17       8118   aitestutility.o
      2362        376        269         60      25868      18282   aivalidation.o
       676          0         96          0         56       9132   app_x-cube-ai.o
        84          0          0          0          8       2594   crc.o
        76          0          0          0          0       1468   gpio.o
       210          0          0          0          0       2660   main.o
       670          0        157       2232        164      10864   network_1654513533255.o
        10          0     794148          0          0       2688   network_1654513533255_data.o
       230          0          0          0          0       2265   pb_common.o
      3658        230        197          0          0      21714   pb_decode.o
      2298        232         31          0          0      16560   pb_encode.o
        36          8        428          0      10240        804   startup_stm32f429xx.o
       248          0          0          5          4       7656   stm32f4xx_hal.o
       218          0          0          0          0      10865   stm32f4xx_hal_cortex.o
        34          0          0          0          0       3059   stm32f4xx_hal_crc.o
       410          0          0          0          0       5213   stm32f4xx_hal_gpio.o
        56          0          0          0          0       1467   stm32f4xx_hal_msp.o
       122          0          0          0          0       4578   stm32f4xx_hal_pwr_ex.o
      1376          0          0          0          0       7318   stm32f4xx_hal_rcc.o
       860          0          0          0          0      24708   stm32f4xx_hal_uart.o
        24          0          0          0          0        991   stm32f4xx_it.o
         0          0       1158          0          0       2112   stm32msg.pb.o
        18          0         24          4          0       2653   system_stm32f4xx.o
       172          0          0          0         68       4904   usart.o

    ----------------------------------------------------------------------
     18676       1830     797144       2304      37184     196403   Object Totals
         0          0         32          0          0          0   (incl. Generated)
       190          0         16          3         53          0   (incl. Padding)

    ----------------------------------------------------------------------

      Code (inc. data)   RO Data    RW Data    ZI Data      Debug   Library Member Name

       338         54          0          0          0        244   ai_datatypes_format.o
      2624        108         56          0          0       3548   ai_platform_interface.o
        42          0          0          0          0        348   core_common.o
       278          6          0          0          0        756   layers.o
      4192         44          0          0          0       1908   layers_conv2d_generic_float.o
       858         24          0          0          0       1076   layers_nl_generic_float.o
       428          4          0          0          0        148   layers_pool_generic_float.o
       492         62         48          0          0        236   expf.o
        38          0          0          0          0        116   fpclassifyf.o
        38         12          0          0          0        348   funder.o
        86          0          0          0          0          0   __dczerorl2.o
         0          0          0          0          0          0   entry.o
         0          0          0          0          0          0   entry10a.o
         0          0          0          0          0          0   entry11a.o
         8          4          0          0          0          0   entry2.o
         4          0          0          0          0          0   entry5.o
         0          0          0          0          0          0   entry7b.o
         0          0          0          0          0          0   entry8b.o
         8          4          0          0          0          0   entry9a.o
        12          6          0          4          0         68   errno.o
        30          0          0          0          0          0   handlers.o
        36          8          0          0          0         68   init.o
         0          0          0          0          0          0   iusefp.o
        30          0          0          0          0         68   llshl.o
        36          0          0          0          0         68   llsshr.o
        32          0          0          0          0         68   llushr.o
       252         24          0          0          0        252   mallocr.o
        26          0          0          0          0         80   memcmp.o
        36          0          0          0          0         68   memcpya.o
        36          0          0          0          0        108   memseta.o
         0          0          0          8          0          0   mvars.o
      2258         90          0          0          0        452   printfa.o
        36          6          0          0          0         80   puts.o
         0          0          0          4          0          0   stdout.o
        14          0          0          0          0         68   strlen.o
        30          0          0          0          0         80   strncmp.o
        44          0          0          0          0         80   uidiv.o
        98          0          0          0          0         92   uldiv.o
        48          0          0          0          0         68   cdrcmple.o
       334          0          0          0          0        148   dadd.o
       222          0          0          0          0        100   ddiv.o
       186          0          0          0          0        176   depilogue.o
        48          0          0          0          0         68   dfixul.o
       228          0          0          0          0         96   dmul.o
        38          0          0          0          0         68   f2d.o
       110          0          0          0          0        168   fepilogue.o
        28          0          0          0          0         84   ffltul.o

    ----------------------------------------------------------------------
     13712        456        104         16          0      11404   Library Totals
        30          0          0          0          0          0   (incl. Padding)

    ----------------------------------------------------------------------

      Code (inc. data)   RO Data    RW Data    ZI Data      Debug   Library Name

      8760        240         56          0          0       8028   NetworkRuntime700_CM4_Keil.lib
       568         74         48          0          0        700   m_wm.l
      3112        142          0         16          0       1700   mc_w.l
      1242          0          0          0          0        976   mf_w.l

    ----------------------------------------------------------------------
     13712        456        104         16          0      11404   Library Totals

    ----------------------------------------------------------------------

==============================================================================


      Code (inc. data)   RO Data    RW Data    ZI Data      Debug   

     32388       2286     797248       2320      37184     200407   Grand Totals
     32388       2286     797248        832      37184     200407   ELF Image Totals (compressed)
     32388       2286     797248        832          0          0   ROM Totals

==============================================================================

    Total RO  Size (Code + RO Data)               829636 ( 810.19kB)
    Total RW  Size (RW Data + ZI Data)             39504 (  38.58kB)
    Total ROM Size (Code + RO Data + RW Data)     830468 ( 811.00kB)

==============================================================================

