Component: ARM Compiler 6.16 Tool: armlink [5dfeaa00]

==============================================================================

Section Cross References

    startup_stm32f429xx.o(RESET) refers to startup_stm32f429xx.o(STACK) for __initial_sp
    startup_stm32f429xx.o(RESET) refers to startup_stm32f429xx.o(.text) for Reset_Handler
    startup_stm32f429xx.o(RESET) refers to stm32f4xx_it.o(.text.NMI_Handler) for NMI_Handler
    startup_stm32f429xx.o(RESET) refers to stm32f4xx_it.o(.text.HardFault_Handler) for HardFault_Handler
    startup_stm32f429xx.o(RESET) refers to stm32f4xx_it.o(.text.MemManage_Handler) for MemManage_Handler
    startup_stm32f429xx.o(RESET) refers to stm32f4xx_it.o(.text.BusFault_Handler) for BusFault_Handler
    startup_stm32f429xx.o(RESET) refers to stm32f4xx_it.o(.text.UsageFault_Handler) for UsageFault_Handler
    startup_stm32f429xx.o(RESET) refers to stm32f4xx_it.o(.text.SVC_Handler) for SVC_Handler
    startup_stm32f429xx.o(RESET) refers to stm32f4xx_it.o(.text.DebugMon_Handler) for DebugMon_Handler
    startup_stm32f429xx.o(RESET) refers to stm32f4xx_it.o(.text.PendSV_Handler) for PendSV_Handler
    startup_stm32f429xx.o(RESET) refers to stm32f4xx_it.o(.text.SysTick_Handler) for SysTick_Handler
    startup_stm32f429xx.o(RESET) refers to stm32f4xx_it.o(.text.USART1_IRQHandler) for USART1_IRQHandler
    startup_stm32f429xx.o(.text) refers to system_stm32f4xx.o(.text.SystemInit) for SystemInit
    startup_stm32f429xx.o(.text) refers to entry.o(.ARM.Collect$$$$00000000) for __main
    main.o(.text.main) refers to main.o(.text.LL_APB2_GRP1_EnableClock) for LL_APB2_GRP1_EnableClock
    main.o(.text.main) refers to main.o(.text.LL_APB1_GRP1_EnableClock) for LL_APB1_GRP1_EnableClock
    main.o(.text.main) refers to main.o(.text.__NVIC_SetPriorityGrouping) for __NVIC_SetPriorityGrouping
    main.o(.text.main) refers to main.o(.text.__NVIC_GetPriorityGrouping) for __NVIC_GetPriorityGrouping
    main.o(.text.main) refers to main.o(.text.NVIC_EncodePriority) for NVIC_EncodePriority
    main.o(.text.main) refers to main.o(.text.__NVIC_SetPriority) for __NVIC_SetPriority
    main.o(.text.main) refers to main.o(.text.SystemClock_Config) for SystemClock_Config
    main.o(.text.main) refers to gpio.o(.text.MX_GPIO_Init) for MX_GPIO_Init
    main.o(.text.main) refers to usart.o(.text.MX_USART1_UART_Init) for MX_USART1_UART_Init
    main.o(.text.main) refers to main.o(.text.MX_NVIC_Init) for MX_NVIC_Init
    main.o(.text.main) refers to main.o(.text.LL_USART_EnableIT_RXNE) for LL_USART_EnableIT_RXNE
    main.o(.text.main) refers to main.o(.text.LL_USART_EnableIT_IDLE) for LL_USART_EnableIT_IDLE
    main.o(.text.main) refers to puts.o(i.puts) for puts
    main.o(.ARM.exidx.text.main) refers to main.o(.text.main) for [Anonymous Symbol]
    main.o(.ARM.exidx.text.LL_APB2_GRP1_EnableClock) refers to main.o(.text.LL_APB2_GRP1_EnableClock) for [Anonymous Symbol]
    main.o(.ARM.exidx.text.LL_APB1_GRP1_EnableClock) refers to main.o(.text.LL_APB1_GRP1_EnableClock) for [Anonymous Symbol]
    main.o(.ARM.exidx.text.__NVIC_SetPriorityGrouping) refers to main.o(.text.__NVIC_SetPriorityGrouping) for [Anonymous Symbol]
    main.o(.ARM.exidx.text.__NVIC_SetPriority) refers to main.o(.text.__NVIC_SetPriority) for [Anonymous Symbol]
    main.o(.ARM.exidx.text.NVIC_EncodePriority) refers to main.o(.text.NVIC_EncodePriority) for [Anonymous Symbol]
    main.o(.ARM.exidx.text.__NVIC_GetPriorityGrouping) refers to main.o(.text.__NVIC_GetPriorityGrouping) for [Anonymous Symbol]
    main.o(.text.SystemClock_Config) refers to main.o(.text.LL_FLASH_SetLatency) for LL_FLASH_SetLatency
    main.o(.text.SystemClock_Config) refers to main.o(.text.LL_FLASH_GetLatency) for LL_FLASH_GetLatency
    main.o(.text.SystemClock_Config) refers to main.o(.text.LL_PWR_SetRegulVoltageScaling) for LL_PWR_SetRegulVoltageScaling
    main.o(.text.SystemClock_Config) refers to main.o(.text.LL_PWR_DisableOverDriveMode) for LL_PWR_DisableOverDriveMode
    main.o(.text.SystemClock_Config) refers to main.o(.text.LL_RCC_HSE_Enable) for LL_RCC_HSE_Enable
    main.o(.text.SystemClock_Config) refers to main.o(.text.LL_RCC_HSE_IsReady) for LL_RCC_HSE_IsReady
    main.o(.text.SystemClock_Config) refers to main.o(.text.LL_RCC_PLL_ConfigDomain_SYS) for LL_RCC_PLL_ConfigDomain_SYS
    main.o(.text.SystemClock_Config) refers to main.o(.text.LL_RCC_PLL_Enable) for LL_RCC_PLL_Enable
    main.o(.text.SystemClock_Config) refers to main.o(.text.LL_RCC_PLL_IsReady) for LL_RCC_PLL_IsReady
    main.o(.text.SystemClock_Config) refers to main.o(.text.LL_RCC_SetAHBPrescaler) for LL_RCC_SetAHBPrescaler
    main.o(.text.SystemClock_Config) refers to main.o(.text.LL_RCC_SetAPB1Prescaler) for LL_RCC_SetAPB1Prescaler
    main.o(.text.SystemClock_Config) refers to main.o(.text.LL_RCC_SetAPB2Prescaler) for LL_RCC_SetAPB2Prescaler
    main.o(.text.SystemClock_Config) refers to main.o(.text.LL_RCC_SetSysClkSource) for LL_RCC_SetSysClkSource
[...]
    stm32f4xx_ll_rcc.o(.ARM.exidx.text.LL_RCC_PLLSAI_GetQ) refers to stm32f4xx_ll_rcc.o(.text.LL_RCC_PLLSAI_GetQ) for [Anonymous Symbol]
    stm32f4xx_ll_rcc.o(.ARM.exidx.text.LL_RCC_PLLSAI_GetDIVQ) refers to stm32f4xx_ll_rcc.o(.text.LL_RCC_PLLSAI_GetDIVQ) for [Anonymous Symbol]
    stm32f4xx_ll_rcc.o(.ARM.exidx.text.LL_RCC_PLLSAI_GetR) refers to stm32f4xx_ll_rcc.o(.text.LL_RCC_PLLSAI_GetR) for [Anonymous Symbol]
    stm32f4xx_ll_rcc.o(.ARM.exidx.text.LL_RCC_PLLSAI_GetDIVR) refers to stm32f4xx_ll_rcc.o(.text.LL_RCC_PLLSAI_GetDIVR) for [Anonymous Symbol]
    stm32f4xx_ll_rcc.o(.ARM.exidx.text.LL_RCC_PLLI2S_GetMainSource) refers to stm32f4xx_ll_rcc.o(.text.LL_RCC_PLLI2S_GetMainSource) for [Anonymous Symbol]
    stm32f4xx_ll_rcc.o(.ARM.exidx.text.LL_RCC_PLLI2S_GetDivider) refers to stm32f4xx_ll_rcc.o(.text.LL_RCC_PLLI2S_GetDivider) for [Anonymous Symbol]
    stm32f4xx_ll_rcc.o(.ARM.exidx.text.LL_RCC_PLLI2S_GetN) refers to stm32f4xx_ll_rcc.o(.text.LL_RCC_PLLI2S_GetN) for [Anonymous Symbol]
    stm32f4xx_ll_rcc.o(.ARM.exidx.text.LL_RCC_PLLI2S_GetQ) refers to stm32f4xx_ll_rcc.o(.text.LL_RCC_PLLI2S_GetQ) for [Anonymous Symbol]
    stm32f4xx_ll_rcc.o(.ARM.exidx.text.LL_RCC_PLLI2S_GetDIVQ) refers to stm32f4xx_ll_rcc.o(.text.LL_RCC_PLLI2S_GetDIVQ) for [Anonymous Symbol]
    stm32f4xx_ll_rcc.o(.ARM.exidx.text.LL_RCC_PLLI2S_GetR) refers to stm32f4xx_ll_rcc.o(.text.LL_RCC_PLLI2S_GetR) for [Anonymous Symbol]
    stm32f4xx_ll_utils.o(.text.LL_Init1msTick) refers to stm32f4xx_ll_utils.o(.text.LL_InitTick) for LL_InitTick
    stm32f4xx_ll_utils.o(.ARM.exidx.text.LL_Init1msTick) refers to stm32f4xx_ll_utils.o(.text.LL_Init1msTick) for [Anonymous Symbol]
    stm32f4xx_ll_utils.o(.ARM.exidx.text.LL_InitTick) refers to stm32f4xx_ll_utils.o(.text.LL_InitTick) for [Anonymous Symbol]
    stm32f4xx_ll_utils.o(.ARM.exidx.text.LL_mDelay) refers to stm32f4xx_ll_utils.o(.text.LL_mDelay) for [Anonymous Symbol]
    stm32f4xx_ll_utils.o(.text.LL_SetSystemCoreClock) refers to system_stm32f4xx.o(.data.SystemCoreClock) for SystemCoreClock
    stm32f4xx_ll_utils.o(.ARM.exidx.text.LL_SetSystemCoreClock) refers to stm32f4xx_ll_utils.o(.text.LL_SetSystemCoreClock) for [Anonymous Symbol]
    stm32f4xx_ll_utils.o(.text.LL_SetFlashLatency) refers to stm32f4xx_ll_utils.o(.text.LL_PWR_GetRegulVoltageScaling) for LL_PWR_GetRegulVoltageScaling
    stm32f4xx_ll_utils.o(.text.LL_SetFlashLatency) refers to stm32f4xx_ll_utils.o(.text.LL_FLASH_SetLatency) for LL_FLASH_SetLatency
    stm32f4xx_ll_utils.o(.text.LL_SetFlashLatency) refers to stm32f4xx_ll_utils.o(.text.LL_FLASH_GetLatency) for LL_FLASH_GetLatency
    stm32f4xx_ll_utils.o(.ARM.exidx.text.LL_SetFlashLatency) refers to stm32f4xx_ll_utils.o(.text.LL_SetFlashLatency) for [Anonymous Symbol]
    stm32f4xx_ll_utils.o(.ARM.exidx.text.LL_PWR_GetRegulVoltageScaling) refers to stm32f4xx_ll_utils.o(.text.LL_PWR_GetRegulVoltageScaling) for [Anonymous Symbol]
    stm32f4xx_ll_utils.o(.ARM.exidx.text.LL_FLASH_SetLatency) refers to stm32f4xx_ll_utils.o(.text.LL_FLASH_SetLatency) for [Anonymous Symbol]
    stm32f4xx_ll_utils.o(.ARM.exidx.text.LL_FLASH_GetLatency) refers to stm32f4xx_ll_utils.o(.text.LL_FLASH_GetLatency) for [Anonymous Symbol]
    stm32f4xx_ll_utils.o(.text.LL_PLL_ConfigSystemClock_HSI) refers to stm32f4xx_ll_utils.o(.text.UTILS_PLL_IsBusy) for UTILS_PLL_IsBusy
    stm32f4xx_ll_utils.o(.text.LL_PLL_ConfigSystemClock_HSI) refers to stm32f4xx_ll_utils.o(.text.UTILS_GetPLLOutputFrequency) for UTILS_GetPLLOutputFrequency
    stm32f4xx_ll_utils.o(.text.LL_PLL_ConfigSystemClock_HSI) refers to stm32f4xx_ll_utils.o(.text.LL_RCC_HSI_IsReady) for LL_RCC_HSI_IsReady
    stm32f4xx_ll_utils.o(.text.LL_PLL_ConfigSystemClock_HSI) refers to stm32f4xx_ll_utils.o(.text.LL_RCC_HSI_Enable) for LL_RCC_HSI_Enable
    stm32f4xx_ll_utils.o(.text.LL_PLL_ConfigSystemClock_HSI) refers to stm32f4xx_ll_utils.o(.text.LL_RCC_PLL_ConfigDomain_SYS) for LL_RCC_PLL_ConfigDomain_SYS
    stm32f4xx_ll_utils.o(.text.LL_PLL_ConfigSystemClock_HSI) refers to stm32f4xx_ll_utils.o(.text.UTILS_EnablePLLAndSwitchSystem) for UTILS_EnablePLLAndSwitchSystem
    stm32f4xx_ll_utils.o(.ARM.exidx.text.LL_PLL_ConfigSystemClock_HSI) refers to stm32f4xx_ll_utils.o(.text.LL_PLL_ConfigSystemClock_HSI) for [Anonymous Symbol]
    stm32f4xx_ll_utils.o(.text.UTILS_PLL_IsBusy) refers to stm32f4xx_ll_utils.o(.text.LL_RCC_PLL_IsReady) for LL_RCC_PLL_IsReady
    stm32f4xx_ll_utils.o(.text.UTILS_PLL_IsBusy) refers to stm32f4xx_ll_utils.o(.text.LL_RCC_PLLSAI_IsReady) for LL_RCC_PLLSAI_IsReady
    stm32f4xx_ll_utils.o(.text.UTILS_PLL_IsBusy) refers to stm32f4xx_ll_utils.o(.text.LL_RCC_PLLI2S_IsReady) for LL_RCC_PLLI2S_IsReady
    stm32f4xx_ll_utils.o(.ARM.exidx.text.UTILS_PLL_IsBusy) refers to stm32f4xx_ll_utils.o(.text.UTILS_PLL_IsBusy) for [Anonymous Symbol]
    stm32f4xx_ll_utils.o(.ARM.exidx.text.UTILS_GetPLLOutputFrequency) refers to stm32f4xx_ll_utils.o(.text.UTILS_GetPLLOutputFrequency) for [Anonymous Symbol]
    stm32f4xx_ll_utils.o(.ARM.exidx.text.LL_RCC_HSI_IsReady) refers to stm32f4xx_ll_utils.o(.text.LL_RCC_HSI_IsReady) for [Anonymous Symbol]
    stm32f4xx_ll_utils.o(.ARM.exidx.text.LL_RCC_HSI_Enable) refers to stm32f4xx_ll_utils.o(.text.LL_RCC_HSI_Enable) for [Anonymous Symbol]
    stm32f4xx_ll_utils.o(.ARM.exidx.text.LL_RCC_PLL_ConfigDomain_SYS) refers to stm32f4xx_ll_utils.o(.text.LL_RCC_PLL_ConfigDomain_SYS) for [Anonymous Symbol]
    stm32f4xx_ll_utils.o(.text.UTILS_EnablePLLAndSwitchSystem) refers to system_stm32f4xx.o(.rodata.AHBPrescTable) for AHBPrescTable
    stm32f4xx_ll_utils.o(.text.UTILS_EnablePLLAndSwitchSystem) refers to system_stm32f4xx.o(.data.SystemCoreClock) for SystemCoreClock
    stm32f4xx_ll_utils.o(.text.UTILS_EnablePLLAndSwitchSystem) refers to stm32f4xx_ll_utils.o(.text.LL_SetFlashLatency) for LL_SetFlashLatency
    stm32f4xx_ll_utils.o(.text.UTILS_EnablePLLAndSwitchSystem) refers to stm32f4xx_ll_utils.o(.text.LL_RCC_PLL_Enable) for LL_RCC_PLL_Enable
    stm32f4xx_ll_utils.o(.text.UTILS_EnablePLLAndSwitchSystem) refers to stm32f4xx_ll_utils.o(.text.LL_RCC_PLL_IsReady) for LL_RCC_PLL_IsReady
    stm32f4xx_ll_utils.o(.text.UTILS_EnablePLLAndSwitchSystem) refers to stm32f4xx_ll_utils.o(.text.LL_RCC_SetAHBPrescaler) for LL_RCC_SetAHBPrescaler
    stm32f4xx_ll_utils.o(.text.UTILS_EnablePLLAndSwitchSystem) refers to stm32f4xx_ll_utils.o(.text.LL_RCC_SetSysClkSource) for LL_RCC_SetSysClkSource
    stm32f4xx_ll_utils.o(.text.UTILS_EnablePLLAndSwitchSystem) refers to stm32f4xx_ll_utils.o(.text.LL_RCC_GetSysClkSource) for LL_RCC_GetSysClkSource
    stm32f4xx_ll_utils.o(.text.UTILS_EnablePLLAndSwitchSystem) refers to stm32f4xx_ll_utils.o(.text.LL_RCC_SetAPB1Prescaler) for LL_RCC_SetAPB1Prescaler
    stm32f4xx_ll_utils.o(.text.UTILS_EnablePLLAndSwitchSystem) refers to stm32f4xx_ll_utils.o(.text.LL_RCC_SetAPB2Prescaler) for LL_RCC_SetAPB2Prescaler
    stm32f4xx_ll_utils.o(.text.UTILS_EnablePLLAndSwitchSystem) refers to stm32f4xx_ll_utils.o(.text.LL_SetSystemCoreClock) for LL_SetSystemCoreClock
    stm32f4xx_ll_utils.o(.ARM.exidx.text.UTILS_EnablePLLAndSwitchSystem) refers to stm32f4xx_ll_utils.o(.text.UTILS_EnablePLLAndSwitchSystem) for [Anonymous Symbol]
    stm32f4xx_ll_utils.o(.text.LL_PLL_ConfigSystemClock_HSE) refers to stm32f4xx_ll_utils.o(.text.UTILS_PLL_IsBusy) for UTILS_PLL_IsBusy
    stm32f4xx_ll_utils.o(.text.LL_PLL_ConfigSystemClock_HSE) refers to stm32f4xx_ll_utils.o(.text.UTILS_GetPLLOutputFrequency) for UTILS_GetPLLOutputFrequency
    stm32f4xx_ll_utils.o(.text.LL_PLL_ConfigSystemClock_HSE) refers to stm32f4xx_ll_utils.o(.text.LL_RCC_HSE_IsReady) for LL_RCC_HSE_IsReady
    stm32f4xx_ll_utils.o(.text.LL_PLL_ConfigSystemClock_HSE) refers to stm32f4xx_ll_utils.o(.text.LL_RCC_HSE_EnableBypass) for LL_RCC_HSE_EnableBypass
    stm32f4xx_ll_utils.o(.text.LL_PLL_ConfigSystemClock_HSE) refers to stm32f4xx_ll_utils.o(.text.LL_RCC_HSE_DisableBypass) for LL_RCC_HSE_DisableBypass
    stm32f4xx_ll_utils.o(.text.LL_PLL_ConfigSystemClock_HSE) refers to stm32f4xx_ll_utils.o(.text.LL_RCC_HSE_Enable) for LL_RCC_HSE_Enable
    stm32f4xx_ll_utils.o(.text.LL_PLL_ConfigSystemClock_HSE) refers to stm32f4xx_ll_utils.o(.text.LL_RCC_PLL_ConfigDomain_SYS) for LL_RCC_PLL_ConfigDomain_SYS
    stm32f4xx_ll_utils.o(.text.LL_PLL_ConfigSystemClock_HSE) refers to stm32f4xx_ll_utils.o(.text.UTILS_EnablePLLAndSwitchSystem) for UTILS_EnablePLLAndSwitchSystem
    stm32f4xx_ll_utils.o(.ARM.exidx.text.LL_PLL_ConfigSystemClock_HSE) refers to stm32f4xx_ll_utils.o(.text.LL_PLL_ConfigSystemClock_HSE) for [Anonymous Symbol]
    stm32f4xx_ll_utils.o(.ARM.exidx.text.LL_RCC_HSE_IsReady) refers to stm32f4xx_ll_utils.o(.text.LL_RCC_HSE_IsReady) for [Anonymous Symbol]
    stm32f4xx_ll_utils.o(.ARM.exidx.text.LL_RCC_HSE_EnableBypass) refers to stm32f4xx_ll_utils.o(.text.LL_RCC_HSE_EnableBypass) for [Anonymous Symbol]
    stm32f4xx_ll_utils.o(.ARM.exidx.text.LL_RCC_HSE_DisableBypass) refers to stm32f4xx_ll_utils.o(.text.LL_RCC_HSE_DisableBypass) for [Anonymous Symbol]
    stm32f4xx_ll_utils.o(.ARM.exidx.text.LL_RCC_HSE_Enable) refers to stm32f4xx_ll_utils.o(.text.LL_RCC_HSE_Enable) for [Anonymous Symbol]
    stm32f4xx_ll_utils.o(.ARM.exidx.text.LL_RCC_PLL_IsReady) refers to stm32f4xx_ll_utils.o(.text.LL_RCC_PLL_IsReady) for [Anonymous Symbol]
    stm32f4xx_ll_utils.o(.ARM.exidx.text.LL_RCC_PLLSAI_IsReady) refers to stm32f4xx_ll_utils.o(.text.LL_RCC_PLLSAI_IsReady) for [Anonymous Symbol]
    stm32f4xx_ll_utils.o(.ARM.exidx.text.LL_RCC_PLLI2S_IsReady) refers to stm32f4xx_ll_utils.o(.text.LL_RCC_PLLI2S_IsReady) for [Anonymous Symbol]
    stm32f4xx_ll_utils.o(.ARM.exidx.text.LL_RCC_PLL_Enable) refers to stm32f4xx_ll_utils.o(.text.LL_RCC_PLL_Enable) for [Anonymous Symbol]
    stm32f4xx_ll_utils.o(.ARM.exidx.text.LL_RCC_SetAHBPrescaler) refers to stm32f4xx_ll_utils.o(.text.LL_RCC_SetAHBPrescaler) for [Anonymous Symbol]
    stm32f4xx_ll_utils.o(.ARM.exidx.text.LL_RCC_SetSysClkSource) refers to stm32f4xx_ll_utils.o(.text.LL_RCC_SetSysClkSource) for [Anonymous Symbol]
    stm32f4xx_ll_utils.o(.ARM.exidx.text.LL_RCC_GetSysClkSource) refers to stm32f4xx_ll_utils.o(.text.LL_RCC_GetSysClkSource) for [Anonymous Symbol]
    stm32f4xx_ll_utils.o(.ARM.exidx.text.LL_RCC_SetAPB1Prescaler) refers to stm32f4xx_ll_utils.o(.text.LL_RCC_SetAPB1Prescaler) for [Anonymous Symbol]
    stm32f4xx_ll_utils.o(.ARM.exidx.text.LL_RCC_SetAPB2Prescaler) refers to stm32f4xx_ll_utils.o(.text.LL_RCC_SetAPB2Prescaler) for [Anonymous Symbol]
    stm32f4xx_ll_exti.o(.ARM.exidx.text.LL_EXTI_DeInit) refers to stm32f4xx_ll_exti.o(.text.LL_EXTI_DeInit) for [Anonymous Symbol]
    stm32f4xx_ll_exti.o(.text.LL_EXTI_Init) refers to stm32f4xx_ll_exti.o(.text.LL_EXTI_DisableEvent_0_31) for LL_EXTI_DisableEvent_0_31
    stm32f4xx_ll_exti.o(.text.LL_EXTI_Init) refers to stm32f4xx_ll_exti.o(.text.LL_EXTI_EnableIT_0_31) for LL_EXTI_EnableIT_0_31
    stm32f4xx_ll_exti.o(.text.LL_EXTI_Init) refers to stm32f4xx_ll_exti.o(.text.LL_EXTI_DisableIT_0_31) for LL_EXTI_DisableIT_0_31
    stm32f4xx_ll_exti.o(.text.LL_EXTI_Init) refers to stm32f4xx_ll_exti.o(.text.LL_EXTI_EnableEvent_0_31) for LL_EXTI_EnableEvent_0_31
    stm32f4xx_ll_exti.o(.text.LL_EXTI_Init) refers to stm32f4xx_ll_exti.o(.text.LL_EXTI_DisableFallingTrig_0_31) for LL_EXTI_DisableFallingTrig_0_31
    stm32f4xx_ll_exti.o(.text.LL_EXTI_Init) refers to stm32f4xx_ll_exti.o(.text.LL_EXTI_EnableRisingTrig_0_31) for LL_EXTI_EnableRisingTrig_0_31
    stm32f4xx_ll_exti.o(.text.LL_EXTI_Init) refers to stm32f4xx_ll_exti.o(.text.LL_EXTI_DisableRisingTrig_0_31) for LL_EXTI_DisableRisingTrig_0_31
    stm32f4xx_ll_exti.o(.text.LL_EXTI_Init) refers to stm32f4xx_ll_exti.o(.text.LL_EXTI_EnableFallingTrig_0_31) for LL_EXTI_EnableFallingTrig_0_31
    stm32f4xx_ll_exti.o(.ARM.exidx.text.LL_EXTI_Init) refers to stm32f4xx_ll_exti.o(.text.LL_EXTI_Init) for [Anonymous Symbol]
    stm32f4xx_ll_exti.o(.ARM.exidx.text.LL_EXTI_DisableEvent_0_31) refers to stm32f4xx_ll_exti.o(.text.LL_EXTI_DisableEvent_0_31) for [Anonymous Symbol]
    stm32f4xx_ll_exti.o(.ARM.exidx.text.LL_EXTI_EnableIT_0_31) refers to stm32f4xx_ll_exti.o(.text.LL_EXTI_EnableIT_0_31) for [Anonymous Symbol]
    stm32f4xx_ll_exti.o(.ARM.exidx.text.LL_EXTI_DisableIT_0_31) refers to stm32f4xx_ll_exti.o(.text.LL_EXTI_DisableIT_0_31) for [Anonymous Symbol]
    stm32f4xx_ll_exti.o(.ARM.exidx.text.LL_EXTI_EnableEvent_0_31) refers to stm32f4xx_ll_exti.o(.text.LL_EXTI_EnableEvent_0_31) for [Anonymous Symbol]
    stm32f4xx_ll_exti.o(.ARM.exidx.text.LL_EXTI_DisableFallingTrig_0_31) refers to stm32f4xx_ll_exti.o(.text.LL_EXTI_DisableFallingTrig_0_31) for [Anonymous Symbol]
    stm32f4xx_ll_exti.o(.ARM.exidx.text.LL_EXTI_EnableRisingTrig_0_31) refers to stm32f4xx_ll_exti.o(.text.LL_EXTI_EnableRisingTrig_0_31) for [Anonymous Symbol]
    stm32f4xx_ll_exti.o(.ARM.exidx.text.LL_EXTI_DisableRisingTrig_0_31) refers to stm32f4xx_ll_exti.o(.text.LL_EXTI_DisableRisingTrig_0_31) for [Anonymous Symbol]
    stm32f4xx_ll_exti.o(.ARM.exidx.text.LL_EXTI_EnableFallingTrig_0_31) refers to stm32f4xx_ll_exti.o(.text.LL_EXTI_EnableFallingTrig_0_31) for [Anonymous Symbol]
    stm32f4xx_ll_exti.o(.ARM.exidx.text.LL_EXTI_StructInit) refers to stm32f4xx_ll_exti.o(.text.LL_EXTI_StructInit) for [Anonymous Symbol]
    system_stm32f4xx.o(.ARM.exidx.text.SystemInit) refers to system_stm32f4xx.o(.text.SystemInit) for [Anonymous Symbol]
    system_stm32f4xx.o(.text.SystemCoreClockUpdate) refers to system_stm32f4xx.o(.data.SystemCoreClock) for SystemCoreClock
    system_stm32f4xx.o(.text.SystemCoreClockUpdate) refers to system_stm32f4xx.o(.rodata.AHBPrescTable) for AHBPrescTable
    system_stm32f4xx.o(.ARM.exidx.text.SystemCoreClockUpdate) refers to system_stm32f4xx.o(.text.SystemCoreClockUpdate) for [Anonymous Symbol]
    entry.o(.ARM.Collect$$$$00000000) refers (Special) to entry10a.o(.ARM.Collect$$$$0000000D) for __rt_final_cpp
    entry.o(.ARM.Collect$$$$00000000) refers (Special) to entry11a.o(.ARM.Collect$$$$0000000F) for __rt_final_exit
    entry.o(.ARM.Collect$$$$00000000) refers (Special) to entry7b.o(.ARM.Collect$$$$00000008) for _main_clock
    entry.o(.ARM.Collect$$$$00000000) refers (Special) to entry8b.o(.ARM.Collect$$$$0000000A) for _main_cpp_init
    entry.o(.ARM.Collect$$$$00000000) refers (Special) to entry9a.o(.ARM.Collect$$$$0000000B) for _main_init
    entry.o(.ARM.Collect$$$$00000000) refers (Special) to entry5.o(.ARM.Collect$$$$00000004) for _main_scatterload
    entry.o(.ARM.Collect$$$$00000000) refers (Special) to entry2.o(.ARM.Collect$$$$00000001) for _main_stk
    puts.o(i.puts) refers to usart.o(.text.fputc) for fputc
    puts.o(i.puts) refers to stdout.o(.data) for __stdout
    puts_e.o(.text) refers to usart.o(.text.fputc) for fputc
    puts_e.o(.text) refers to stdout.o(.data) for __stdout
    uldiv.o(.text) refers to llushr.o(.text) for __aeabi_llsr
    uldiv.o(.text) refers to llshl.o(.text) for __aeabi_llsl
    entry2.o(.ARM.Collect$$$$00000001) refers to entry2.o(.ARM.Collect$$$$00002712) for __lit__00000000
    entry2.o(.ARM.Collect$$$$00002712) refers to startup_stm32f429xx.o(STACK) for __initial_sp
    entry2.o(__vectab_stack_and_reset_area) refers to startup_stm32f429xx.o(STACK) for __initial_sp
    entry2.o(__vectab_stack_and_reset_area) refers to entry.o(.ARM.Collect$$$$00000000) for __main
    entry5.o(.ARM.Collect$$$$00000004) refers to init.o(.text) for __scatterload
    entry9a.o(.ARM.Collect$$$$0000000B) refers to main.o(.text.main) for main
    entry9b.o(.ARM.Collect$$$$0000000C) refers to main.o(.text.main) for main
    init.o(.text) refers to entry5.o(.ARM.Collect$$$$00000004) for __main_after_scatterload


==============================================================================

Removing Unused input sections from the image.

    Removing startup_stm32f429xx.o(HEAP), (512 bytes).
    Removing main.o(.text), (0 bytes).
    Removing main.o(.ARM.exidx.text.main), (8 bytes).
    Removing main.o(.ARM.exidx.text.LL_APB2_GRP1_EnableClock), (8 bytes).
    Removing main.o(.ARM.exidx.text.LL_APB1_GRP1_EnableClock), (8 bytes).
    Removing main.o(.ARM.exidx.text.__NVIC_SetPriorityGrouping), (8 bytes).
    Removing main.o(.ARM.exidx.text.__NVIC_SetPriority), (8 bytes).
    Removing main.o(.ARM.exidx.text.NVIC_EncodePriority), (8 bytes).
    Removing main.o(.ARM.exidx.text.__NVIC_GetPriorityGrouping), (8 bytes).
    Removing main.o(.ARM.exidx.text.SystemClock_Config), (8 bytes).
    Removing main.o(.ARM.exidx.text.MX_NVIC_Init), (8 bytes).
    Removing main.o(.ARM.exidx.text.LL_USART_EnableIT_RXNE), (8 bytes).
    Removing main.o(.ARM.exidx.text.LL_USART_EnableIT_IDLE), (8 bytes).
    Removing main.o(.ARM.exidx.text.LL_FLASH_SetLatency), (8 bytes).
    Removing main.o(.ARM.exidx.text.LL_FLASH_GetLatency), (8 bytes).
    Removing main.o(.ARM.exidx.text.LL_PWR_SetRegulVoltageScaling), (8 bytes).
    Removing main.o(.ARM.exidx.text.LL_PWR_DisableOverDriveMode), (8 bytes).
    Removing main.o(.ARM.exidx.text.LL_RCC_HSE_Enable), (8 bytes).
    Removing main.o(.ARM.exidx.text.LL_RCC_HSE_IsReady), (8 bytes).
    Removing main.o(.ARM.exidx.text.LL_RCC_PLL_ConfigDomain_SYS), (8 bytes).
    Removing main.o(.ARM.exidx.text.LL_RCC_PLL_Enable), (8 bytes).
    Removing main.o(.ARM.exidx.text.LL_RCC_PLL_IsReady), (8 bytes).
    Removing main.o(.ARM.exidx.text.LL_RCC_SetAHBPrescaler), (8 bytes).
    Removing main.o(.ARM.exidx.text.LL_RCC_SetAPB1Prescaler), (8 bytes).
    Removing main.o(.ARM.exidx.text.LL_RCC_SetAPB2Prescaler), (8 bytes).
    Removing main.o(.ARM.exidx.text.LL_RCC_SetSysClkSource), (8 bytes).
    Removing main.o(.ARM.exidx.text.LL_RCC_GetSysClkSource), (8 bytes).
    Removing main.o(.ARM.exidx.text.LL_RCC_SetTIMPrescaler), (8 bytes).
    Removing main.o(.text.Error_Handler), (10 bytes).
    Removing main.o(.ARM.exidx.text.Error_Handler), (8 bytes).
    Removing main.o(.ARM.exidx.text.__NVIC_EnableIRQ), (8 bytes).
    Removing main.o(.bss.tx_buff), (16 bytes).
    Removing main.o(.bss.rx_buff), (16 bytes).
    Removing main.o(.ARM.use_no_argv), (4 bytes).
    Removing gpio.o(.text), (0 bytes).
    Removing gpio.o(.ARM.exidx.text.MX_GPIO_Init), (8 bytes).
    Removing gpio.o(.ARM.exidx.text.LL_AHB1_GRP1_EnableClock), (8 bytes).
    Removing usart.o(.text), (0 bytes).
    Removing usart.o(.ARM.exidx.text.MX_USART1_UART_Init), (8 bytes).
    Removing usart.o(.ARM.exidx.text.LL_APB2_GRP1_EnableClock), (8 bytes).
    Removing usart.o(.ARM.exidx.text.LL_AHB1_GRP1_EnableClock), (8 bytes).
    Removing usart.o(.ARM.exidx.text.LL_USART_ConfigAsyncMode), (8 bytes).
    Removing usart.o(.ARM.exidx.text.LL_USART_Enable), (8 bytes).
    Removing usart.o(.ARM.exidx.text.fputc), (8 bytes).
    Removing usart.o(.ARM.exidx.text.LL_USART_TransmitData8), (8 bytes).
    Removing usart.o(.ARM.exidx.text.LL_USART_IsActiveFlag_TXE), (8 bytes).
    Removing stm32f4xx_it.o(.text), (0 bytes).
    Removing stm32f4xx_it.o(.ARM.exidx.text.NMI_Handler), (8 bytes).
    Removing stm32f4xx_it.o(.ARM.exidx.text.HardFault_Handler), (8 bytes).
    Removing stm32f4xx_it.o(.ARM.exidx.text.MemManage_Handler), (8 bytes).
    Removing stm32f4xx_it.o(.ARM.exidx.text.BusFault_Handler), (8 bytes).
    Removing stm32f4xx_it.o(.ARM.exidx.text.UsageFault_Handler), (8 bytes).
    Removing stm32f4xx_it.o(.ARM.exidx.text.SVC_Handler), (8 bytes).
    Removing stm32f4xx_it.o(.ARM.exidx.text.DebugMon_Handler), (8 bytes).
    Removing stm32f4xx_it.o(.ARM.exidx.text.PendSV_Handler), (8 bytes).
    Removing stm32f4xx_it.o(.ARM.exidx.text.SysTick_Handler), (8 bytes).
    Removing stm32f4xx_it.o(.ARM.exidx.text.USART1_IRQHandler), (8 bytes).
    Removing stm32f4xx_it.o(.ARM.exidx.text.LL_USART_IsActiveFlag_RXNE), (8 bytes).
    Removing stm32f4xx_it.o(.ARM.exidx.text.LL_USART_ReceiveData8), (8 bytes).
    Removing stm32f4xx_it.o(.ARM.exidx.text.LL_USART_TransmitData8), (8 bytes).
    Removing stm32f4xx_it.o(.ARM.exidx.text.LL_USART_IsActiveFlag_TXE), (8 bytes).
    Removing stm32f4xx_ll_gpio.o(.text), (0 bytes).
    Removing stm32f4xx_ll_gpio.o(.text.LL_GPIO_DeInit), (88 bytes).
    Removing stm32f4xx_ll_gpio.o(.ARM.exidx.text.LL_GPIO_DeInit), (8 bytes).
    Removing stm32f4xx_ll_gpio.o(.text.LL_AHB1_GRP1_ForceReset), (16 bytes).
    Removing stm32f4xx_ll_gpio.o(.ARM.exidx.text.LL_AHB1_GRP1_ForceReset), (8 bytes).
    Removing stm32f4xx_ll_gpio.o(.text.LL_AHB1_GRP1_ReleaseReset), (18 bytes).
    Removing stm32f4xx_ll_gpio.o(.ARM.exidx.text.LL_AHB1_GRP1_ReleaseReset), (8 bytes).
    Removing stm32f4xx_ll_gpio.o(.ARM.exidx.text.LL_GPIO_Init), (8 bytes).
    Removing stm32f4xx_ll_gpio.o(.ARM.exidx.text.LL_GPIO_SetPinSpeed), (8 bytes).
    Removing stm32f4xx_ll_gpio.o(.ARM.exidx.text.LL_GPIO_SetPinOutputType), (8 bytes).
    Removing stm32f4xx_ll_gpio.o(.ARM.exidx.text.LL_GPIO_SetPinPull), (8 bytes).
    Removing stm32f4xx_ll_gpio.o(.ARM.exidx.text.LL_GPIO_SetAFPin_0_7), (8 bytes).
    Removing stm32f4xx_ll_gpio.o(.ARM.exidx.text.LL_GPIO_SetAFPin_8_15), (8 bytes).
    Removing stm32f4xx_ll_gpio.o(.ARM.exidx.text.LL_GPIO_SetPinMode), (8 bytes).
    Removing stm32f4xx_ll_gpio.o(.text.LL_GPIO_StructInit), (20 bytes).
    Removing stm32f4xx_ll_gpio.o(.ARM.exidx.text.LL_GPIO_StructInit), (8 bytes).
    Removing stm32f4xx_ll_usart.o(.text), (0 bytes).
    Removing stm32f4xx_ll_usart.o(.text.LL_USART_DeInit), (264 bytes).
    Removing stm32f4xx_ll_usart.o(.ARM.exidx.text.LL_USART_DeInit), (8 bytes).
    Removing stm32f4xx_ll_usart.o(.text.LL_APB2_GRP1_ForceReset), (16 bytes).
    Removing stm32f4xx_ll_usart.o(.ARM.exidx.text.LL_APB2_GRP1_ForceReset), (8 bytes).
    Removing stm32f4xx_ll_usart.o(.text.LL_APB2_GRP1_ReleaseReset), (18 bytes).
    Removing stm32f4xx_ll_usart.o(.ARM.exidx.text.LL_APB2_GRP1_ReleaseReset), (8 bytes).
    Removing stm32f4xx_ll_usart.o(.text.LL_APB1_GRP1_ForceReset), (16 bytes).
    Removing stm32f4xx_ll_usart.o(.ARM.exidx.text.LL_APB1_GRP1_ForceReset), (8 bytes).
    Removing stm32f4xx_ll_usart.o(.text.LL_APB1_GRP1_ReleaseReset), (18 bytes).
    Removing stm32f4xx_ll_usart.o(.ARM.exidx.text.LL_APB1_GRP1_ReleaseReset), (8 bytes).
    Removing stm32f4xx_ll_usart.o(.ARM.exidx.text.LL_USART_Init), (8 bytes).
    Removing stm32f4xx_ll_usart.o(.ARM.exidx.text.LL_USART_IsEnabled), (8 bytes).
    Removing stm32f4xx_ll_usart.o(.ARM.exidx.text.LL_USART_SetStopBitsLength), (8 bytes).
    Removing stm32f4xx_ll_usart.o(.ARM.exidx.text.LL_USART_SetHWFlowCtrl), (8 bytes).
    Removing stm32f4xx_ll_usart.o(.ARM.exidx.text.LL_USART_SetBaudRate), (8 bytes).
    Removing stm32f4xx_ll_usart.o(.text.LL_USART_StructInit), (24 bytes).
    Removing stm32f4xx_ll_usart.o(.ARM.exidx.text.LL_USART_StructInit), (8 bytes).
    Removing stm32f4xx_ll_usart.o(.text.LL_USART_ClockInit), (58 bytes).
    Removing stm32f4xx_ll_usart.o(.ARM.exidx.text.LL_USART_ClockInit), (8 bytes).
    Removing stm32f4xx_ll_usart.o(.text.LL_USART_DisableSCLKOutput), (10 bytes).
    Removing stm32f4xx_ll_usart.o(.ARM.exidx.text.LL_USART_DisableSCLKOutput), (8 bytes).
    Removing stm32f4xx_ll_usart.o(.text.LL_USART_ClockStructInit), (12 bytes).
    Removing stm32f4xx_ll_usart.o(.ARM.exidx.text.LL_USART_ClockStructInit), (8 bytes).
    Removing stm32f4xx_ll_dma.o(.text), (0 bytes).
    Removing stm32f4xx_ll_dma.o(.text.LL_DMA_DeInit), (408 bytes).
    Removing stm32f4xx_ll_dma.o(.ARM.exidx.text.LL_DMA_DeInit), (8 bytes).
    Removing stm32f4xx_ll_dma.o(.text.LL_AHB1_GRP1_ForceReset), (16 bytes).
    Removing stm32f4xx_ll_dma.o(.ARM.exidx.text.LL_AHB1_GRP1_ForceReset), (8 bytes).
    Removing stm32f4xx_ll_dma.o(.text.LL_AHB1_GRP1_ReleaseReset), (18 bytes).
    Removing stm32f4xx_ll_dma.o(.ARM.exidx.text.LL_AHB1_GRP1_ReleaseReset), (8 bytes).
    Removing stm32f4xx_ll_dma.o(.text.LL_DMA_DisableStream), (20 bytes).
    Removing stm32f4xx_ll_dma.o(.ARM.exidx.text.LL_DMA_DisableStream), (8 bytes).
    Removing stm32f4xx_ll_dma.o(.text.LL_DMA_SetChannelSelection), (22 bytes).
    Removing stm32f4xx_ll_dma.o(.ARM.exidx.text.LL_DMA_SetChannelSelection), (8 bytes).
    Removing stm32f4xx_ll_dma.o(.text.LL_DMA_Init), (128 bytes).
    Removing stm32f4xx_ll_dma.o(.ARM.exidx.text.LL_DMA_Init), (8 bytes).
    Removing stm32f4xx_ll_dma.o(.text.LL_DMA_ConfigTransfer), (32 bytes).
    Removing stm32f4xx_ll_dma.o(.ARM.exidx.text.LL_DMA_ConfigTransfer), (8 bytes).
    Removing stm32f4xx_ll_dma.o(.text.LL_DMA_ConfigFifo), (28 bytes).
    Removing stm32f4xx_ll_dma.o(.ARM.exidx.text.LL_DMA_ConfigFifo), (8 bytes).
    Removing stm32f4xx_ll_dma.o(.text.LL_DMA_SetMemoryBurstxfer), (22 bytes).
    Removing stm32f4xx_ll_dma.o(.ARM.exidx.text.LL_DMA_SetMemoryBurstxfer), (8 bytes).
    Removing stm32f4xx_ll_dma.o(.text.LL_DMA_SetPeriphBurstxfer), (22 bytes).
    Removing stm32f4xx_ll_dma.o(.ARM.exidx.text.LL_DMA_SetPeriphBurstxfer), (8 bytes).
    Removing stm32f4xx_ll_dma.o(.text.LL_DMA_SetMemoryAddress), (16 bytes).
    Removing stm32f4xx_ll_dma.o(.ARM.exidx.text.LL_DMA_SetMemoryAddress), (8 bytes).
    Removing stm32f4xx_ll_dma.o(.text.LL_DMA_SetPeriphAddress), (16 bytes).
    Removing stm32f4xx_ll_dma.o(.ARM.exidx.text.LL_DMA_SetPeriphAddress), (8 bytes).
    Removing stm32f4xx_ll_dma.o(.text.LL_DMA_SetDataLength), (26 bytes).
    Removing stm32f4xx_ll_dma.o(.ARM.exidx.text.LL_DMA_SetDataLength), (8 bytes).
    Removing stm32f4xx_ll_dma.o(.text.LL_DMA_StructInit), (10 bytes).
    Removing stm32f4xx_ll_dma.o(.ARM.exidx.text.LL_DMA_StructInit), (8 bytes).
    Removing stm32f4xx_ll_dma.o(.rodata.cst8), (8 bytes).
    Removing stm32f4xx_ll_rcc.o(.text), (0 bytes).
    Removing stm32f4xx_ll_rcc.o(.text.LL_RCC_DeInit), (174 bytes).
    Removing stm32f4xx_ll_rcc.o(.ARM.exidx.text.LL_RCC_DeInit), (8 bytes).
    Removing stm32f4xx_ll_rcc.o(.text.LL_RCC_HSI_Enable), (18 bytes).
    Removing stm32f4xx_ll_rcc.o(.ARM.exidx.text.LL_RCC_HSI_Enable), (8 bytes).
    Removing stm32f4xx_ll_rcc.o(.text.LL_RCC_HSI_IsReady), (16 bytes).
    Removing stm32f4xx_ll_rcc.o(.ARM.exidx.text.LL_RCC_HSI_IsReady), (8 bytes).
    Removing stm32f4xx_ll_rcc.o(.text.LL_RCC_HSI_SetCalibTrimming), (20 bytes).
    Removing stm32f4xx_ll_rcc.o(.ARM.exidx.text.LL_RCC_HSI_SetCalibTrimming), (8 bytes).
    Removing stm32f4xx_ll_rcc.o(.text.LL_RCC_PLL_IsReady), (16 bytes).
    Removing stm32f4xx_ll_rcc.o(.ARM.exidx.text.LL_RCC_PLL_IsReady), (8 bytes).
    Removing stm32f4xx_ll_rcc.o(.ARM.exidx.text.LL_RCC_GetSystemClocksFreq), (8 bytes).
    Removing stm32f4xx_ll_rcc.o(.ARM.exidx.text.RCC_GetSystemClockFreq), (8 bytes).
    Removing stm32f4xx_ll_rcc.o(.ARM.exidx.text.RCC_GetHCLKClockFreq), (8 bytes).
    Removing stm32f4xx_ll_rcc.o(.ARM.exidx.text.RCC_GetPCLK1ClockFreq), (8 bytes).
    Removing stm32f4xx_ll_rcc.o(.ARM.exidx.text.RCC_GetPCLK2ClockFreq), (8 bytes).
    Removing stm32f4xx_ll_rcc.o(.text.LL_RCC_GetI2SClockFreq), (44 bytes).
    Removing stm32f4xx_ll_rcc.o(.ARM.exidx.text.LL_RCC_GetI2SClockFreq), (8 bytes).
    Removing stm32f4xx_ll_rcc.o(.text.LL_RCC_GetI2SClockSource), (16 bytes).
    Removing stm32f4xx_ll_rcc.o(.ARM.exidx.text.LL_RCC_GetI2SClockSource), (8 bytes).
    Removing stm32f4xx_ll_rcc.o(.text.LL_RCC_PLLI2S_IsReady), (16 bytes).
    Removing stm32f4xx_ll_rcc.o(.ARM.exidx.text.LL_RCC_PLLI2S_IsReady), (8 bytes).
    Removing stm32f4xx_ll_rcc.o(.text.RCC_PLLI2S_GetFreqDomain_I2S), (54 bytes).
    Removing stm32f4xx_ll_rcc.o(.ARM.exidx.text.RCC_PLLI2S_GetFreqDomain_I2S), (8 bytes).
    Removing stm32f4xx_ll_rcc.o(.text.LL_RCC_GetSAIClockFreq), (98 bytes).
    Removing stm32f4xx_ll_rcc.o(.ARM.exidx.text.LL_RCC_GetSAIClockFreq), (8 bytes).
    Removing stm32f4xx_ll_rcc.o(.text.LL_RCC_GetSAIClockSource), (18 bytes).
    Removing stm32f4xx_ll_rcc.o(.ARM.exidx.text.LL_RCC_GetSAIClockSource), (8 bytes).
    Removing stm32f4xx_ll_rcc.o(.text.LL_RCC_PLLSAI_IsReady), (16 bytes).
    Removing stm32f4xx_ll_rcc.o(.ARM.exidx.text.LL_RCC_PLLSAI_IsReady), (8 bytes).
    Removing stm32f4xx_ll_rcc.o(.text.RCC_PLLSAI_GetFreqDomain_SAI), (78 bytes).
    Removing stm32f4xx_ll_rcc.o(.ARM.exidx.text.RCC_PLLSAI_GetFreqDomain_SAI), (8 bytes).
    Removing stm32f4xx_ll_rcc.o(.text.RCC_PLLI2S_GetFreqDomain_SAI), (62 bytes).
    Removing stm32f4xx_ll_rcc.o(.ARM.exidx.text.RCC_PLLI2S_GetFreqDomain_SAI), (8 bytes).
    Removing stm32f4xx_ll_rcc.o(.text.LL_RCC_GetSDIOClockFreq), (24 bytes).
    Removing stm32f4xx_ll_rcc.o(.ARM.exidx.text.LL_RCC_GetSDIOClockFreq), (8 bytes).
    Removing stm32f4xx_ll_rcc.o(.text.RCC_PLL_GetFreqDomain_48M), (66 bytes).
    Removing stm32f4xx_ll_rcc.o(.ARM.exidx.text.RCC_PLL_GetFreqDomain_48M), (8 bytes).
    Removing stm32f4xx_ll_rcc.o(.text.LL_RCC_GetRNGClockFreq), (18 bytes).
    Removing stm32f4xx_ll_rcc.o(.ARM.exidx.text.LL_RCC_GetRNGClockFreq), (8 bytes).
    Removing stm32f4xx_ll_rcc.o(.text.LL_RCC_GetUSBClockFreq), (18 bytes).
    Removing stm32f4xx_ll_rcc.o(.ARM.exidx.text.LL_RCC_GetUSBClockFreq), (8 bytes).
    Removing stm32f4xx_ll_rcc.o(.text.LL_RCC_GetLTDCClockFreq), (18 bytes).
    Removing stm32f4xx_ll_rcc.o(.ARM.exidx.text.LL_RCC_GetLTDCClockFreq), (8 bytes).
    Removing stm32f4xx_ll_rcc.o(.text.RCC_PLLSAI_GetFreqDomain_LTDC), (84 bytes).
    Removing stm32f4xx_ll_rcc.o(.ARM.exidx.text.RCC_PLLSAI_GetFreqDomain_LTDC), (8 bytes).
    Removing stm32f4xx_ll_rcc.o(.ARM.exidx.text.LL_RCC_GetSysClkSource), (8 bytes).
    Removing stm32f4xx_ll_rcc.o(.ARM.exidx.text.RCC_PLL_GetFreqDomain_SYS), (8 bytes).
    Removing stm32f4xx_ll_rcc.o(.ARM.exidx.text.LL_RCC_GetAHBPrescaler), (8 bytes).
    Removing stm32f4xx_ll_rcc.o(.ARM.exidx.text.LL_RCC_GetAPB1Prescaler), (8 bytes).
    Removing stm32f4xx_ll_rcc.o(.ARM.exidx.text.LL_RCC_GetAPB2Prescaler), (8 bytes).
    Removing stm32f4xx_ll_rcc.o(.ARM.exidx.text.LL_RCC_PLL_GetMainSource), (8 bytes).
    Removing stm32f4xx_ll_rcc.o(.ARM.exidx.text.LL_RCC_PLL_GetDivider), (8 bytes).
    Removing stm32f4xx_ll_rcc.o(.ARM.exidx.text.LL_RCC_PLL_GetN), (8 bytes).
    Removing stm32f4xx_ll_rcc.o(.ARM.exidx.text.LL_RCC_PLL_GetP), (8 bytes).
    Removing stm32f4xx_ll_rcc.o(.text.LL_RCC_PLL_GetQ), (16 bytes).
    Removing stm32f4xx_ll_rcc.o(.ARM.exidx.text.LL_RCC_PLL_GetQ), (8 bytes).
    Removing stm32f4xx_ll_rcc.o(.text.LL_RCC_PLLSAI_GetDivider), (16 bytes).
    Removing stm32f4xx_ll_rcc.o(.ARM.exidx.text.LL_RCC_PLLSAI_GetDivider), (8 bytes).
    Removing stm32f4xx_ll_rcc.o(.text.LL_RCC_PLLSAI_GetN), (16 bytes).
    Removing stm32f4xx_ll_rcc.o(.ARM.exidx.text.LL_RCC_PLLSAI_GetN), (8 bytes).
    Removing stm32f4xx_ll_rcc.o(.text.LL_RCC_PLLSAI_GetQ), (16 bytes).
    Removing stm32f4xx_ll_rcc.o(.ARM.exidx.text.LL_RCC_PLLSAI_GetQ), (8 bytes).
    Removing stm32f4xx_ll_rcc.o(.text.LL_RCC_PLLSAI_GetDIVQ), (16 bytes).
    Removing stm32f4xx_ll_rcc.o(.ARM.exidx.text.LL_RCC_PLLSAI_GetDIVQ), (8 bytes).
    Removing stm32f4xx_ll_rcc.o(.text.LL_RCC_PLLSAI_GetR), (16 bytes).
    Removing stm32f4xx_ll_rcc.o(.ARM.exidx.text.LL_RCC_PLLSAI_GetR), (8 bytes).
    Removing stm32f4xx_ll_rcc.o(.text.LL_RCC_PLLSAI_GetDIVR), (16 bytes).
    Removing stm32f4xx_ll_rcc.o(.ARM.exidx.text.LL_RCC_PLLSAI_GetDIVR), (8 bytes).
    Removing stm32f4xx_ll_rcc.o(.text.LL_RCC_PLLI2S_GetMainSource), (16 bytes).
    Removing stm32f4xx_ll_rcc.o(.ARM.exidx.text.LL_RCC_PLLI2S_GetMainSource), (8 bytes).
    Removing stm32f4xx_ll_rcc.o(.text.LL_RCC_PLLI2S_GetDivider), (16 bytes).
    Removing stm32f4xx_ll_rcc.o(.ARM.exidx.text.LL_RCC_PLLI2S_GetDivider), (8 bytes).
    Removing stm32f4xx_ll_rcc.o(.text.LL_RCC_PLLI2S_GetN), (16 bytes).
    Removing stm32f4xx_ll_rcc.o(.ARM.exidx.text.LL_RCC_PLLI2S_GetN), (8 bytes).
    Removing stm32f4xx_ll_rcc.o(.text.LL_RCC_PLLI2S_GetQ), (16 bytes).
    Removing stm32f4xx_ll_rcc.o(.ARM.exidx.text.LL_RCC_PLLI2S_GetQ), (8 bytes).
    Removing stm32f4xx_ll_rcc.o(.text.LL_RCC_PLLI2S_GetDIVQ), (16 bytes).
    Removing stm32f4xx_ll_rcc.o(.ARM.exidx.text.LL_RCC_PLLI2S_GetDIVQ), (8 bytes).
    Removing stm32f4xx_ll_rcc.o(.text.LL_RCC_PLLI2S_GetR), (16 bytes).
    Removing stm32f4xx_ll_rcc.o(.ARM.exidx.text.LL_RCC_PLLI2S_GetR), (8 bytes).
    Removing stm32f4xx_ll_utils.o(.text), (0 bytes).
    Removing stm32f4xx_ll_utils.o(.ARM.exidx.text.LL_Init1msTick), (8 bytes).
    Removing stm32f4xx_ll_utils.o(.ARM.exidx.text.LL_InitTick), (8 bytes).
    Removing stm32f4xx_ll_utils.o(.text.LL_mDelay), (44 bytes).
    Removing stm32f4xx_ll_utils.o(.ARM.exidx.text.LL_mDelay), (8 bytes).
    Removing stm32f4xx_ll_utils.o(.ARM.exidx.text.LL_SetSystemCoreClock), (8 bytes).
    Removing stm32f4xx_ll_utils.o(.text.LL_SetFlashLatency), (300 bytes).
    Removing stm32f4xx_ll_utils.o(.ARM.exidx.text.LL_SetFlashLatency), (8 bytes).
    Removing stm32f4xx_ll_utils.o(.text.LL_PWR_GetRegulVoltageScaling), (16 bytes).
    Removing stm32f4xx_ll_utils.o(.ARM.exidx.text.LL_PWR_GetRegulVoltageScaling), (8 bytes).
    Removing stm32f4xx_ll_utils.o(.text.LL_FLASH_SetLatency), (20 bytes).
    Removing stm32f4xx_ll_utils.o(.ARM.exidx.text.LL_FLASH_SetLatency), (8 bytes).
    Removing stm32f4xx_ll_utils.o(.text.LL_FLASH_GetLatency), (16 bytes).
    Removing stm32f4xx_ll_utils.o(.ARM.exidx.text.LL_FLASH_GetLatency), (8 bytes).
    Removing stm32f4xx_ll_utils.o(.text.LL_PLL_ConfigSystemClock_HSI), (76 bytes).
    Removing stm32f4xx_ll_utils.o(.ARM.exidx.text.LL_PLL_ConfigSystemClock_HSI), (8 bytes).
    Removing stm32f4xx_ll_utils.o(.text.UTILS_PLL_IsBusy), (26 bytes).
    Removing stm32f4xx_ll_utils.o(.ARM.exidx.text.UTILS_PLL_IsBusy), (8 bytes).
    Removing stm32f4xx_ll_utils.o(.text.UTILS_GetPLLOutputFrequency), (34 bytes).
    Removing stm32f4xx_ll_utils.o(.ARM.exidx.text.UTILS_GetPLLOutputFrequency), (8 bytes).
    Removing stm32f4xx_ll_utils.o(.text.LL_RCC_HSI_IsReady), (16 bytes).
    Removing stm32f4xx_ll_utils.o(.ARM.exidx.text.LL_RCC_HSI_IsReady), (8 bytes).
    Removing stm32f4xx_ll_utils.o(.text.LL_RCC_HSI_Enable), (18 bytes).
    Removing stm32f4xx_ll_utils.o(.ARM.exidx.text.LL_RCC_HSI_Enable), (8 bytes).
    Removing stm32f4xx_ll_utils.o(.text.LL_RCC_PLL_ConfigDomain_SYS), (54 bytes).
    Removing stm32f4xx_ll_utils.o(.ARM.exidx.text.LL_RCC_PLL_ConfigDomain_SYS), (8 bytes).
    Removing stm32f4xx_ll_utils.o(.text.UTILS_EnablePLLAndSwitchSystem), (128 bytes).
    Removing stm32f4xx_ll_utils.o(.ARM.exidx.text.UTILS_EnablePLLAndSwitchSystem), (8 bytes).
    Removing stm32f4xx_ll_utils.o(.text.LL_PLL_ConfigSystemClock_HSE), (92 bytes).
    Removing stm32f4xx_ll_utils.o(.ARM.exidx.text.LL_PLL_ConfigSystemClock_HSE), (8 bytes).
    Removing stm32f4xx_ll_utils.o(.text.LL_RCC_HSE_IsReady), (16 bytes).
    Removing stm32f4xx_ll_utils.o(.ARM.exidx.text.LL_RCC_HSE_IsReady), (8 bytes).
    Removing stm32f4xx_ll_utils.o(.text.LL_RCC_HSE_EnableBypass), (18 bytes).
    Removing stm32f4xx_ll_utils.o(.ARM.exidx.text.LL_RCC_HSE_EnableBypass), (8 bytes).
    Removing stm32f4xx_ll_utils.o(.text.LL_RCC_HSE_DisableBypass), (18 bytes).
    Removing stm32f4xx_ll_utils.o(.ARM.exidx.text.LL_RCC_HSE_DisableBypass), (8 bytes).
    Removing stm32f4xx_ll_utils.o(.text.LL_RCC_HSE_Enable), (18 bytes).
    Removing stm32f4xx_ll_utils.o(.ARM.exidx.text.LL_RCC_HSE_Enable), (8 bytes).
    Removing stm32f4xx_ll_utils.o(.text.LL_RCC_PLL_IsReady), (16 bytes).
    Removing stm32f4xx_ll_utils.o(.ARM.exidx.text.LL_RCC_PLL_IsReady), (8 bytes).
    Removing stm32f4xx_ll_utils.o(.text.LL_RCC_PLLSAI_IsReady), (16 bytes).
    Removing stm32f4xx_ll_utils.o(.ARM.exidx.text.LL_RCC_PLLSAI_IsReady), (8 bytes).
    Removing stm32f4xx_ll_utils.o(.text.LL_RCC_PLLI2S_IsReady), (16 bytes).
    Removing stm32f4xx_ll_utils.o(.ARM.exidx.text.LL_RCC_PLLI2S_IsReady), (8 bytes).
    Removing stm32f4xx_ll_utils.o(.text.LL_RCC_PLL_Enable), (18 bytes).
    Removing stm32f4xx_ll_utils.o(.ARM.exidx.text.LL_RCC_PLL_Enable), (8 bytes).
    Removing stm32f4xx_ll_utils.o(.text.LL_RCC_SetAHBPrescaler), (20 bytes).
    Removing stm32f4xx_ll_utils.o(.ARM.exidx.text.LL_RCC_SetAHBPrescaler), (8 bytes).
    Removing stm32f4xx_ll_utils.o(.text.LL_RCC_SetSysClkSource), (20 bytes).
    Removing stm32f4xx_ll_utils.o(.ARM.exidx.text.LL_RCC_SetSysClkSource), (8 bytes).
    Removing stm32f4xx_ll_utils.o(.text.LL_RCC_GetSysClkSource), (16 bytes).
    Removing stm32f4xx_ll_utils.o(.ARM.exidx.text.LL_RCC_GetSysClkSource), (8 bytes).
    Removing stm32f4xx_ll_utils.o(.text.LL_RCC_SetAPB1Prescaler), (20 bytes).
    Removing stm32f4xx_ll_utils.o(.ARM.exidx.text.LL_RCC_SetAPB1Prescaler), (8 bytes).
    Removing stm32f4xx_ll_utils.o(.text.LL_RCC_SetAPB2Prescaler), (20 bytes).
    Removing stm32f4xx_ll_utils.o(.ARM.exidx.text.LL_RCC_SetAPB2Prescaler), (8 bytes).
    Removing stm32f4xx_ll_exti.o(.text), (0 bytes).
    Removing stm32f4xx_ll_exti.o(.text.LL_EXTI_DeInit), (30 bytes).
    Removing stm32f4xx_ll_exti.o(.ARM.exidx.text.LL_EXTI_DeInit), (8 bytes).
    Removing stm32f4xx_ll_exti.o(.text.LL_EXTI_Init), (142 bytes).
    Removing stm32f4xx_ll_exti.o(.ARM.exidx.text.LL_EXTI_Init), (8 bytes).
    Removing stm32f4xx_ll_exti.o(.text.LL_EXTI_DisableEvent_0_31), (18 bytes).
    Removing stm32f4xx_ll_exti.o(.ARM.exidx.text.LL_EXTI_DisableEvent_0_31), (8 bytes).
    Removing stm32f4xx_ll_exti.o(.text.LL_EXTI_EnableIT_0_31), (16 bytes).
    Removing stm32f4xx_ll_exti.o(.ARM.exidx.text.LL_EXTI_EnableIT_0_31), (8 bytes).
    Removing stm32f4xx_ll_exti.o(.text.LL_EXTI_DisableIT_0_31), (18 bytes).
    Removing stm32f4xx_ll_exti.o(.ARM.exidx.text.LL_EXTI_DisableIT_0_31), (8 bytes).
    Removing stm32f4xx_ll_exti.o(.text.LL_EXTI_EnableEvent_0_31), (16 bytes).
    Removing stm32f4xx_ll_exti.o(.ARM.exidx.text.LL_EXTI_EnableEvent_0_31), (8 bytes).
    Removing stm32f4xx_ll_exti.o(.text.LL_EXTI_DisableFallingTrig_0_31), (18 bytes).
    Removing stm32f4xx_ll_exti.o(.ARM.exidx.text.LL_EXTI_DisableFallingTrig_0_31), (8 bytes).
    Removing stm32f4xx_ll_exti.o(.text.LL_EXTI_EnableRisingTrig_0_31), (16 bytes).
    Removing stm32f4xx_ll_exti.o(.ARM.exidx.text.LL_EXTI_EnableRisingTrig_0_31), (8 bytes).
    Removing stm32f4xx_ll_exti.o(.text.LL_EXTI_DisableRisingTrig_0_31), (18 bytes).
    Removing stm32f4xx_ll_exti.o(.ARM.exidx.text.LL_EXTI_DisableRisingTrig_0_31), (8 bytes).
    Removing stm32f4xx_ll_exti.o(.text.LL_EXTI_EnableFallingTrig_0_31), (16 bytes).
    Removing stm32f4xx_ll_exti.o(.ARM.exidx.text.LL_EXTI_EnableFallingTrig_0_31), (8 bytes).
    Removing stm32f4xx_ll_exti.o(.text.LL_EXTI_StructInit), (12 bytes).
    Removing stm32f4xx_ll_exti.o(.ARM.exidx.text.LL_EXTI_StructInit), (8 bytes).
    Removing system_stm32f4xx.o(.text), (0 bytes).
    Removing system_stm32f4xx.o(.ARM.exidx.text.SystemInit), (8 bytes).
    Removing system_stm32f4xx.o(.text.SystemCoreClockUpdate), (126 bytes).
    Removing system_stm32f4xx.o(.ARM.exidx.text.SystemCoreClockUpdate), (8 bytes).

295 unused section(s) (total 5968 bytes) removed from the image.

==============================================================================

Image Symbol Table

    Local Symbols

    Symbol Name                              Value     Ov Type        Size  Object(Section)

    ../clib/microlib/division.c              0x00000000   Number         0  uldiv.o ABSOLUTE
    ../clib/microlib/init/entry.s            0x00000000   Number         0  entry.o ABSOLUTE
    ../clib/microlib/init/entry.s            0x00000000   Number         0  entry2.o ABSOLUTE
    ../clib/microlib/init/entry.s            0x00000000   Number         0  entry5.o ABSOLUTE
    ../clib/microlib/init/entry.s            0x00000000   Number         0  entry7a.o ABSOLUTE
    ../clib/microlib/init/entry.s            0x00000000   Number         0  entry7b.o ABSOLUTE
    ../clib/microlib/init/entry.s            0x00000000   Number         0  entry8a.o ABSOLUTE
    ../clib/microlib/init/entry.s            0x00000000   Number         0  entry8b.o ABSOLUTE
    ../clib/microlib/init/entry.s            0x00000000   Number         0  entry9a.o ABSOLUTE
    ../clib/microlib/init/entry.s            0x00000000   Number         0  entry9b.o ABSOLUTE
    ../clib/microlib/init/entry.s            0x00000000   Number         0  entry10a.o ABSOLUTE
    ../clib/microlib/init/entry.s            0x00000000   Number         0  entry10b.o ABSOLUTE
    ../clib/microlib/init/entry.s            0x00000000   Number         0  entry11a.o ABSOLUTE
    ../clib/microlib/init/entry.s            0x00000000   Number         0  entry11b.o ABSOLUTE
    ../clib/microlib/longlong.c              0x00000000   Number         0  llshl.o ABSOLUTE
    ../clib/microlib/longlong.c              0x00000000   Number         0  llushr.o ABSOLUTE
    ../clib/microlib/stdio/puts.c            0x00000000   Number         0  puts.o ABSOLUTE
    ../clib/microlib/stdio/puts.c            0x00000000   Number         0  puts_e.o ABSOLUTE
    ../clib/microlib/stdio/streams.c         0x00000000   Number         0  stdout.o ABSOLUTE
    ../clib/microlib/string/memset.c         0x00000000   Number         0  memseta.o ABSOLUTE
    dc.s                                     0x00000000   Number         0  dc.o ABSOLUTE
    gpio.c                                   0x00000000   Number         0  gpio.o ABSOLUTE
    handlers.s                               0x00000000   Number         0  handlers.o ABSOLUTE
    init.s                                   0x00000000   Number         0  init.o ABSOLUTE
    main.c                                   0x00000000   Number         0  main.o ABSOLUTE
    startup_stm32f429xx.s                    0x00000000   Number         0  startup_stm32f429xx.o ABSOLUTE
    stm32f4xx_it.c                           0x00000000   Number         0  stm32f4xx_it.o ABSOLUTE
    stm32f4xx_ll_dma.c                       0x00000000   Number         0  stm32f4xx_ll_dma.o ABSOLUTE
    stm32f4xx_ll_exti.c                      0x00000000   Number         0  stm32f4xx_ll_exti.o ABSOLUTE
    stm32f4xx_ll_gpio.c                      0x00000000   Number         0  stm32f4xx_ll_gpio.o ABSOLUTE
    stm32f4xx_ll_rcc.c                       0x00000000   Number         0  stm32f4xx_ll_rcc.o ABSOLUTE
    stm32f4xx_ll_usart.c                     0x00000000   Number         0  stm32f4xx_ll_usart.o ABSOLUTE
    stm32f4xx_ll_utils.c                     0x00000000   Number         0  stm32f4xx_ll_utils.o ABSOLUTE
    system_stm32f4xx.c                       0x00000000   Number         0  system_stm32f4xx.o ABSOLUTE
    usart.c                                  0x00000000   Number         0  usart.o ABSOLUTE
    RESET                                    0x08000000   Section      428  startup_stm32f429xx.o(RESET)
    .ARM.Collect$$$$00000000                 0x080001ac   Section        0  entry.o(.ARM.Collect$$$$00000000)
    .ARM.Collect$$$$00000001                 0x080001ac   Section        4  entry2.o(.ARM.Collect$$$$00000001)
    .ARM.Collect$$$$00000004                 0x080001b0   Section        4  entry5.o(.ARM.Collect$$$$00000004)
    .ARM.Collect$$$$00000008                 0x080001b4   Section        0  entry7b.o(.ARM.Collect$$$$00000008)
    .ARM.Collect$$$$0000000A                 0x080001b4   Section        0  entry8b.o(.ARM.Collect$$$$0000000A)
    .ARM.Collect$$$$0000000B                 0x080001b4   Section        8  entry9a.o(.ARM.Collect$$$$0000000B)
    __lit__00000000                          0x080001bc   Data           4  entry2.o(.ARM.Collect$$$$00002712)
    .ARM.Collect$$$$0000000D                 0x080001bc   Section        0  entry10a.o(.ARM.Collect$$$$0000000D)
    .ARM.Collect$$$$0000000F                 0x080001bc   Section        0  entry11a.o(.ARM.Collect$$$$0000000F)
    .ARM.Collect$$$$00002712                 0x080001bc   Section        4  entry2.o(.ARM.Collect$$$$00002712)
    $v0                                      0x080001c0   Number         0  startup_stm32f429xx.o(.text)
    .text                                    0x080001c0   Section       36  startup_stm32f429xx.o(.text)
    .text                                    0x080001e4   Section        0  uldiv.o(.text)
    .text                                    0x08000246   Section        0  llshl.o(.text)
    .text                                    0x08000264   Section        0  llushr.o(.text)
    .text                                    0x08000284   Section       36  init.o(.text)
    [Anonymous Symbol]                       0x080002a8   Section        0  stm32f4xx_it.o(.text.BusFault_Handler)
    [Anonymous Symbol]                       0x080002ac   Section        0  stm32f4xx_it.o(.text.DebugMon_Handler)
    [Anonymous Symbol]                       0x080002b0   Section        0  stm32f4xx_it.o(.text.HardFault_Handler)
    LL_AHB1_GRP1_EnableClock                 0x080002b5   Thumb Code    28  gpio.o(.text.LL_AHB1_GRP1_EnableClock)
    [Anonymous Symbol]                       0x080002b4   Section        0  gpio.o(.text.LL_AHB1_GRP1_EnableClock)
    LL_AHB1_GRP1_EnableClock                 0x080002d1   Thumb Code    32  usart.o(.text.LL_AHB1_GRP1_EnableClock)
    [Anonymous Symbol]                       0x080002d0   Section        0  usart.o(.text.LL_AHB1_GRP1_EnableClock)
    LL_APB1_GRP1_EnableClock                 0x080002f1   Thumb Code    32  main.o(.text.LL_APB1_GRP1_EnableClock)
    [Anonymous Symbol]                       0x080002f0   Section        0  main.o(.text.LL_APB1_GRP1_EnableClock)
    LL_APB2_GRP1_EnableClock                 0x08000311   Thumb Code    32  main.o(.text.LL_APB2_GRP1_EnableClock)
    [Anonymous Symbol]                       0x08000310   Section        0  main.o(.text.LL_APB2_GRP1_EnableClock)
    LL_APB2_GRP1_EnableClock                 0x08000331   Thumb Code    32  usart.o(.text.LL_APB2_GRP1_EnableClock)
    [Anonymous Symbol]                       0x08000330   Section        0  usart.o(.text.LL_APB2_GRP1_EnableClock)
    LL_FLASH_GetLatency                      0x08000351   Thumb Code    16  main.o(.text.LL_FLASH_GetLatency)
    [Anonymous Symbol]                       0x08000350   Section        0  main.o(.text.LL_FLASH_GetLatency)
    LL_FLASH_SetLatency                      0x08000361   Thumb Code    20  main.o(.text.LL_FLASH_SetLatency)
    [Anonymous Symbol]                       0x08000360   Section        0  main.o(.text.LL_FLASH_SetLatency)
    [Anonymous Symbol]                       0x08000374   Section        0  stm32f4xx_ll_gpio.o(.text.LL_GPIO_Init)
    LL_GPIO_SetAFPin_0_7                     0x080003fd   Thumb Code    32  stm32f4xx_ll_gpio.o(.text.LL_GPIO_SetAFPin_0_7)
    [Anonymous Symbol]                       0x080003fc   Section        0  stm32f4xx_ll_gpio.o(.text.LL_GPIO_SetAFPin_0_7)
    LL_GPIO_SetAFPin_8_15                    0x0800041d   Thumb Code    34  stm32f4xx_ll_gpio.o(.text.LL_GPIO_SetAFPin_8_15)
    [Anonymous Symbol]                       0x0800041c   Section        0  stm32f4xx_ll_gpio.o(.text.LL_GPIO_SetAFPin_8_15)
    LL_GPIO_SetPinMode                       0x08000441   Thumb Code    32  stm32f4xx_ll_gpio.o(.text.LL_GPIO_SetPinMode)
    [Anonymous Symbol]                       0x08000440   Section        0  stm32f4xx_ll_gpio.o(.text.LL_GPIO_SetPinMode)
    LL_GPIO_SetPinOutputType                 0x08000461   Thumb Code    12  stm32f4xx_ll_gpio.o(.text.LL_GPIO_SetPinOutputType)
    [Anonymous Symbol]                       0x08000460   Section        0  stm32f4xx_ll_gpio.o(.text.LL_GPIO_SetPinOutputType)
    LL_GPIO_SetPinPull                       0x0800046d   Thumb Code    32  stm32f4xx_ll_gpio.o(.text.LL_GPIO_SetPinPull)
    [Anonymous Symbol]                       0x0800046c   Section        0  stm32f4xx_ll_gpio.o(.text.LL_GPIO_SetPinPull)
    LL_GPIO_SetPinSpeed                      0x0800048d   Thumb Code    32  stm32f4xx_ll_gpio.o(.text.LL_GPIO_SetPinSpeed)
    [Anonymous Symbol]                       0x0800048c   Section        0  stm32f4xx_ll_gpio.o(.text.LL_GPIO_SetPinSpeed)
    [Anonymous Symbol]                       0x080004ac   Section        0  stm32f4xx_ll_utils.o(.text.LL_Init1msTick)
    LL_InitTick                              0x080004b5   Thumb Code    40  stm32f4xx_ll_utils.o(.text.LL_InitTick)
    [Anonymous Symbol]                       0x080004b4   Section        0  stm32f4xx_ll_utils.o(.text.LL_InitTick)
    LL_PWR_DisableOverDriveMode              0x080004dd   Thumb Code    18  main.o(.text.LL_PWR_DisableOverDriveMode)
    [Anonymous Symbol]                       0x080004dc   Section        0  main.o(.text.LL_PWR_DisableOverDriveMode)
    LL_PWR_SetRegulVoltageScaling            0x080004f1   Thumb Code    20  main.o(.text.LL_PWR_SetRegulVoltageScaling)
    [Anonymous Symbol]                       0x080004f0   Section        0  main.o(.text.LL_PWR_SetRegulVoltageScaling)
    LL_RCC_GetAHBPrescaler                   0x08000505   Thumb Code    16  stm32f4xx_ll_rcc.o(.text.LL_RCC_GetAHBPrescaler)
    [Anonymous Symbol]                       0x08000504   Section        0  stm32f4xx_ll_rcc.o(.text.LL_RCC_GetAHBPrescaler)
    LL_RCC_GetAPB1Prescaler                  0x08000515   Thumb Code    16  stm32f4xx_ll_rcc.o(.text.LL_RCC_GetAPB1Prescaler)
    [Anonymous Symbol]                       0x08000514   Section        0  stm32f4xx_ll_rcc.o(.text.LL_RCC_GetAPB1Prescaler)
    LL_RCC_GetAPB2Prescaler                  0x08000525   Thumb Code    16  stm32f4xx_ll_rcc.o(.text.LL_RCC_GetAPB2Prescaler)
    [Anonymous Symbol]                       0x08000524   Section        0  stm32f4xx_ll_rcc.o(.text.LL_RCC_GetAPB2Prescaler)
    LL_RCC_GetSysClkSource                   0x08000535   Thumb Code    16  main.o(.text.LL_RCC_GetSysClkSource)
    [Anonymous Symbol]                       0x08000534   Section        0  main.o(.text.LL_RCC_GetSysClkSource)
    LL_RCC_GetSysClkSource                   0x08000545   Thumb Code    16  stm32f4xx_ll_rcc.o(.text.LL_RCC_GetSysClkSource)
    [Anonymous Symbol]                       0x08000544   Section        0  stm32f4xx_ll_rcc.o(.text.LL_RCC_GetSysClkSource)
    [Anonymous Symbol]                       0x08000554   Section        0  stm32f4xx_ll_rcc.o(.text.LL_RCC_GetSystemClocksFreq)
    LL_RCC_HSE_Enable                        0x08000579   Thumb Code    18  main.o(.text.LL_RCC_HSE_Enable)
    [Anonymous Symbol]                       0x08000578   Section        0  main.o(.text.LL_RCC_HSE_Enable)
    LL_RCC_HSE_IsReady                       0x0800058d   Thumb Code    16  main.o(.text.LL_RCC_HSE_IsReady)
    [Anonymous Symbol]                       0x0800058c   Section        0  main.o(.text.LL_RCC_HSE_IsReady)
    LL_RCC_PLL_ConfigDomain_SYS              0x0800059d   Thumb Code    42  main.o(.text.LL_RCC_PLL_ConfigDomain_SYS)
    [Anonymous Symbol]                       0x0800059c   Section        0  main.o(.text.LL_RCC_PLL_ConfigDomain_SYS)
    LL_RCC_PLL_Enable                        0x080005c9   Thumb Code    18  main.o(.text.LL_RCC_PLL_Enable)
    [Anonymous Symbol]                       0x080005c8   Section        0  main.o(.text.LL_RCC_PLL_Enable)
    LL_RCC_PLL_GetDivider                    0x080005dd   Thumb Code    16  stm32f4xx_ll_rcc.o(.text.LL_RCC_PLL_GetDivider)
    [Anonymous Symbol]                       0x080005dc   Section        0  stm32f4xx_ll_rcc.o(.text.LL_RCC_PLL_GetDivider)
    LL_RCC_PLL_GetMainSource                 0x080005ed   Thumb Code    16  stm32f4xx_ll_rcc.o(.text.LL_RCC_PLL_GetMainSource)
    [Anonymous Symbol]                       0x080005ec   Section        0  stm32f4xx_ll_rcc.o(.text.LL_RCC_PLL_GetMainSource)
    LL_RCC_PLL_GetN                          0x080005fd   Thumb Code    16  stm32f4xx_ll_rcc.o(.text.LL_RCC_PLL_GetN)
    [Anonymous Symbol]                       0x080005fc   Section        0  stm32f4xx_ll_rcc.o(.text.LL_RCC_PLL_GetN)
    LL_RCC_PLL_GetP                          0x0800060d   Thumb Code    16  stm32f4xx_ll_rcc.o(.text.LL_RCC_PLL_GetP)
    [Anonymous Symbol]                       0x0800060c   Section        0  stm32f4xx_ll_rcc.o(.text.LL_RCC_PLL_GetP)
    LL_RCC_PLL_IsReady                       0x0800061d   Thumb Code    16  main.o(.text.LL_RCC_PLL_IsReady)
    [Anonymous Symbol]                       0x0800061c   Section        0  main.o(.text.LL_RCC_PLL_IsReady)
    LL_RCC_SetAHBPrescaler                   0x0800062d   Thumb Code    18  main.o(.text.LL_RCC_SetAHBPrescaler)
    [Anonymous Symbol]                       0x0800062c   Section        0  main.o(.text.LL_RCC_SetAHBPrescaler)
    LL_RCC_SetAPB1Prescaler                  0x08000641   Thumb Code    20  main.o(.text.LL_RCC_SetAPB1Prescaler)
    [Anonymous Symbol]                       0x08000640   Section        0  main.o(.text.LL_RCC_SetAPB1Prescaler)
    LL_RCC_SetAPB2Prescaler                  0x08000655   Thumb Code    20  main.o(.text.LL_RCC_SetAPB2Prescaler)
    [Anonymous Symbol]                       0x08000654   Section        0  main.o(.text.LL_RCC_SetAPB2Prescaler)
    LL_RCC_SetSysClkSource                   0x08000669   Thumb Code    20  main.o(.text.LL_RCC_SetSysClkSource)
    [Anonymous Symbol]                       0x08000668   Section        0  main.o(.text.LL_RCC_SetSysClkSource)
    LL_RCC_SetTIMPrescaler                   0x0800067d   Thumb Code    18  main.o(.text.LL_RCC_SetTIMPrescaler)
    [Anonymous Symbol]                       0x0800067c   Section        0  main.o(.text.LL_RCC_SetTIMPrescaler)
    [Anonymous Symbol]                       0x08000690   Section        0  stm32f4xx_ll_utils.o(.text.LL_SetSystemCoreClock)
    LL_USART_ConfigAsyncMode                 0x0800069d   Thumb Code    26  usart.o(.text.LL_USART_ConfigAsyncMode)
    [Anonymous Symbol]                       0x0800069c   Section        0  usart.o(.text.LL_USART_ConfigAsyncMode)
    LL_USART_Enable                          0x080006b9   Thumb Code    18  usart.o(.text.LL_USART_Enable)
    [Anonymous Symbol]                       0x080006b8   Section        0  usart.o(.text.LL_USART_Enable)
    LL_USART_EnableIT_IDLE                   0x080006cd   Thumb Code    26  main.o(.text.LL_USART_EnableIT_IDLE)
    [Anonymous Symbol]                       0x080006cc   Section        0  main.o(.text.LL_USART_EnableIT_IDLE)
    LL_USART_EnableIT_RXNE                   0x080006e9   Thumb Code    26  main.o(.text.LL_USART_EnableIT_RXNE)
    [Anonymous Symbol]                       0x080006e8   Section        0  main.o(.text.LL_USART_EnableIT_RXNE)
    [Anonymous Symbol]                       0x08000704   Section        0  stm32f4xx_ll_usart.o(.text.LL_USART_Init)
    LL_USART_IsActiveFlag_RXNE               0x080007f1   Thumb Code    16  stm32f4xx_it.o(.text.LL_USART_IsActiveFlag_RXNE)
    [Anonymous Symbol]                       0x080007f0   Section        0  stm32f4xx_it.o(.text.LL_USART_IsActiveFlag_RXNE)
    LL_USART_IsActiveFlag_TXE                0x08000801   Thumb Code    16  usart.o(.text.LL_USART_IsActiveFlag_TXE)
    [Anonymous Symbol]                       0x08000800   Section        0  usart.o(.text.LL_USART_IsActiveFlag_TXE)
    LL_USART_IsActiveFlag_TXE                0x08000811   Thumb Code    16  stm32f4xx_it.o(.text.LL_USART_IsActiveFlag_TXE)
    [Anonymous Symbol]                       0x08000810   Section        0  stm32f4xx_it.o(.text.LL_USART_IsActiveFlag_TXE)
    LL_USART_IsEnabled                       0x08000821   Thumb Code     8  stm32f4xx_ll_usart.o(.text.LL_USART_IsEnabled)
    [Anonymous Symbol]                       0x08000820   Section        0  stm32f4xx_ll_usart.o(.text.LL_USART_IsEnabled)
    LL_USART_ReceiveData8                    0x08000829   Thumb Code    14  stm32f4xx_it.o(.text.LL_USART_ReceiveData8)
    [Anonymous Symbol]                       0x08000828   Section        0  stm32f4xx_it.o(.text.LL_USART_ReceiveData8)
    LL_USART_SetBaudRate                     0x08000839   Thumb Code   140  stm32f4xx_ll_usart.o(.text.LL_USART_SetBaudRate)
    [Anonymous Symbol]                       0x08000838   Section        0  stm32f4xx_ll_usart.o(.text.LL_USART_SetBaudRate)
    LL_USART_SetHWFlowCtrl                   0x080008c5   Thumb Code    12  stm32f4xx_ll_usart.o(.text.LL_USART_SetHWFlowCtrl)
    [Anonymous Symbol]                       0x080008c4   Section        0  stm32f4xx_ll_usart.o(.text.LL_USART_SetHWFlowCtrl)
    LL_USART_SetStopBitsLength               0x080008d1   Thumb Code    12  stm32f4xx_ll_usart.o(.text.LL_USART_SetStopBitsLength)
    [Anonymous Symbol]                       0x080008d0   Section        0  stm32f4xx_ll_usart.o(.text.LL_USART_SetStopBitsLength)
    LL_USART_TransmitData8                   0x080008dd   Thumb Code    12  usart.o(.text.LL_USART_TransmitData8)
    [Anonymous Symbol]                       0x080008dc   Section        0  usart.o(.text.LL_USART_TransmitData8)
    LL_USART_TransmitData8                   0x080008e9   Thumb Code    12  stm32f4xx_it.o(.text.LL_USART_TransmitData8)
    [Anonymous Symbol]                       0x080008e8   Section        0  stm32f4xx_it.o(.text.LL_USART_TransmitData8)
    [Anonymous Symbol]                       0x080008f4   Section        0  gpio.o(.text.MX_GPIO_Init)
    MX_NVIC_Init                             0x0800090d   Thumb Code    26  main.o(.text.MX_NVIC_Init)
    [Anonymous Symbol]                       0x0800090c   Section        0  main.o(.text.MX_NVIC_Init)
    [Anonymous Symbol]                       0x08000928   Section        0  usart.o(.text.MX_USART1_UART_Init)
    [Anonymous Symbol]                       0x080009a0   Section        0  stm32f4xx_it.o(.text.MemManage_Handler)
    [Anonymous Symbol]                       0x080009a4   Section        0  stm32f4xx_it.o(.text.NMI_Handler)
    NVIC_EncodePriority                      0x080009a9   Thumb Code    36  main.o(.text.NVIC_EncodePriority)
    [Anonymous Symbol]                       0x080009a8   Section        0  main.o(.text.NVIC_EncodePriority)
    [Anonymous Symbol]                       0x080009cc   Section        0  stm32f4xx_it.o(.text.PendSV_Handler)
    [Anonymous Symbol]                       0x080009d0   Section        0  stm32f4xx_ll_rcc.o(.text.RCC_GetHCLKClockFreq)
    [Anonymous Symbol]                       0x080009ec   Section        0  stm32f4xx_ll_rcc.o(.text.RCC_GetPCLK1ClockFreq)
    [Anonymous Symbol]                       0x08000a08   Section        0  stm32f4xx_ll_rcc.o(.text.RCC_GetPCLK2ClockFreq)
    [Anonymous Symbol]                       0x08000a24   Section        0  stm32f4xx_ll_rcc.o(.text.RCC_GetSystemClockFreq)
    [Anonymous Symbol]                       0x08000a4c   Section        0  stm32f4xx_ll_rcc.o(.text.RCC_PLL_GetFreqDomain_SYS)
    [Anonymous Symbol]                       0x08000aa0   Section        0  stm32f4xx_it.o(.text.SVC_Handler)
    [Anonymous Symbol]                       0x08000aa4   Section        0  stm32f4xx_it.o(.text.SysTick_Handler)
    [Anonymous Symbol]                       0x08000aa8   Section        0  main.o(.text.SystemClock_Config)
    [Anonymous Symbol]                       0x08000b10   Section        0  system_stm32f4xx.o(.text.SystemInit)
    [Anonymous Symbol]                       0x08000b24   Section        0  stm32f4xx_it.o(.text.USART1_IRQHandler)
    [Anonymous Symbol]                       0x08000b44   Section        0  stm32f4xx_it.o(.text.UsageFault_Handler)
    __NVIC_EnableIRQ                         0x08000b49   Thumb Code    14  main.o(.text.__NVIC_EnableIRQ)
    [Anonymous Symbol]                       0x08000b48   Section        0  main.o(.text.__NVIC_EnableIRQ)
    __NVIC_GetPriorityGrouping               0x08000b59   Thumb Code    16  main.o(.text.__NVIC_GetPriorityGrouping)
    [Anonymous Symbol]                       0x08000b58   Section        0  main.o(.text.__NVIC_GetPriorityGrouping)
    __NVIC_SetPriority                       0x08000b69   Thumb Code    32  main.o(.text.__NVIC_SetPriority)
    [Anonymous Symbol]                       0x08000b68   Section        0  main.o(.text.__NVIC_SetPriority)
    __NVIC_SetPriorityGrouping               0x08000b89   Thumb Code    30  main.o(.text.__NVIC_SetPriorityGrouping)
    [Anonymous Symbol]                       0x08000b88   Section        0  main.o(.text.__NVIC_SetPriorityGrouping)
    [Anonymous Symbol]                       0x08000ba8   Section        0  usart.o(.text.fputc)
    [Anonymous Symbol]                       0x08000bc0   Section        0  main.o(.text.main)
    i.__scatterload_copy                     0x08000c24   Section       14  handlers.o(i.__scatterload_copy)
    i.__scatterload_null                     0x08000c32   Section        2  handlers.o(i.__scatterload_null)
    i.__scatterload_zeroinit                 0x08000c34   Section       14  handlers.o(i.__scatterload_zeroinit)
    i.puts                                   0x08000c44   Section        0  puts.o(i.puts)
    .data                                    0x20000000   Section        4  stdout.o(.data)
    STACK                                    0x20000008   Section     1024  startup_stm32f429xx.o(STACK)

    Global Symbols

    Symbol Name                              Value     Ov Type        Size  Object(Section)

    BuildAttributes$$THM_ISAv4$E$P$D$K$B$S$7EM$VFPi3$EXTD16$VFPS$VFMA$PE$A:L22UL41UL21$X:L11$S22US41US21$IEEE1$IW$~IW$USESV6$~STKCKD$USESV7$~SHL$OTIME$EBA8$MICROLIB$REQ8$PRES8$EABIv2 0x00000000   Number         0  anon$$obj.o ABSOLUTE
    __cpp_initialize__aeabi_                  - Undefined Weak Reference
    __cxa_finalize                            - Undefined Weak Reference
    __decompress                              - Undefined Weak Reference
    _clock_init                               - Undefined Weak Reference
    _microlib_exit                            - Undefined Weak Reference
    __Vectors_Size                           0x000001ac   Number         0  startup_stm32f429xx.o ABSOLUTE
    __Vectors                                0x08000000   Data           4  startup_stm32f429xx.o(RESET)
    __Vectors_End                            0x080001ac   Data           0  startup_stm32f429xx.o(RESET)
    __main                                   0x080001ad   Thumb Code     0  entry.o(.ARM.Collect$$$$00000000)
    _main_stk                                0x080001ad   Thumb Code     0  entry2.o(.ARM.Collect$$$$00000001)
    _main_scatterload                        0x080001b1   Thumb Code     0  entry5.o(.ARM.Collect$$$$00000004)
    __main_after_scatterload                 0x080001b5   Thumb Code     0  entry5.o(.ARM.Collect$$$$00000004)
    _main_clock                              0x080001b5   Thumb Code     0  entry7b.o(.ARM.Collect$$$$00000008)
    _main_cpp_init                           0x080001b5   Thumb Code     0  entry8b.o(.ARM.Collect$$$$0000000A)
    _main_init                               0x080001b5   Thumb Code     0  entry9a.o(.ARM.Collect$$$$0000000B)
    __rt_final_cpp                           0x080001bd   Thumb Code     0  entry10a.o(.ARM.Collect$$$$0000000D)
    __rt_final_exit                          0x080001bd   Thumb Code     0  entry11a.o(.ARM.Collect$$$$0000000F)
    Reset_Handler                            0x080001c1   Thumb Code     8  startup_stm32f429xx.o(.text)
    ADC_IRQHandler                           0x080001db   Thumb Code     0  startup_stm32f429xx.o(.text)
    CAN1_RX0_IRQHandler                      0x080001db   Thumb Code     0  startup_stm32f429xx.o(.text)
    CAN1_RX1_IRQHandler                      0x080001db   Thumb Code     0  startup_stm32f429xx.o(.text)
    CAN1_SCE_IRQHandler                      0x080001db   Thumb Code     0  startup_stm32f429xx.o(.text)
    CAN1_TX_IRQHandler                       0x080001db   Thumb Code     0  startup_stm32f429xx.o(.text)
    CAN2_RX0_IRQHandler                      0x080001db   Thumb Code     0  startup_stm32f429xx.o(.text)
    CAN2_RX1_IRQHandler                      0x080001db   Thumb Code     0  startup_stm32f429xx.o(.text)
    CAN2_SCE_IRQHandler                      0x080001db   Thumb Code     0  startup_stm32f429xx.o(.text)
    CAN2_TX_IRQHandler                       0x080001db   Thumb Code     0  startup_stm32f429xx.o(.text)
    DCMI_IRQHandler                          0x080001db   Thumb Code     0  startup_stm32f429xx.o(.text)
    DMA1_Stream0_IRQHandler                  0x080001db   Thumb Code     0  startup_stm32f429xx.o(.text)
    DMA1_Stream1_IRQHandler                  0x080001db   Thumb Code     0  startup_stm32f429xx.o(.text)
    DMA1_Stream2_IRQHandler                  0x080001db   Thumb Code     0  startup_stm32f429xx.o(.text)
    DMA1_Stream3_IRQHandler                  0x080001db   Thumb Code     0  startup_stm32f429xx.o(.text)
    DMA1_Stream4_IRQHandler                  0x080001db   Thumb Code     0  startup_stm32f429xx.o(.text)
    DMA1_Stream5_IRQHandler                  0x080001db   Thumb Code     0  startup_stm32f429xx.o(.text)
    DMA1_Stream6_IRQHandler                  0x080001db   Thumb Code     0  startup_stm32f429xx.o(.text)
    DMA1_Stream7_IRQHandler                  0x080001db   Thumb Code     0  startup_stm32f429xx.o(.text)
    DMA2D_IRQHandler                         0x080001db   Thumb Code     0  startup_stm32f429xx.o(.text)
    DMA2_Stream0_IRQHandler                  0x080001db   Thumb Code     0  startup_stm32f429xx.o(.text)
    DMA2_Stream1_IRQHandler                  0x080001db   Thumb Code     0  startup_stm32f429xx.o(.text)
    DMA2_Stream2_IRQHandler                  0x080001db   Thumb Code     0  startup_stm32f429xx.o(.text)
    DMA2_Stream3_IRQHandler                  0x080001db   Thumb Code     0  startup_stm32f429xx.o(.text)
    DMA2_Stream4_IRQHandler                  0x080001db   Thumb Code     0  startup_stm32f429xx.o(.text)
    DMA2_Stream5_IRQHandler                  0x080001db   Thumb Code     0  startup_stm32f429xx.o(.text)
    DMA2_Stream6_IRQHandler                  0x080001db   Thumb Code     0  startup_stm32f429xx.o(.text)
    DMA2_Stream7_IRQHandler                  0x080001db   Thumb Code     0  startup_stm32f429xx.o(.text)
    ETH_IRQHandler                           0x080001db   Thumb Code     0  startup_stm32f429xx.o(.text)
    ETH_WKUP_IRQHandler                      0x080001db   Thumb Code     0  startup_stm32f429xx.o(.text)
    EXTI0_IRQHandler                         0x080001db   Thumb Code     0  startup_stm32f429xx.o(.text)
    EXTI15_10_IRQHandler                     0x080001db   Thumb Code     0  startup_stm32f429xx.o(.text)
    EXTI1_IRQHandler                         0x080001db   Thumb Code     0  startup_stm32f429xx.o(.text)
    EXTI2_IRQHandler                         0x080001db   Thumb Code     0  startup_stm32f429xx.o(.text)
    EXTI3_IRQHandler                         0x080001db   Thumb Code     0  startup_stm32f429xx.o(.text)
    EXTI4_IRQHandler                         0x080001db   Thumb Code     0  startup_stm32f429xx.o(.text)
    EXTI9_5_IRQHandler                       0x080001db   Thumb Code     0  startup_stm32f429xx.o(.text)
    FLASH_IRQHandler                         0x080001db   Thumb Code     0  startup_stm32f429xx.o(.text)
    FMC_IRQHandler                           0x080001db   Thumb Code     0  startup_stm32f429xx.o(.text)
    FPU_IRQHandler                           0x080001db   Thumb Code     0  startup_stm32f429xx.o(.text)
    HASH_RNG_IRQHandler                      0x080001db   Thumb Code     0  startup_stm32f429xx.o(.text)
    I2C1_ER_IRQHandler                       0x080001db   Thumb Code     0  startup_stm32f429xx.o(.text)
    I2C1_EV_IRQHandler                       0x080001db   Thumb Code     0  startup_stm32f429xx.o(.text)
    I2C2_ER_IRQHandler                       0x080001db   Thumb Code     0  startup_stm32f429xx.o(.text)
    I2C2_EV_IRQHandler                       0x080001db   Thumb Code     0  startup_stm32f429xx.o(.text)
    I2C3_ER_IRQHandler                       0x080001db   Thumb Code     0  startup_stm32f429xx.o(.text)
    I2C3_EV_IRQHandler                       0x080001db   Thumb Code     0  startup_stm32f429xx.o(.text)
    LTDC_ER_IRQHandler                       0x080001db   Thumb Code     0  startup_stm32f429xx.o(.text)
    LTDC_IRQHandler                          0x080001db   Thumb Code     0  startup_stm32f429xx.o(.text)
    OTG_FS_IRQHandler                        0x080001db   Thumb Code     0  startup_stm32f429xx.o(.text)
    OTG_FS_WKUP_IRQHandler                   0x080001db   Thumb Code     0  startup_stm32f429xx.o(.text)
    OTG_HS_EP1_IN_IRQHandler                 0x080001db   Thumb Code     0  startup_stm32f429xx.o(.text)
    OTG_HS_EP1_OUT_IRQHandler                0x080001db   Thumb Code     0  startup_stm32f429xx.o(.text)
    OTG_HS_IRQHandler                        0x080001db   Thumb Code     0  startup_stm32f429xx.o(.text)
    OTG_HS_WKUP_IRQHandler                   0x080001db   Thumb Code     0  startup_stm32f429xx.o(.text)
    PVD_IRQHandler                           0x080001db   Thumb Code     0  startup_stm32f429xx.o(.text)
    RCC_IRQHandler                           0x080001db   Thumb Code     0  startup_stm32f429xx.o(.text)
    RTC_Alarm_IRQHandler                     0x080001db   Thumb Code     0  startup_stm32f429xx.o(.text)
    RTC_WKUP_IRQHandler                      0x080001db   Thumb Code     0  startup_stm32f429xx.o(.text)
    SAI1_IRQHandler                          0x080001db   Thumb Code     0  startup_stm32f429xx.o(.text)
    SDIO_IRQHandler                          0x080001db   Thumb Code     0  startup_stm32f429xx.o(.text)
    SPI1_IRQHandler                          0x080001db   Thumb Code     0  startup_stm32f429xx.o(.text)
    SPI2_IRQHandler                          0x080001db   Thumb Code     0  startup_stm32f429xx.o(.text)
    SPI3_IRQHandler                          0x080001db   Thumb Code     0  startup_stm32f429xx.o(.text)
    SPI4_IRQHandler                          0x080001db   Thumb Code     0  startup_stm32f429xx.o(.text)
    SPI5_IRQHandler                          0x080001db   Thumb Code     0  startup_stm32f429xx.o(.text)
    SPI6_IRQHandler                          0x080001db   Thumb Code     0  startup_stm32f429xx.o(.text)
    TAMP_STAMP_IRQHandler                    0x080001db   Thumb Code     0  startup_stm32f429xx.o(.text)
    TIM1_BRK_TIM9_IRQHandler                 0x080001db   Thumb Code     0  startup_stm32f429xx.o(.text)
    TIM1_CC_IRQHandler                       0x080001db   Thumb Code     0  startup_stm32f429xx.o(.text)
    TIM1_TRG_COM_TIM11_IRQHandler            0x080001db   Thumb Code     0  startup_stm32f429xx.o(.text)
    TIM1_UP_TIM10_IRQHandler                 0x080001db   Thumb Code     0  startup_stm32f429xx.o(.text)
    TIM2_IRQHandler                          0x080001db   Thumb Code     0  startup_stm32f429xx.o(.text)
    TIM3_IRQHandler                          0x080001db   Thumb Code     0  startup_stm32f429xx.o(.text)
    TIM4_IRQHandler                          0x080001db   Thumb Code     0  startup_stm32f429xx.o(.text)
    TIM5_IRQHandler                          0x080001db   Thumb Code     0  startup_stm32f429xx.o(.text)
    TIM6_DAC_IRQHandler                      0x080001db   Thumb Code     0  startup_stm32f429xx.o(.text)
    TIM7_IRQHandler                          0x080001db   Thumb Code     0  startup_stm32f429xx.o(.text)
    TIM8_BRK_TIM12_IRQHandler                0x080001db   Thumb Code     0  startup_stm32f429xx.o(.text)
    TIM8_CC_IRQHandler                       0x080001db   Thumb Code     0  startup_stm32f429xx.o(.text)
    TIM8_TRG_COM_TIM14_IRQHandler            0x080001db   Thumb Code     0  startup_stm32f429xx.o(.text)
    TIM8_UP_TIM13_IRQHandler                 0x080001db   Thumb Code     0  startup_stm32f429xx.o(.text)
    UART4_IRQHandler                         0x080001db   Thumb Code     0  startup_stm32f429xx.o(.text)
    UART5_IRQHandler                         0x080001db   Thumb Code     0  startup_stm32f429xx.o(.text)
    UART7_IRQHandler                         0x080001db   Thumb Code     0  startup_stm32f429xx.o(.text)
    UART8_IRQHandler                         0x080001db   Thumb Code     0  startup_stm32f429xx.o(.text)
    USART2_IRQHandler                        0x080001db   Thumb Code     0  startup_stm32f429xx.o(.text)
    USART3_IRQHandler                        0x080001db   Thumb Code     0  startup_stm32f429xx.o(.text)
    USART6_IRQHandler                        0x080001db   Thumb Code     0  startup_stm32f429xx.o(.text)
    WWDG_IRQHandler                          0x080001db   Thumb Code     0  startup_stm32f429xx.o(.text)
    __aeabi_uldivmod                         0x080001e5   Thumb Code    98  uldiv.o(.text)
    __aeabi_llsl                             0x08000247   Thumb Code    30  llshl.o(.text)
    _ll_shift_l                              0x08000247   Thumb Code     0  llshl.o(.text)
    __aeabi_llsr                             0x08000265   Thumb Code    32  llushr.o(.text)
    _ll_ushift_r                             0x08000265   Thumb Code     0  llushr.o(.text)
    __scatterload                            0x08000285   Thumb Code    28  init.o(.text)
    __scatterload_rt2                        0x08000285   Thumb Code     0  init.o(.text)
    BusFault_Handler                         0x080002a9   Thumb Code     2  stm32f4xx_it.o(.text.BusFault_Handler)
    DebugMon_Handler                         0x080002ad   Thumb Code     2  stm32f4xx_it.o(.text.DebugMon_Handler)
    HardFault_Handler                        0x080002b1   Thumb Code     2  stm32f4xx_it.o(.text.HardFault_Handler)
    LL_GPIO_Init                             0x08000375   Thumb Code   136  stm32f4xx_ll_gpio.o(.text.LL_GPIO_Init)
    LL_Init1msTick                           0x080004ad   Thumb Code     8  stm32f4xx_ll_utils.o(.text.LL_Init1msTick)
    LL_RCC_GetSystemClocksFreq               0x08000555   Thumb Code    34  stm32f4xx_ll_rcc.o(.text.LL_RCC_GetSystemClocksFreq)
    LL_SetSystemCoreClock                    0x08000691   Thumb Code    12  stm32f4xx_ll_utils.o(.text.LL_SetSystemCoreClock)
    LL_USART_Init                            0x08000705   Thumb Code   236  stm32f4xx_ll_usart.o(.text.LL_USART_Init)
    MX_GPIO_Init                             0x080008f5   Thumb Code    22  gpio.o(.text.MX_GPIO_Init)
    MX_USART1_UART_Init                      0x08000929   Thumb Code   120  usart.o(.text.MX_USART1_UART_Init)
    MemManage_Handler                        0x080009a1   Thumb Code     2  stm32f4xx_it.o(.text.MemManage_Handler)
    NMI_Handler                              0x080009a5   Thumb Code     2  stm32f4xx_it.o(.text.NMI_Handler)
    PendSV_Handler                           0x080009cd   Thumb Code     2  stm32f4xx_it.o(.text.PendSV_Handler)
    RCC_GetHCLKClockFreq                     0x080009d1   Thumb Code    28  stm32f4xx_ll_rcc.o(.text.RCC_GetHCLKClockFreq)
    RCC_GetPCLK1ClockFreq                    0x080009ed   Thumb Code    26  stm32f4xx_ll_rcc.o(.text.RCC_GetPCLK1ClockFreq)
    RCC_GetPCLK2ClockFreq                    0x08000a09   Thumb Code    26  stm32f4xx_ll_rcc.o(.text.RCC_GetPCLK2ClockFreq)
    RCC_GetSystemClockFreq                   0x08000a25   Thumb Code    40  stm32f4xx_ll_rcc.o(.text.RCC_GetSystemClockFreq)
    RCC_PLL_GetFreqDomain_SYS                0x08000a4d   Thumb Code    82  stm32f4xx_ll_rcc.o(.text.RCC_PLL_GetFreqDomain_SYS)
    SVC_Handler                              0x08000aa1   Thumb Code     2  stm32f4xx_it.o(.text.SVC_Handler)
    SysTick_Handler                          0x08000aa5   Thumb Code     2  stm32f4xx_it.o(.text.SysTick_Handler)
    SystemClock_Config                       0x08000aa9   Thumb Code   102  main.o(.text.SystemClock_Config)
    SystemInit                               0x08000b11   Thumb Code    18  system_stm32f4xx.o(.text.SystemInit)
    USART1_IRQHandler                        0x08000b25   Thumb Code    30  stm32f4xx_it.o(.text.USART1_IRQHandler)
    UsageFault_Handler                       0x08000b45   Thumb Code     2  stm32f4xx_it.o(.text.UsageFault_Handler)
    fputc                                    0x08000ba9   Thumb Code    24  usart.o(.text.fputc)
    main                                     0x08000bc1   Thumb Code    76  main.o(.text.main)
    __scatterload_copy                       0x08000c25   Thumb Code    14  handlers.o(i.__scatterload_copy)
    __scatterload_null                       0x08000c33   Thumb Code     2  handlers.o(i.__scatterload_null)
    __scatterload_zeroinit                   0x08000c35   Thumb Code    14  handlers.o(i.__scatterload_zeroinit)
    puts                                     0x08000c45   Thumb Code    30  puts.o(i.puts)
    AHBPrescTable                            0x08000c68   Data          16  system_stm32f4xx.o(.rodata.AHBPrescTable)
    APBPrescTable                            0x08000c78   Data           8  system_stm32f4xx.o(.rodata.APBPrescTable)
    Region$$Table$$Base                      0x08000c80   Number         0  anon$$obj.o(Region$$Table)
    Region$$Table$$Limit                     0x08000ca0   Number         0  anon$$obj.o(Region$$Table)
    __stdout                                 0x20000000   Data           4  stdout.o(.data)
    SystemCoreClock                          0x20000004   Data           4  system_stm32f4xx.o(.data.SystemCoreClock)
    __initial_sp                             0x20000408   Data           0  startup_stm32f429xx.o(STACK)



==============================================================================

Memory Map of the image

  Image Entry point : 0x080001ad

  Load Region LR_IROM1 (Base: 0x08000000, Size: 0x00000ca8, Max: 0x00100000, ABSOLUTE)

    Execution Region ER_IROM1 (Exec base: 0x08000000, Load base: 0x08000000, Size: 0x00000ca0, Max: 0x00100000, ABSOLUTE)

    Exec Addr    Load Addr    Size         Type   Attr      Idx    E Section Name        Object

    0x08000000   0x08000000   0x000001ac   Data   RO            3    RESET               startup_stm32f429xx.o
    0x080001ac   0x080001ac   0x00000000   Code   RO          464  * .ARM.Collect$$$$00000000  mc_w.l(entry.o)
    0x080001ac   0x080001ac   0x00000004   Code   RO          475    .ARM.Collect$$$$00000001  mc_w.l(entry2.o)
    0x080001b0   0x080001b0   0x00000004   Code   RO          478    .ARM.Collect$$$$00000004  mc_w.l(entry5.o)
    0x080001b4   0x080001b4   0x00000000   Code   RO          480    .ARM.Collect$$$$00000008  mc_w.l(entry7b.o)
    0x080001b4   0x080001b4   0x00000000   Code   RO          482    .ARM.Collect$$$$0000000A  mc_w.l(entry8b.o)
    0x080001b4   0x080001b4   0x00000008   Code   RO          483    .ARM.Collect$$$$0000000B  mc_w.l(entry9a.o)
    0x080001bc   0x080001bc   0x00000000   Code   RO          485    .ARM.Collect$$$$0000000D  mc_w.l(entry10a.o)
    0x080001bc   0x080001bc   0x00000000   Code   RO          487    .ARM.Collect$$$$0000000F  mc_w.l(entry11a.o)
    0x080001bc   0x080001bc   0x00000004   Code   RO          476    .ARM.Collect$$$$00002712  mc_w.l(entry2.o)
    0x080001c0   0x080001c0   0x00000024   Code   RO            4    .text               startup_stm32f429xx.o
    0x080001e4   0x080001e4   0x00000062   Code   RO          471    .text               mc_w.l(uldiv.o)
    0x08000246   0x08000246   0x0000001e   Code   RO          490    .text               mc_w.l(llshl.o)
    0x08000264   0x08000264   0x00000020   Code   RO          492    .text               mc_w.l(llushr.o)
    0x08000284   0x08000284   0x00000024   Code   RO          494    .text               mc_w.l(init.o)
    0x080002a8   0x080002a8   0x00000002   Code   RO          120    .text.BusFault_Handler  stm32f4xx_it.o
    0x080002aa   0x080002aa   0x00000002   PAD
    0x080002ac   0x080002ac   0x00000002   Code   RO          126    .text.DebugMon_Handler  stm32f4xx_it.o
    0x080002ae   0x080002ae   0x00000002   PAD
    0x080002b0   0x080002b0   0x00000002   Code   RO          116    .text.HardFault_Handler  stm32f4xx_it.o
    0x080002b2   0x080002b2   0x00000002   PAD
    0x080002b4   0x080002b4   0x0000001c   Code   RO           80    .text.LL_AHB1_GRP1_EnableClock  gpio.o
    0x080002d0   0x080002d0   0x00000020   Code   RO           94    .text.LL_AHB1_GRP1_EnableClock  usart.o
    0x080002f0   0x080002f0   0x00000020   Code   RO           15    .text.LL_APB1_GRP1_EnableClock  main.o
    0x08000310   0x08000310   0x00000020   Code   RO           13    .text.LL_APB2_GRP1_EnableClock  main.o
    0x08000330   0x08000330   0x00000020   Code   RO           92    .text.LL_APB2_GRP1_EnableClock  usart.o
    0x08000350   0x08000350   0x00000010   Code   RO           35    .text.LL_FLASH_GetLatency  main.o
    0x08000360   0x08000360   0x00000014   Code   RO           33    .text.LL_FLASH_SetLatency  main.o
    0x08000374   0x08000374   0x00000088   Code   RO          155    .text.LL_GPIO_Init  stm32f4xx_ll_gpio.o
    0x080003fc   0x080003fc   0x00000020   Code   RO          163    .text.LL_GPIO_SetAFPin_0_7  stm32f4xx_ll_gpio.o
    0x0800041c   0x0800041c   0x00000022   Code   RO          165    .text.LL_GPIO_SetAFPin_8_15  stm32f4xx_ll_gpio.o
    0x0800043e   0x0800043e   0x00000002   PAD
    0x08000440   0x08000440   0x00000020   Code   RO          167    .text.LL_GPIO_SetPinMode  stm32f4xx_ll_gpio.o
    0x08000460   0x08000460   0x0000000c   Code   RO          159    .text.LL_GPIO_SetPinOutputType  stm32f4xx_ll_gpio.o
    0x0800046c   0x0800046c   0x00000020   Code   RO          161    .text.LL_GPIO_SetPinPull  stm32f4xx_ll_gpio.o
    0x0800048c   0x0800048c   0x00000020   Code   RO          157    .text.LL_GPIO_SetPinSpeed  stm32f4xx_ll_gpio.o
    0x080004ac   0x080004ac   0x00000008   Code   RO          354    .text.LL_Init1msTick  stm32f4xx_ll_utils.o
    0x080004b4   0x080004b4   0x00000028   Code   RO          356    .text.LL_InitTick   stm32f4xx_ll_utils.o
    0x080004dc   0x080004dc   0x00000012   Code   RO           39    .text.LL_PWR_DisableOverDriveMode  main.o
    0x080004ee   0x080004ee   0x00000002   PAD
    0x080004f0   0x080004f0   0x00000014   Code   RO           37    .text.LL_PWR_SetRegulVoltageScaling  main.o
    0x08000504   0x08000504   0x00000010   Code   RO          306    .text.LL_RCC_GetAHBPrescaler  stm32f4xx_ll_rcc.o
    0x08000514   0x08000514   0x00000010   Code   RO          308    .text.LL_RCC_GetAPB1Prescaler  stm32f4xx_ll_rcc.o
    0x08000524   0x08000524   0x00000010   Code   RO          310    .text.LL_RCC_GetAPB2Prescaler  stm32f4xx_ll_rcc.o
    0x08000534   0x08000534   0x00000010   Code   RO           59    .text.LL_RCC_GetSysClkSource  main.o
    0x08000544   0x08000544   0x00000010   Code   RO          302    .text.LL_RCC_GetSysClkSource  stm32f4xx_ll_rcc.o
    0x08000554   0x08000554   0x00000022   Code   RO          262    .text.LL_RCC_GetSystemClocksFreq  stm32f4xx_ll_rcc.o
    0x08000576   0x08000576   0x00000002   PAD
    0x08000578   0x08000578   0x00000012   Code   RO           41    .text.LL_RCC_HSE_Enable  main.o
    0x0800058a   0x0800058a   0x00000002   PAD
    0x0800058c   0x0800058c   0x00000010   Code   RO           43    .text.LL_RCC_HSE_IsReady  main.o
    0x0800059c   0x0800059c   0x0000002a   Code   RO           45    .text.LL_RCC_PLL_ConfigDomain_SYS  main.o
    0x080005c6   0x080005c6   0x00000002   PAD
    0x080005c8   0x080005c8   0x00000012   Code   RO           47    .text.LL_RCC_PLL_Enable  main.o
    0x080005da   0x080005da   0x00000002   PAD
    0x080005dc   0x080005dc   0x00000010   Code   RO          314    .text.LL_RCC_PLL_GetDivider  stm32f4xx_ll_rcc.o
    0x080005ec   0x080005ec   0x00000010   Code   RO          312    .text.LL_RCC_PLL_GetMainSource  stm32f4xx_ll_rcc.o
    0x080005fc   0x080005fc   0x00000010   Code   RO          316    .text.LL_RCC_PLL_GetN  stm32f4xx_ll_rcc.o
    0x0800060c   0x0800060c   0x00000010   Code   RO          318    .text.LL_RCC_PLL_GetP  stm32f4xx_ll_rcc.o
    0x0800061c   0x0800061c   0x00000010   Code   RO           49    .text.LL_RCC_PLL_IsReady  main.o
    0x0800062c   0x0800062c   0x00000012   Code   RO           51    .text.LL_RCC_SetAHBPrescaler  main.o
    0x0800063e   0x0800063e   0x00000002   PAD
    0x08000640   0x08000640   0x00000014   Code   RO           53    .text.LL_RCC_SetAPB1Prescaler  main.o
    0x08000654   0x08000654   0x00000014   Code   RO           55    .text.LL_RCC_SetAPB2Prescaler  main.o
    0x08000668   0x08000668   0x00000014   Code   RO           57    .text.LL_RCC_SetSysClkSource  main.o
    0x0800067c   0x0800067c   0x00000012   Code   RO           61    .text.LL_RCC_SetTIMPrescaler  main.o
    0x0800068e   0x0800068e   0x00000002   PAD
    0x08000690   0x08000690   0x0000000c   Code   RO          360    .text.LL_SetSystemCoreClock  stm32f4xx_ll_utils.o
    0x0800069c   0x0800069c   0x0000001a   Code   RO           96    .text.LL_USART_ConfigAsyncMode  usart.o
    0x080006b6   0x080006b6   0x00000002   PAD
    0x080006b8   0x080006b8   0x00000012   Code   RO           98    .text.LL_USART_Enable  usart.o
    0x080006ca   0x080006ca   0x00000002   PAD
    0x080006cc   0x080006cc   0x0000001a   Code   RO           31    .text.LL_USART_EnableIT_IDLE  main.o
    0x080006e6   0x080006e6   0x00000002   PAD
    0x080006e8   0x080006e8   0x0000001a   Code   RO           29    .text.LL_USART_EnableIT_RXNE  main.o
    0x08000702   0x08000702   0x00000002   PAD
    0x08000704   0x08000704   0x000000ec   Code   RO          189    .text.LL_USART_Init  stm32f4xx_ll_usart.o
    0x080007f0   0x080007f0   0x00000010   Code   RO          134    .text.LL_USART_IsActiveFlag_RXNE  stm32f4xx_it.o
    0x08000800   0x08000800   0x00000010   Code   RO          104    .text.LL_USART_IsActiveFlag_TXE  usart.o
    0x08000810   0x08000810   0x00000010   Code   RO          140    .text.LL_USART_IsActiveFlag_TXE  stm32f4xx_it.o
    0x08000820   0x08000820   0x00000008   Code   RO          191    .text.LL_USART_IsEnabled  stm32f4xx_ll_usart.o
    0x08000828   0x08000828   0x0000000e   Code   RO          136    .text.LL_USART_ReceiveData8  stm32f4xx_it.o
    0x08000836   0x08000836   0x00000002   PAD
    0x08000838   0x08000838   0x0000008c   Code   RO          197    .text.LL_USART_SetBaudRate  stm32f4xx_ll_usart.o
    0x080008c4   0x080008c4   0x0000000c   Code   RO          195    .text.LL_USART_SetHWFlowCtrl  stm32f4xx_ll_usart.o
    0x080008d0   0x080008d0   0x0000000c   Code   RO          193    .text.LL_USART_SetStopBitsLength  stm32f4xx_ll_usart.o
    0x080008dc   0x080008dc   0x0000000c   Code   RO          102    .text.LL_USART_TransmitData8  usart.o
    0x080008e8   0x080008e8   0x0000000c   Code   RO          138    .text.LL_USART_TransmitData8  stm32f4xx_it.o
    0x080008f4   0x080008f4   0x00000016   Code   RO           78    .text.MX_GPIO_Init  gpio.o
    0x0800090a   0x0800090a   0x00000002   PAD
    0x0800090c   0x0800090c   0x0000001a   Code   RO           27    .text.MX_NVIC_Init  main.o
    0x08000926   0x08000926   0x00000002   PAD
    0x08000928   0x08000928   0x00000078   Code   RO           90    .text.MX_USART1_UART_Init  usart.o
    0x080009a0   0x080009a0   0x00000002   Code   RO          118    .text.MemManage_Handler  stm32f4xx_it.o
    0x080009a2   0x080009a2   0x00000002   PAD
    0x080009a4   0x080009a4   0x00000002   Code   RO          114    .text.NMI_Handler   stm32f4xx_it.o
    0x080009a6   0x080009a6   0x00000002   PAD
    0x080009a8   0x080009a8   0x00000024   Code   RO           21    .text.NVIC_EncodePriority  main.o
    0x080009cc   0x080009cc   0x00000002   Code   RO          128    .text.PendSV_Handler  stm32f4xx_it.o
    0x080009ce   0x080009ce   0x00000002   PAD
    0x080009d0   0x080009d0   0x0000001c   Code   RO          266    .text.RCC_GetHCLKClockFreq  stm32f4xx_ll_rcc.o
    0x080009ec   0x080009ec   0x0000001a   Code   RO          268    .text.RCC_GetPCLK1ClockFreq  stm32f4xx_ll_rcc.o
    0x08000a06   0x08000a06   0x00000002   PAD
    0x08000a08   0x08000a08   0x0000001a   Code   RO          270    .text.RCC_GetPCLK2ClockFreq  stm32f4xx_ll_rcc.o
    0x08000a22   0x08000a22   0x00000002   PAD
    0x08000a24   0x08000a24   0x00000028   Code   RO          264    .text.RCC_GetSystemClockFreq  stm32f4xx_ll_rcc.o
    0x08000a4c   0x08000a4c   0x00000052   Code   RO          304    .text.RCC_PLL_GetFreqDomain_SYS  stm32f4xx_ll_rcc.o
    0x08000a9e   0x08000a9e   0x00000002   PAD
    0x08000aa0   0x08000aa0   0x00000002   Code   RO          124    .text.SVC_Handler   stm32f4xx_it.o
    0x08000aa2   0x08000aa2   0x00000002   PAD
    0x08000aa4   0x08000aa4   0x00000002   Code   RO          130    .text.SysTick_Handler  stm32f4xx_it.o
    0x08000aa6   0x08000aa6   0x00000002   PAD
    0x08000aa8   0x08000aa8   0x00000066   Code   RO           25    .text.SystemClock_Config  main.o
    0x08000b0e   0x08000b0e   0x00000002   PAD
    0x08000b10   0x08000b10   0x00000012   Code   RO          450    .text.SystemInit    system_stm32f4xx.o
    0x08000b22   0x08000b22   0x00000002   PAD
    0x08000b24   0x08000b24   0x0000001e   Code   RO          132    .text.USART1_IRQHandler  stm32f4xx_it.o
    0x08000b42   0x08000b42   0x00000002   PAD
    0x08000b44   0x08000b44   0x00000002   Code   RO          122    .text.UsageFault_Handler  stm32f4xx_it.o
    0x08000b46   0x08000b46   0x00000002   PAD
    0x08000b48   0x08000b48   0x0000000e   Code   RO           65    .text.__NVIC_EnableIRQ  main.o
    0x08000b56   0x08000b56   0x00000002   PAD
    0x08000b58   0x08000b58   0x00000010   Code   RO           23    .text.__NVIC_GetPriorityGrouping  main.o
    0x08000b68   0x08000b68   0x00000020   Code   RO           19    .text.__NVIC_SetPriority  main.o
    0x08000b88   0x08000b88   0x0000001e   Code   RO           17    .text.__NVIC_SetPriorityGrouping  main.o
    0x08000ba6   0x08000ba6   0x00000002   PAD
    0x08000ba8   0x08000ba8   0x00000018   Code   RO          100    .text.fputc         usart.o
    0x08000bc0   0x08000bc0   0x00000064   Code   RO           11    .text.main          main.o
    0x08000c24   0x08000c24   0x0000000e   Code   RO          498    i.__scatterload_copy  mc_w.l(handlers.o)
    0x08000c32   0x08000c32   0x00000002   Code   RO          499    i.__scatterload_null  mc_w.l(handlers.o)
    0x08000c34   0x08000c34   0x0000000e   Code   RO          500    i.__scatterload_zeroinit  mc_w.l(handlers.o)
    0x08000c42   0x08000c42   0x00000002   PAD
    0x08000c44   0x08000c44   0x00000024   Code   RO          467    i.puts              mc_w.l(puts.o)
    0x08000c68   0x08000c68   0x00000010   Data   RO          455    .rodata.AHBPrescTable  system_stm32f4xx.o
    0x08000c78   0x08000c78   0x00000008   Data   RO          456    .rodata.APBPrescTable  system_stm32f4xx.o
    0x08000c80   0x08000c80   0x00000020   Data   RO          497    Region$$Table       anon$$obj.o


    Execution Region RW_IRAM2 (Exec base: 0x10000000, Load base: 0x08000ca8, Size: 0x00000000, Max: 0x00010000, ABSOLUTE)

    **** No section assigned to this execution region ****


    Execution Region RW_IRAM1 (Exec base: 0x20000000, Load base: 0x08000ca0, Size: 0x00000408, Max: 0x00030000, ABSOLUTE)

    Exec Addr    Load Addr    Size         Type   Attr      Idx    E Section Name        Object

    0x20000000   0x08000ca0   0x00000004   Data   RW          489    .data               mc_w.l(stdout.o)
    0x20000004   0x08000ca4   0x00000004   Data   RW          454    .data.SystemCoreClock  system_stm32f4xx.o
    0x20000008        -       0x00000400   Zero   RW            1    STACK               startup_stm32f429xx.o


==============================================================================

Image component sizes


      Code (inc. data)   RO Data    RW Data    ZI Data      Debug   Object Name

        50          0          0          0          0       1686   gpio.o
       768         24          0          0          0       8988   main.o
        36          8        428          0       1024        804   startup_stm32f429xx.o
       106          0          0          0          0       2217   stm32f4xx_it.o
       310          0          0          0          0       4278   stm32f4xx_ll_gpio.o
       364          0          0          0          0       9447   stm32f4xx_ll_rcc.o
       408          0          0          0          0       5967   stm32f4xx_ll_usart.o
        60          0          0          0          0       7863   stm32f4xx_ll_utils.o
        18          0         24          4          0       2653   system_stm32f4xx.o
       280          0          0          0          0       3804   usart.o

    ----------------------------------------------------------------------
      2464         32        484          4       1024      47707   Object Totals
         0          0         32          0          0          0   (incl. Generated)
        64          0          0          0          0          0   (incl. Padding)

    ----------------------------------------------------------------------

      Code (inc. data)   RO Data    RW Data    ZI Data      Debug   Library Member Name

         0          0          0          0          0          0   entry.o
         0          0          0          0          0          0   entry10a.o
         0          0          0          0          0          0   entry11a.o
         8          4          0          0          0          0   entry2.o
         4          0          0          0          0          0   entry5.o
         0          0          0          0          0          0   entry7b.o
         0          0          0          0          0          0   entry8b.o
         8          4          0          0          0          0   entry9a.o
        30          0          0          0          0          0   handlers.o
        36          8          0          0          0         68   init.o
        30          0          0          0          0         68   llshl.o
        32          0          0          0          0         68   llushr.o
        36          6          0          0          0         80   puts.o
         0          0          0          4          0          0   stdout.o
        98          0          0          0          0         92   uldiv.o

    ----------------------------------------------------------------------
       284         22          0          4          0        376   Library Totals
         2          0          0          0          0          0   (incl. Padding)

    ----------------------------------------------------------------------

      Code (inc. data)   RO Data    RW Data    ZI Data      Debug   Library Name

       282         22          0          4          0        376   mc_w.l

    ----------------------------------------------------------------------
       284         22          0          4          0        376   Library Totals

    ----------------------------------------------------------------------

==============================================================================


      Code (inc. data)   RO Data    RW Data    ZI Data      Debug   

      2748         54        484          8       1024      48023   Grand Totals
      2748         54        484          8       1024      48023   ELF Image Totals
      2748         54        484          8          0          0   ROM Totals

==============================================================================

    Total RO  Size (Code + RO Data)                 3232 (   3.16kB)
    Total RW  Size (RW Data + ZI Data)              1032 (   1.01kB)
    Total ROM Size (Code + RO Data + RW Data)       3240 (   3.16kB)

==============================================================================

